  Geri y├╝klenecek projeler belirleniyor...
C:\Users\lunap\OneDrive\Masa├╝st├╝\MyProjects\QuickStart1\QuickStartProject.WebUILayer\QuickStartProject.WebUILayer.csproj : warning NU1603: QuickStartProject.WebUILayer, Microsoft.VisualStudio.Web.CodeGeneration.Design (>= 9.0.2) ├Â─şesine ba─şl─▒ ancak Microsoft.VisualStudio.Web.CodeGeneration.Design 9.0.2 bulunamad─▒. Bunun yerine Microsoft.VisualStudio.Web.CodeGeneration.Design 9.0.11 ├ğ├Âz├╝mlendi. [C:\Users\lunap\OneDrive\Masa├╝st├╝\MyProjects\QuickStart1\QuickStart1.sln]
  Geri y├╝kleme i├ğin t├╝m projeler g├╝ncel.
C:\Users\lunap\OneDrive\Masa├╝st├╝\MyProjects\QuickStart1\QuickStartProject.WebUILayer\QuickStartProject.WebUILayer.csproj : warning NU1603: QuickStartProject.WebUILayer, Microsoft.VisualStudio.Web.CodeGeneration.Design (>= 9.0.2) ├Â─şesine ba─şl─▒ ancak Microsoft.VisualStudio.Web.CodeGeneration.Design 9.0.2 bulunamad─▒. Bunun yerine Microsoft.VisualStudio.Web.CodeGeneration.Design 9.0.11 ├ğ├Âz├╝mlendi.
C:\Users\lunap\OneDrive\Masa├╝st├╝\MyProjects\QuickStart1\QuickStart.WebApiLayer\DTOs\AboutDTOs\CreateAboutDto.cs(5,23): warning CS8618: Null atanamaz ├Âzellik 'Title', olu┼şturucudan ├ğ─▒k─▒┼ş yaparken null olmayan bir de─şer i├ğermelidir. 'Gerekli' de─şi┼ştiricisini ekleyin veya ├Âzellik de─şerini null atanabilir olarak bildirmeyi g├Âz ├Ân├╝nde bulundurun. [C:\Users\lunap\OneDrive\Masa├╝st├╝\MyProjects\QuickStart1\QuickStart.WebApiLayer\QuickStart.WebApiLayer.csproj]
C:\Users\lunap\OneDrive\Masa├╝st├╝\MyProjects\QuickStart1\QuickStart.WebApiLayer\DTOs\AboutDTOs\CreateAboutDto.cs(6,23): warning CS8618: Null atanamaz ├Âzellik 'Description', olu┼şturucudan ├ğ─▒k─▒┼ş yaparken null olmayan bir de─şer i├ğermelidir. 'Gerekli' de─şi┼ştiricisini ekleyin veya ├Âzellik de─şerini null atanabilir olarak bildirmeyi g├Âz ├Ân├╝nde bulundurun. [C:\Users\lunap\OneDrive\Masa├╝st├╝\MyProjects\QuickStart1\QuickStart.WebApiLayer\QuickStart.WebApiLayer.csproj]
C:\Users\lunap\OneDrive\Masa├╝st├╝\MyProjects\QuickStart1\QuickStart.WebApiLayer\DTOs\AboutDTOs\CreateAboutDto.cs(7,29): warning CS8618: Null atanamaz ├Âzellik 'Images', olu┼şturucudan ├ğ─▒k─▒┼ş yaparken null olmayan bir de─şer i├ğermelidir. 'Gerekli' de─şi┼ştiricisini ekleyin veya ├Âzellik de─şerini null atanabilir olarak bildirmeyi g├Âz ├Ân├╝nde bulundurun. [C:\Users\lunap\OneDrive\Masa├╝st├╝\MyProjects\QuickStart1\QuickStart.WebApiLayer\QuickStart.WebApiLayer.csproj]
C:\Users\lunap\OneDrive\Masa├╝st├╝\MyProjects\QuickStart1\QuickStart.WebApiLayer\DTOs\AboutDTOs\UpdateAboutDto.cs(6,23): warning CS8618: Null atanamaz ├Âzellik 'Title', olu┼şturucudan ├ğ─▒k─▒┼ş yaparken null olmayan bir de─şer i├ğermelidir. 'Gerekli' de─şi┼ştiricisini ekleyin veya ├Âzellik de─şerini null atanabilir olarak bildirmeyi g├Âz ├Ân├╝nde bulundurun. [C:\Users\lunap\OneDrive\Masa├╝st├╝\MyProjects\QuickStart1\QuickStart.WebApiLayer\QuickStart.WebApiLayer.csproj]
C:\Users\lunap\OneDrive\Masa├╝st├╝\MyProjects\QuickStart1\QuickStart.WebApiLayer\DTOs\AboutDTOs\UpdateAboutDto.cs(7,23): warning CS8618: Null atanamaz ├Âzellik 'Description', olu┼şturucudan ├ğ─▒k─▒┼ş yaparken null olmayan bir de─şer i├ğermelidir. 'Gerekli' de─şi┼ştiricisini ekleyin veya ├Âzellik de─şerini null atanabilir olarak bildirmeyi g├Âz ├Ân├╝nde bulundurun. [C:\Users\lunap\OneDrive\Masa├╝st├╝\MyProjects\QuickStart1\QuickStart.WebApiLayer\QuickStart.WebApiLayer.csproj]
C:\Users\lunap\OneDrive\Masa├╝st├╝\MyProjects\QuickStart1\QuickStart.WebApiLayer\DTOs\AboutDTOs\UpdateAboutDto.cs(8,29): warning CS8618: Null atanamaz ├Âzellik 'Images', olu┼şturucudan ├ğ─▒k─▒┼ş yaparken null olmayan bir de─şer i├ğermelidir. 'Gerekli' de─şi┼ştiricisini ekleyin veya ├Âzellik de─şerini null atanabilir olarak bildirmeyi g├Âz ├Ân├╝nde bulundurun. [C:\Users\lunap\OneDrive\Masa├╝st├╝\MyProjects\QuickStart1\QuickStart.WebApiLayer\QuickStart.WebApiLayer.csproj]
C:\Users\lunap\OneDrive\Masa├╝st├╝\MyProjects\QuickStart1\QuickStart.WebApiLayer\DTOs\TestimonialDTOs\UpdateTestimonialDto.cs(6,23): warning CS8618: Null atanamaz ├Âzellik 'Name', olu┼şturucudan ├ğ─▒k─▒┼ş yaparken null olmayan bir de─şer i├ğermelidir. 'Gerekli' de─şi┼ştiricisini ekleyin veya ├Âzellik de─şerini null atanabilir olarak bildirmeyi g├Âz ├Ân├╝nde bulundurun. [C:\Users\lunap\OneDrive\Masa├╝st├╝\MyProjects\QuickStart1\QuickStart.WebApiLayer\QuickStart.WebApiLayer.csproj]
C:\Users\lunap\OneDrive\Masa├╝st├╝\MyProjects\QuickStart1\QuickStart.WebApiLayer\DTOs\TestimonialDTOs\UpdateTestimonialDto.cs(7,23): warning CS8618: Null atanamaz ├Âzellik 'Role', olu┼şturucudan ├ğ─▒k─▒┼ş yaparken null olmayan bir de─şer i├ğermelidir. 'Gerekli' de─şi┼ştiricisini ekleyin veya ├Âzellik de─şerini null atanabilir olarak bildirmeyi g├Âz ├Ân├╝nde bulundurun. [C:\Users\lunap\OneDrive\Masa├╝st├╝\MyProjects\QuickStart1\QuickStart.WebApiLayer\QuickStart.WebApiLayer.csproj]
C:\Users\lunap\OneDrive\Masa├╝st├╝\MyProjects\QuickStart1\QuickStart.WebApiLayer\DTOs\TestimonialDTOs\UpdateTestimonialDto.cs(8,23): warning CS8618: Null atanamaz ├Âzellik 'ImageUrl', olu┼şturucudan ├ğ─▒k─▒┼ş yaparken null olmayan bir de─şer i├ğermelidir. 'Gerekli' de─şi┼ştiricisini ekleyin veya ├Âzellik de─şerini null atanabilir olarak bildirmeyi g├Âz ├Ân├╝nde bulundurun. [C:\Users\lunap\OneDrive\Masa├╝st├╝\MyProjects\QuickStart1\QuickStart.WebApiLayer\QuickStart.WebApiLayer.csproj]
C:\Users\lunap\OneDrive\Masa├╝st├╝\MyProjects\QuickStart1\QuickStart.WebApiLayer\DTOs\TestimonialDTOs\UpdateTestimonialDto.cs(9,23): warning CS8618: Null atanamaz ├Âzellik 'Content', olu┼şturucudan ├ğ─▒k─▒┼ş yaparken null olmayan bir de─şer i├ğermelidir. 'Gerekli' de─şi┼ştiricisini ekleyin veya ├Âzellik de─şerini null atanabilir olarak bildirmeyi g├Âz ├Ân├╝nde bulundurun. [C:\Users\lunap\OneDrive\Masa├╝st├╝\MyProjects\QuickStart1\QuickStart.WebApiLayer\QuickStart.WebApiLayer.csproj]
C:\Users\lunap\OneDrive\Masa├╝st├╝\MyProjects\QuickStart1\QuickStart.WebApiLayer\Entities\Testimonial.cs(6,23): warning CS8618: Null atanamaz ├Âzellik 'Name', olu┼şturucudan ├ğ─▒k─▒┼ş yaparken null olmayan bir de─şer i├ğermelidir. 'Gerekli' de─şi┼ştiricisini ekleyin veya ├Âzellik de─şerini null atanabilir olarak bildirmeyi g├Âz ├Ân├╝nde bulundurun. [C:\Users\lunap\OneDrive\Masa├╝st├╝\MyProjects\QuickStart1\QuickStart.WebApiLayer\QuickStart.WebApiLayer.csproj]
C:\Users\lunap\OneDrive\Masa├╝st├╝\MyProjects\QuickStart1\QuickStart.WebApiLayer\Entities\Testimonial.cs(7,23): warning CS8618: Null atanamaz ├Âzellik 'Role', olu┼şturucudan ├ğ─▒k─▒┼ş yaparken null olmayan bir de─şer i├ğermelidir. 'Gerekli' de─şi┼ştiricisini ekleyin veya ├Âzellik de─şerini null atanabilir olarak bildirmeyi g├Âz ├Ân├╝nde bulundurun. [C:\Users\lunap\OneDrive\Masa├╝st├╝\MyProjects\QuickStart1\QuickStart.WebApiLayer\QuickStart.WebApiLayer.csproj]
C:\Users\lunap\OneDrive\Masa├╝st├╝\MyProjects\QuickStart1\QuickStart.WebApiLayer\Entities\Testimonial.cs(8,23): warning CS8618: Null atanamaz ├Âzellik 'ImageUrl', olu┼şturucudan ├ğ─▒k─▒┼ş yaparken null olmayan bir de─şer i├ğermelidir. 'Gerekli' de─şi┼ştiricisini ekleyin veya ├Âzellik de─şerini null atanabilir olarak bildirmeyi g├Âz ├Ân├╝nde bulundurun. [C:\Users\lunap\OneDrive\Masa├╝st├╝\MyProjects\QuickStart1\QuickStart.WebApiLayer\QuickStart.WebApiLayer.csproj]
C:\Users\lunap\OneDrive\Masa├╝st├╝\MyProjects\QuickStart1\QuickStart.WebApiLayer\Entities\Testimonial.cs(9,23): warning CS8618: Null atanamaz ├Âzellik 'Content', olu┼şturucudan ├ğ─▒k─▒┼ş yaparken null olmayan bir de─şer i├ğermelidir. 'Gerekli' de─şi┼ştiricisini ekleyin veya ├Âzellik de─şerini null atanabilir olarak bildirmeyi g├Âz ├Ân├╝nde bulundurun. [C:\Users\lunap\OneDrive\Masa├╝st├╝\MyProjects\QuickStart1\QuickStart.WebApiLayer\QuickStart.WebApiLayer.csproj]
C:\Users\lunap\OneDrive\Masa├╝st├╝\MyProjects\QuickStart1\QuickStart.WebApiLayer\DTOs\TestimonialDTOs\ResultTestimonialDto.cs(6,23): warning CS8618: Null atanamaz ├Âzellik 'Name', olu┼şturucudan ├ğ─▒k─▒┼ş yaparken null olmayan bir de─şer i├ğermelidir. 'Gerekli' de─şi┼ştiricisini ekleyin veya ├Âzellik de─şerini null atanabilir olarak bildirmeyi g├Âz ├Ân├╝nde bulundurun. [C:\Users\lunap\OneDrive\Masa├╝st├╝\MyProjects\QuickStart1\QuickStart.WebApiLayer\QuickStart.WebApiLayer.csproj]
C:\Users\lunap\OneDrive\Masa├╝st├╝\MyProjects\QuickStart1\QuickStart.WebApiLayer\DTOs\TestimonialDTOs\ResultTestimonialDto.cs(7,23): warning CS8618: Null atanamaz ├Âzellik 'Role', olu┼şturucudan ├ğ─▒k─▒┼ş yaparken null olmayan bir de─şer i├ğermelidir. 'Gerekli' de─şi┼ştiricisini ekleyin veya ├Âzellik de─şerini null atanabilir olarak bildirmeyi g├Âz ├Ân├╝nde bulundurun. [C:\Users\lunap\OneDrive\Masa├╝st├╝\MyProjects\QuickStart1\QuickStart.WebApiLayer\QuickStart.WebApiLayer.csproj]
C:\Users\lunap\OneDrive\Masa├╝st├╝\MyProjects\QuickStart1\QuickStart.WebApiLayer\DTOs\TestimonialDTOs\ResultTestimonialDto.cs(8,23): warning CS8618: Null atanamaz ├Âzellik 'ImageUrl', olu┼şturucudan ├ğ─▒k─▒┼ş yaparken null olmayan bir de─şer i├ğermelidir. 'Gerekli' de─şi┼ştiricisini ekleyin veya ├Âzellik de─şerini null atanabilir olarak bildirmeyi g├Âz ├Ân├╝nde bulundurun. [C:\Users\lunap\OneDrive\Masa├╝st├╝\MyProjects\QuickStart1\QuickStart.WebApiLayer\QuickStart.WebApiLayer.csproj]
C:\Users\lunap\OneDrive\Masa├╝st├╝\MyProjects\QuickStart1\QuickStart.WebApiLayer\DTOs\TestimonialDTOs\ResultTestimonialDto.cs(9,23): warning CS8618: Null atanamaz ├Âzellik 'Content', olu┼şturucudan ├ğ─▒k─▒┼ş yaparken null olmayan bir de─şer i├ğermelidir. 'Gerekli' de─şi┼ştiricisini ekleyin veya ├Âzellik de─şerini null atanabilir olarak bildirmeyi g├Âz ├Ân├╝nde bulundurun. [C:\Users\lunap\OneDrive\Masa├╝st├╝\MyProjects\QuickStart1\QuickStart.WebApiLayer\QuickStart.WebApiLayer.csproj]
C:\Users\lunap\OneDrive\Masa├╝st├╝\MyProjects\QuickStart1\QuickStart.WebApiLayer\Entities\Service.cs(6,23): warning CS8618: Null atanamaz ├Âzellik 'Icon', olu┼şturucudan ├ğ─▒k─▒┼ş yaparken null olmayan bir de─şer i├ğermelidir. 'Gerekli' de─şi┼ştiricisini ekleyin veya ├Âzellik de─şerini null atanabilir olarak bildirmeyi g├Âz ├Ân├╝nde bulundurun. [C:\Users\lunap\OneDrive\Masa├╝st├╝\MyProjects\QuickStart1\QuickStart.WebApiLayer\QuickStart.WebApiLayer.csproj]
C:\Users\lunap\OneDrive\Masa├╝st├╝\MyProjects\QuickStart1\QuickStart.WebApiLayer\Entities\Service.cs(7,23): warning CS8618: Null atanamaz ├Âzellik 'Title', olu┼şturucudan ├ğ─▒k─▒┼ş yaparken null olmayan bir de─şer i├ğermelidir. 'Gerekli' de─şi┼ştiricisini ekleyin veya ├Âzellik de─şerini null atanabilir olarak bildirmeyi g├Âz ├Ân├╝nde bulundurun. [C:\Users\lunap\OneDrive\Masa├╝st├╝\MyProjects\QuickStart1\QuickStart.WebApiLayer\QuickStart.WebApiLayer.csproj]
C:\Users\lunap\OneDrive\Masa├╝st├╝\MyProjects\QuickStart1\QuickStart.WebApiLayer\Entities\Service.cs(8,23): warning CS8618: Null atanamaz ├Âzellik 'Description', olu┼şturucudan ├ğ─▒k─▒┼ş yaparken null olmayan bir de─şer i├ğermelidir. 'Gerekli' de─şi┼ştiricisini ekleyin veya ├Âzellik de─şerini null atanabilir olarak bildirmeyi g├Âz ├Ân├╝nde bulundurun. [C:\Users\lunap\OneDrive\Masa├╝st├╝\MyProjects\QuickStart1\QuickStart.WebApiLayer\QuickStart.WebApiLayer.csproj]
C:\Users\lunap\OneDrive\Masa├╝st├╝\MyProjects\QuickStart1\QuickStart.WebApiLayer\DTOs\AboutDTOs\ResultAboutDto.cs(6,23): warning CS8618: Null atanamaz ├Âzellik 'Title', olu┼şturucudan ├ğ─▒k─▒┼ş yaparken null olmayan bir de─şer i├ğermelidir. 'Gerekli' de─şi┼ştiricisini ekleyin veya ├Âzellik de─şerini null atanabilir olarak bildirmeyi g├Âz ├Ân├╝nde bulundurun. [C:\Users\lunap\OneDrive\Masa├╝st├╝\MyProjects\QuickStart1\QuickStart.WebApiLayer\QuickStart.WebApiLayer.csproj]
C:\Users\lunap\OneDrive\Masa├╝st├╝\MyProjects\QuickStart1\QuickStart.WebApiLayer\DTOs\AboutDTOs\ResultAboutDto.cs(7,23): warning CS8618: Null atanamaz ├Âzellik 'Description', olu┼şturucudan ├ğ─▒k─▒┼ş yaparken null olmayan bir de─şer i├ğermelidir. 'Gerekli' de─şi┼ştiricisini ekleyin veya ├Âzellik de─şerini null atanabilir olarak bildirmeyi g├Âz ├Ân├╝nde bulundurun. [C:\Users\lunap\OneDrive\Masa├╝st├╝\MyProjects\QuickStart1\QuickStart.WebApiLayer\QuickStart.WebApiLayer.csproj]
C:\Users\lunap\OneDrive\Masa├╝st├╝\MyProjects\QuickStart1\QuickStart.WebApiLayer\DTOs\AboutDTOs\ResultAboutDto.cs(8,29): warning CS8618: Null atanamaz ├Âzellik 'Images', olu┼şturucudan ├ğ─▒k─▒┼ş yaparken null olmayan bir de─şer i├ğermelidir. 'Gerekli' de─şi┼ştiricisini ekleyin veya ├Âzellik de─şerini null atanabilir olarak bildirmeyi g├Âz ├Ân├╝nde bulundurun. [C:\Users\lunap\OneDrive\Masa├╝st├╝\MyProjects\QuickStart1\QuickStart.WebApiLayer\QuickStart.WebApiLayer.csproj]
C:\Users\lunap\OneDrive\Masa├╝st├╝\MyProjects\QuickStart1\QuickStart.WebApiLayer\DTOs\TestimonialDTOs\CreateTestimonialDto.cs(5,23): warning CS8618: Null atanamaz ├Âzellik 'Name', olu┼şturucudan ├ğ─▒k─▒┼ş yaparken null olmayan bir de─şer i├ğermelidir. 'Gerekli' de─şi┼ştiricisini ekleyin veya ├Âzellik de─şerini null atanabilir olarak bildirmeyi g├Âz ├Ân├╝nde bulundurun. [C:\Users\lunap\OneDrive\Masa├╝st├╝\MyProjects\QuickStart1\QuickStart.WebApiLayer\QuickStart.WebApiLayer.csproj]
C:\Users\lunap\OneDrive\Masa├╝st├╝\MyProjects\QuickStart1\QuickStart.WebApiLayer\DTOs\TestimonialDTOs\CreateTestimonialDto.cs(6,23): warning CS8618: Null atanamaz ├Âzellik 'Role', olu┼şturucudan ├ğ─▒k─▒┼ş yaparken null olmayan bir de─şer i├ğermelidir. 'Gerekli' de─şi┼ştiricisini ekleyin veya ├Âzellik de─şerini null atanabilir olarak bildirmeyi g├Âz ├Ân├╝nde bulundurun. [C:\Users\lunap\OneDrive\Masa├╝st├╝\MyProjects\QuickStart1\QuickStart.WebApiLayer\QuickStart.WebApiLayer.csproj]
C:\Users\lunap\OneDrive\Masa├╝st├╝\MyProjects\QuickStart1\QuickStart.WebApiLayer\DTOs\TestimonialDTOs\CreateTestimonialDto.cs(7,23): warning CS8618: Null atanamaz ├Âzellik 'ImageUrl', olu┼şturucudan ├ğ─▒k─▒┼ş yaparken null olmayan bir de─şer i├ğermelidir. 'Gerekli' de─şi┼ştiricisini ekleyin veya ├Âzellik de─şerini null atanabilir olarak bildirmeyi g├Âz ├Ân├╝nde bulundurun. [C:\Users\lunap\OneDrive\Masa├╝st├╝\MyProjects\QuickStart1\QuickStart.WebApiLayer\QuickStart.WebApiLayer.csproj]
C:\Users\lunap\OneDrive\Masa├╝st├╝\MyProjects\QuickStart1\QuickStart.WebApiLayer\DTOs\TestimonialDTOs\CreateTestimonialDto.cs(8,23): warning CS8618: Null atanamaz ├Âzellik 'Content', olu┼şturucudan ├ğ─▒k─▒┼ş yaparken null olmayan bir de─şer i├ğermelidir. 'Gerekli' de─şi┼ştiricisini ekleyin veya ├Âzellik de─şerini null atanabilir olarak bildirmeyi g├Âz ├Ân├╝nde bulundurun. [C:\Users\lunap\OneDrive\Masa├╝st├╝\MyProjects\QuickStart1\QuickStart.WebApiLayer\QuickStart.WebApiLayer.csproj]
C:\Users\lunap\OneDrive\Masa├╝st├╝\MyProjects\QuickStart1\QuickStart.WebApiLayer\DTOs\FaqDTOs\UpdateFaqDto.cs(6,23): warning CS8618: Null atanamaz ├Âzellik 'Question', olu┼şturucudan ├ğ─▒k─▒┼ş yaparken null olmayan bir de─şer i├ğermelidir. 'Gerekli' de─şi┼ştiricisini ekleyin veya ├Âzellik de─şerini null atanabilir olarak bildirmeyi g├Âz ├Ân├╝nde bulundurun. [C:\Users\lunap\OneDrive\Masa├╝st├╝\MyProjects\QuickStart1\QuickStart.WebApiLayer\QuickStart.WebApiLayer.csproj]
C:\Users\lunap\OneDrive\Masa├╝st├╝\MyProjects\QuickStart1\QuickStart.WebApiLayer\DTOs\FaqDTOs\UpdateFaqDto.cs(7,23): warning CS8618: Null atanamaz ├Âzellik 'Answer', olu┼şturucudan ├ğ─▒k─▒┼ş yaparken null olmayan bir de─şer i├ğermelidir. 'Gerekli' de─şi┼ştiricisini ekleyin veya ├Âzellik de─şerini null atanabilir olarak bildirmeyi g├Âz ├Ân├╝nde bulundurun. [C:\Users\lunap\OneDrive\Masa├╝st├╝\MyProjects\QuickStart1\QuickStart.WebApiLayer\QuickStart.WebApiLayer.csproj]
C:\Users\lunap\OneDrive\Masa├╝st├╝\MyProjects\QuickStart1\QuickStart.WebApiLayer\Entities\Pricing.cs(6,23): warning CS8618: Null atanamaz ├Âzellik 'Name', olu┼şturucudan ├ğ─▒k─▒┼ş yaparken null olmayan bir de─şer i├ğermelidir. 'Gerekli' de─şi┼ştiricisini ekleyin veya ├Âzellik de─şerini null atanabilir olarak bildirmeyi g├Âz ├Ân├╝nde bulundurun. [C:\Users\lunap\OneDrive\Masa├╝st├╝\MyProjects\QuickStart1\QuickStart.WebApiLayer\QuickStart.WebApiLayer.csproj]
C:\Users\lunap\OneDrive\Masa├╝st├╝\MyProjects\QuickStart1\QuickStart.WebApiLayer\Entities\Pricing.cs(7,23): warning CS8618: Null atanamaz ├Âzellik 'Description', olu┼şturucudan ├ğ─▒k─▒┼ş yaparken null olmayan bir de─şer i├ğermelidir. 'Gerekli' de─şi┼ştiricisini ekleyin veya ├Âzellik de─şerini null atanabilir olarak bildirmeyi g├Âz ├Ân├╝nde bulundurun. [C:\Users\lunap\OneDrive\Masa├╝st├╝\MyProjects\QuickStart1\QuickStart.WebApiLayer\QuickStart.WebApiLayer.csproj]
C:\Users\lunap\OneDrive\Masa├╝st├╝\MyProjects\QuickStart1\QuickStart.WebApiLayer\Entities\Pricing.cs(8,23): warning CS8618: Null atanamaz ├Âzellik 'Price', olu┼şturucudan ├ğ─▒k─▒┼ş yaparken null olmayan bir de─şer i├ğermelidir. 'Gerekli' de─şi┼ştiricisini ekleyin veya ├Âzellik de─şerini null atanabilir olarak bildirmeyi g├Âz ├Ân├╝nde bulundurun. [C:\Users\lunap\OneDrive\Masa├╝st├╝\MyProjects\QuickStart1\QuickStart.WebApiLayer\QuickStart.WebApiLayer.csproj]
C:\Users\lunap\OneDrive\Masa├╝st├╝\MyProjects\QuickStart1\QuickStart.WebApiLayer\Entities\Pricing.cs(9,23): warning CS8618: Null atanamaz ├Âzellik 'Period', olu┼şturucudan ├ğ─▒k─▒┼ş yaparken null olmayan bir de─şer i├ğermelidir. 'Gerekli' de─şi┼ştiricisini ekleyin veya ├Âzellik de─şerini null atanabilir olarak bildirmeyi g├Âz ├Ân├╝nde bulundurun. [C:\Users\lunap\OneDrive\Masa├╝st├╝\MyProjects\QuickStart1\QuickStart.WebApiLayer\QuickStart.WebApiLayer.csproj]
C:\Users\lunap\OneDrive\Masa├╝st├╝\MyProjects\QuickStart1\QuickStart.WebApiLayer\Entities\Pricing.cs(11,29): warning CS8618: Null atanamaz ├Âzellik 'Features', olu┼şturucudan ├ğ─▒k─▒┼ş yaparken null olmayan bir de─şer i├ğermelidir. 'Gerekli' de─şi┼ştiricisini ekleyin veya ├Âzellik de─şerini null atanabilir olarak bildirmeyi g├Âz ├Ân├╝nde bulundurun. [C:\Users\lunap\OneDrive\Masa├╝st├╝\MyProjects\QuickStart1\QuickStart.WebApiLayer\QuickStart.WebApiLayer.csproj]
C:\Users\lunap\OneDrive\Masa├╝st├╝\MyProjects\QuickStart1\QuickStart.WebApiLayer\DTOs\ServiceDTOs\UpdateServiceDto.cs(6,23): warning CS8618: Null atanamaz ├Âzellik 'Icon', olu┼şturucudan ├ğ─▒k─▒┼ş yaparken null olmayan bir de─şer i├ğermelidir. 'Gerekli' de─şi┼ştiricisini ekleyin veya ├Âzellik de─şerini null atanabilir olarak bildirmeyi g├Âz ├Ân├╝nde bulundurun. [C:\Users\lunap\OneDrive\Masa├╝st├╝\MyProjects\QuickStart1\QuickStart.WebApiLayer\QuickStart.WebApiLayer.csproj]
C:\Users\lunap\OneDrive\Masa├╝st├╝\MyProjects\QuickStart1\QuickStart.WebApiLayer\DTOs\ServiceDTOs\UpdateServiceDto.cs(7,23): warning CS8618: Null atanamaz ├Âzellik 'Title', olu┼şturucudan ├ğ─▒k─▒┼ş yaparken null olmayan bir de─şer i├ğermelidir. 'Gerekli' de─şi┼ştiricisini ekleyin veya ├Âzellik de─şerini null atanabilir olarak bildirmeyi g├Âz ├Ân├╝nde bulundurun. [C:\Users\lunap\OneDrive\Masa├╝st├╝\MyProjects\QuickStart1\QuickStart.WebApiLayer\QuickStart.WebApiLayer.csproj]
C:\Users\lunap\OneDrive\Masa├╝st├╝\MyProjects\QuickStart1\QuickStart.WebApiLayer\DTOs\ServiceDTOs\UpdateServiceDto.cs(8,23): warning CS8618: Null atanamaz ├Âzellik 'Description', olu┼şturucudan ├ğ─▒k─▒┼ş yaparken null olmayan bir de─şer i├ğermelidir. 'Gerekli' de─şi┼ştiricisini ekleyin veya ├Âzellik de─şerini null atanabilir olarak bildirmeyi g├Âz ├Ân├╝nde bulundurun. [C:\Users\lunap\OneDrive\Masa├╝st├╝\MyProjects\QuickStart1\QuickStart.WebApiLayer\QuickStart.WebApiLayer.csproj]
C:\Users\lunap\OneDrive\Masa├╝st├╝\MyProjects\QuickStart1\QuickStart.WebApiLayer\Entities\Newsletter.cs(6,23): warning CS8618: Null atanamaz ├Âzellik 'Email', olu┼şturucudan ├ğ─▒k─▒┼ş yaparken null olmayan bir de─şer i├ğermelidir. 'Gerekli' de─şi┼ştiricisini ekleyin veya ├Âzellik de─şerini null atanabilir olarak bildirmeyi g├Âz ├Ân├╝nde bulundurun. [C:\Users\lunap\OneDrive\Masa├╝st├╝\MyProjects\QuickStart1\QuickStart.WebApiLayer\QuickStart.WebApiLayer.csproj]
C:\Users\lunap\OneDrive\Masa├╝st├╝\MyProjects\QuickStart1\QuickStart.WebApiLayer\DTOs\ServiceDTOs\ResultServiceDto.cs(6,23): warning CS8618: Null atanamaz ├Âzellik 'Icon', olu┼şturucudan ├ğ─▒k─▒┼ş yaparken null olmayan bir de─şer i├ğermelidir. 'Gerekli' de─şi┼ştiricisini ekleyin veya ├Âzellik de─şerini null atanabilir olarak bildirmeyi g├Âz ├Ân├╝nde bulundurun. [C:\Users\lunap\OneDrive\Masa├╝st├╝\MyProjects\QuickStart1\QuickStart.WebApiLayer\QuickStart.WebApiLayer.csproj]
C:\Users\lunap\OneDrive\Masa├╝st├╝\MyProjects\QuickStart1\QuickStart.WebApiLayer\DTOs\ServiceDTOs\ResultServiceDto.cs(7,23): warning CS8618: Null atanamaz ├Âzellik 'Title', olu┼şturucudan ├ğ─▒k─▒┼ş yaparken null olmayan bir de─şer i├ğermelidir. 'Gerekli' de─şi┼ştiricisini ekleyin veya ├Âzellik de─şerini null atanabilir olarak bildirmeyi g├Âz ├Ân├╝nde bulundurun. [C:\Users\lunap\OneDrive\Masa├╝st├╝\MyProjects\QuickStart1\QuickStart.WebApiLayer\QuickStart.WebApiLayer.csproj]
C:\Users\lunap\OneDrive\Masa├╝st├╝\MyProjects\QuickStart1\QuickStart.WebApiLayer\DTOs\ServiceDTOs\ResultServiceDto.cs(8,23): warning CS8618: Null atanamaz ├Âzellik 'Description', olu┼şturucudan ├ğ─▒k─▒┼ş yaparken null olmayan bir de─şer i├ğermelidir. 'Gerekli' de─şi┼ştiricisini ekleyin veya ├Âzellik de─şerini null atanabilir olarak bildirmeyi g├Âz ├Ân├╝nde bulundurun. [C:\Users\lunap\OneDrive\Masa├╝st├╝\MyProjects\QuickStart1\QuickStart.WebApiLayer\QuickStart.WebApiLayer.csproj]
C:\Users\lunap\OneDrive\Masa├╝st├╝\MyProjects\QuickStart1\QuickStart.WebApiLayer\Entities\Message.cs(6,23): warning CS8618: Null atanamaz ├Âzellik 'Name', olu┼şturucudan ├ğ─▒k─▒┼ş yaparken null olmayan bir de─şer i├ğermelidir. 'Gerekli' de─şi┼ştiricisini ekleyin veya ├Âzellik de─şerini null atanabilir olarak bildirmeyi g├Âz ├Ân├╝nde bulundurun. [C:\Users\lunap\OneDrive\Masa├╝st├╝\MyProjects\QuickStart1\QuickStart.WebApiLayer\QuickStart.WebApiLayer.csproj]
C:\Users\lunap\OneDrive\Masa├╝st├╝\MyProjects\QuickStart1\QuickStart.WebApiLayer\Entities\Message.cs(7,23): warning CS8618: Null atanamaz ├Âzellik 'Email', olu┼şturucudan ├ğ─▒k─▒┼ş yaparken null olmayan bir de─şer i├ğermelidir. 'Gerekli' de─şi┼ştiricisini ekleyin veya ├Âzellik de─şerini null atanabilir olarak bildirmeyi g├Âz ├Ân├╝nde bulundurun. [C:\Users\lunap\OneDrive\Masa├╝st├╝\MyProjects\QuickStart1\QuickStart.WebApiLayer\QuickStart.WebApiLayer.csproj]
C:\Users\lunap\OneDrive\Masa├╝st├╝\MyProjects\QuickStart1\QuickStart.WebApiLayer\Entities\Message.cs(8,23): warning CS8618: Null atanamaz ├Âzellik 'Subject', olu┼şturucudan ├ğ─▒k─▒┼ş yaparken null olmayan bir de─şer i├ğermelidir. 'Gerekli' de─şi┼ştiricisini ekleyin veya ├Âzellik de─şerini null atanabilir olarak bildirmeyi g├Âz ├Ân├╝nde bulundurun. [C:\Users\lunap\OneDrive\Masa├╝st├╝\MyProjects\QuickStart1\QuickStart.WebApiLayer\QuickStart.WebApiLayer.csproj]
C:\Users\lunap\OneDrive\Masa├╝st├╝\MyProjects\QuickStart1\QuickStart.WebApiLayer\Entities\Message.cs(9,23): warning CS8618: Null atanamaz ├Âzellik 'Content', olu┼şturucudan ├ğ─▒k─▒┼ş yaparken null olmayan bir de─şer i├ğermelidir. 'Gerekli' de─şi┼ştiricisini ekleyin veya ├Âzellik de─şerini null atanabilir olarak bildirmeyi g├Âz ├Ân├╝nde bulundurun. [C:\Users\lunap\OneDrive\Masa├╝st├╝\MyProjects\QuickStart1\QuickStart.WebApiLayer\QuickStart.WebApiLayer.csproj]
C:\Users\lunap\OneDrive\Masa├╝st├╝\MyProjects\QuickStart1\QuickStart.WebApiLayer\DTOs\ContactDTOs\UpdateContactDto.cs(6,23): warning CS8618: Null atanamaz ├Âzellik 'Title', olu┼şturucudan ├ğ─▒k─▒┼ş yaparken null olmayan bir de─şer i├ğermelidir. 'Gerekli' de─şi┼ştiricisini ekleyin veya ├Âzellik de─şerini null atanabilir olarak bildirmeyi g├Âz ├Ân├╝nde bulundurun. [C:\Users\lunap\OneDrive\Masa├╝st├╝\MyProjects\QuickStart1\QuickStart.WebApiLayer\QuickStart.WebApiLayer.csproj]
C:\Users\lunap\OneDrive\Masa├╝st├╝\MyProjects\QuickStart1\QuickStart.WebApiLayer\DTOs\ContactDTOs\UpdateContactDto.cs(7,23): warning CS8618: Null atanamaz ├Âzellik 'Description', olu┼şturucudan ├ğ─▒k─▒┼ş yaparken null olmayan bir de─şer i├ğermelidir. 'Gerekli' de─şi┼ştiricisini ekleyin veya ├Âzellik de─şerini null atanabilir olarak bildirmeyi g├Âz ├Ân├╝nde bulundurun. [C:\Users\lunap\OneDrive\Masa├╝st├╝\MyProjects\QuickStart1\QuickStart.WebApiLayer\QuickStart.WebApiLayer.csproj]
C:\Users\lunap\OneDrive\Masa├╝st├╝\MyProjects\QuickStart1\QuickStart.WebApiLayer\DTOs\ContactDTOs\UpdateContactDto.cs(8,23): warning CS8618: Null atanamaz ├Âzellik 'Address', olu┼şturucudan ├ğ─▒k─▒┼ş yaparken null olmayan bir de─şer i├ğermelidir. 'Gerekli' de─şi┼ştiricisini ekleyin veya ├Âzellik de─şerini null atanabilir olarak bildirmeyi g├Âz ├Ân├╝nde bulundurun. [C:\Users\lunap\OneDrive\Masa├╝st├╝\MyProjects\QuickStart1\QuickStart.WebApiLayer\QuickStart.WebApiLayer.csproj]
C:\Users\lunap\OneDrive\Masa├╝st├╝\MyProjects\QuickStart1\QuickStart.WebApiLayer\DTOs\ContactDTOs\UpdateContactDto.cs(9,23): warning CS8618: Null atanamaz ├Âzellik 'Phone', olu┼şturucudan ├ğ─▒k─▒┼ş yaparken null olmayan bir de─şer i├ğermelidir. 'Gerekli' de─şi┼ştiricisini ekleyin veya ├Âzellik de─şerini null atanabilir olarak bildirmeyi g├Âz ├Ân├╝nde bulundurun. [C:\Users\lunap\OneDrive\Masa├╝st├╝\MyProjects\QuickStart1\QuickStart.WebApiLayer\QuickStart.WebApiLayer.csproj]
C:\Users\lunap\OneDrive\Masa├╝st├╝\MyProjects\QuickStart1\QuickStart.WebApiLayer\DTOs\ContactDTOs\UpdateContactDto.cs(10,23): warning CS8618: Null atanamaz ├Âzellik 'Email', olu┼şturucudan ├ğ─▒k─▒┼ş yaparken null olmayan bir de─şer i├ğermelidir. 'Gerekli' de─şi┼ştiricisini ekleyin veya ├Âzellik de─şerini null atanabilir olarak bildirmeyi g├Âz ├Ân├╝nde bulundurun. [C:\Users\lunap\OneDrive\Masa├╝st├╝\MyProjects\QuickStart1\QuickStart.WebApiLayer\QuickStart.WebApiLayer.csproj]
C:\Users\lunap\OneDrive\Masa├╝st├╝\MyProjects\QuickStart1\QuickStart.WebApiLayer\Entities\FeaturedService.cs(6,23): warning CS8618: Null atanamaz ├Âzellik 'Icon', olu┼şturucudan ├ğ─▒k─▒┼ş yaparken null olmayan bir de─şer i├ğermelidir. 'Gerekli' de─şi┼ştiricisini ekleyin veya ├Âzellik de─şerini null atanabilir olarak bildirmeyi g├Âz ├Ân├╝nde bulundurun. [C:\Users\lunap\OneDrive\Masa├╝st├╝\MyProjects\QuickStart1\QuickStart.WebApiLayer\QuickStart.WebApiLayer.csproj]
C:\Users\lunap\OneDrive\Masa├╝st├╝\MyProjects\QuickStart1\QuickStart.WebApiLayer\Entities\FeaturedService.cs(7,23): warning CS8618: Null atanamaz ├Âzellik 'Title', olu┼şturucudan ├ğ─▒k─▒┼ş yaparken null olmayan bir de─şer i├ğermelidir. 'Gerekli' de─şi┼ştiricisini ekleyin veya ├Âzellik de─şerini null atanabilir olarak bildirmeyi g├Âz ├Ân├╝nde bulundurun. [C:\Users\lunap\OneDrive\Masa├╝st├╝\MyProjects\QuickStart1\QuickStart.WebApiLayer\QuickStart.WebApiLayer.csproj]
C:\Users\lunap\OneDrive\Masa├╝st├╝\MyProjects\QuickStart1\QuickStart.WebApiLayer\DTOs\ServiceDTOs\CreateServiceDto.cs(5,23): warning CS8618: Null atanamaz ├Âzellik 'Icon', olu┼şturucudan ├ğ─▒k─▒┼ş yaparken null olmayan bir de─şer i├ğermelidir. 'Gerekli' de─şi┼ştiricisini ekleyin veya ├Âzellik de─şerini null atanabilir olarak bildirmeyi g├Âz ├Ân├╝nde bulundurun. [C:\Users\lunap\OneDrive\Masa├╝st├╝\MyProjects\QuickStart1\QuickStart.WebApiLayer\QuickStart.WebApiLayer.csproj]
C:\Users\lunap\OneDrive\Masa├╝st├╝\MyProjects\QuickStart1\QuickStart.WebApiLayer\Entities\FeaturedService.cs(8,23): warning CS8618: Null atanamaz ├Âzellik 'Description', olu┼şturucudan ├ğ─▒k─▒┼ş yaparken null olmayan bir de─şer i├ğermelidir. 'Gerekli' de─şi┼ştiricisini ekleyin veya ├Âzellik de─şerini null atanabilir olarak bildirmeyi g├Âz ├Ân├╝nde bulundurun. [C:\Users\lunap\OneDrive\Masa├╝st├╝\MyProjects\QuickStart1\QuickStart.WebApiLayer\QuickStart.WebApiLayer.csproj]
C:\Users\lunap\OneDrive\Masa├╝st├╝\MyProjects\QuickStart1\QuickStart.WebApiLayer\DTOs\ServiceDTOs\CreateServiceDto.cs(6,23): warning CS8618: Null atanamaz ├Âzellik 'Title', olu┼şturucudan ├ğ─▒k─▒┼ş yaparken null olmayan bir de─şer i├ğermelidir. 'Gerekli' de─şi┼ştiricisini ekleyin veya ├Âzellik de─şerini null atanabilir olarak bildirmeyi g├Âz ├Ân├╝nde bulundurun. [C:\Users\lunap\OneDrive\Masa├╝st├╝\MyProjects\QuickStart1\QuickStart.WebApiLayer\QuickStart.WebApiLayer.csproj]
C:\Users\lunap\OneDrive\Masa├╝st├╝\MyProjects\QuickStart1\QuickStart.WebApiLayer\DTOs\ServiceDTOs\CreateServiceDto.cs(7,23): warning CS8618: Null atanamaz ├Âzellik 'Description', olu┼şturucudan ├ğ─▒k─▒┼ş yaparken null olmayan bir de─şer i├ğermelidir. 'Gerekli' de─şi┼ştiricisini ekleyin veya ├Âzellik de─şerini null atanabilir olarak bildirmeyi g├Âz ├Ân├╝nde bulundurun. [C:\Users\lunap\OneDrive\Masa├╝st├╝\MyProjects\QuickStart1\QuickStart.WebApiLayer\QuickStart.WebApiLayer.csproj]
C:\Users\lunap\OneDrive\Masa├╝st├╝\MyProjects\QuickStart1\QuickStart.WebApiLayer\Entities\Feature.cs(6,23): warning CS8618: Null atanamaz ├Âzellik 'Icon', olu┼şturucudan ├ğ─▒k─▒┼ş yaparken null olmayan bir de─şer i├ğermelidir. 'Gerekli' de─şi┼ştiricisini ekleyin veya ├Âzellik de─şerini null atanabilir olarak bildirmeyi g├Âz ├Ân├╝nde bulundurun. [C:\Users\lunap\OneDrive\Masa├╝st├╝\MyProjects\QuickStart1\QuickStart.WebApiLayer\QuickStart.WebApiLayer.csproj]
C:\Users\lunap\OneDrive\Masa├╝st├╝\MyProjects\QuickStart1\QuickStart.WebApiLayer\Entities\Feature.cs(7,23): warning CS8618: Null atanamaz ├Âzellik 'Title', olu┼şturucudan ├ğ─▒k─▒┼ş yaparken null olmayan bir de─şer i├ğermelidir. 'Gerekli' de─şi┼ştiricisini ekleyin veya ├Âzellik de─şerini null atanabilir olarak bildirmeyi g├Âz ├Ân├╝nde bulundurun. [C:\Users\lunap\OneDrive\Masa├╝st├╝\MyProjects\QuickStart1\QuickStart.WebApiLayer\QuickStart.WebApiLayer.csproj]
C:\Users\lunap\OneDrive\Masa├╝st├╝\MyProjects\QuickStart1\QuickStart.WebApiLayer\Entities\Feature.cs(8,23): warning CS8618: Null atanamaz ├Âzellik 'Description', olu┼şturucudan ├ğ─▒k─▒┼ş yaparken null olmayan bir de─şer i├ğermelidir. 'Gerekli' de─şi┼ştiricisini ekleyin veya ├Âzellik de─şerini null atanabilir olarak bildirmeyi g├Âz ├Ân├╝nde bulundurun. [C:\Users\lunap\OneDrive\Masa├╝st├╝\MyProjects\QuickStart1\QuickStart.WebApiLayer\QuickStart.WebApiLayer.csproj]
C:\Users\lunap\OneDrive\Masa├╝st├╝\MyProjects\QuickStart1\QuickStart.WebApiLayer\Entities\Feature.cs(9,23): warning CS8618: Null atanamaz ├Âzellik 'ImageUrl', olu┼şturucudan ├ğ─▒k─▒┼ş yaparken null olmayan bir de─şer i├ğermelidir. 'Gerekli' de─şi┼ştiricisini ekleyin veya ├Âzellik de─şerini null atanabilir olarak bildirmeyi g├Âz ├Ân├╝nde bulundurun. [C:\Users\lunap\OneDrive\Masa├╝st├╝\MyProjects\QuickStart1\QuickStart.WebApiLayer\QuickStart.WebApiLayer.csproj]
C:\Users\lunap\OneDrive\Masa├╝st├╝\MyProjects\QuickStart1\QuickStart.WebApiLayer\DTOs\FaqDTOs\ResultFaqDto.cs(6,23): warning CS8618: Null atanamaz ├Âzellik 'Question', olu┼şturucudan ├ğ─▒k─▒┼ş yaparken null olmayan bir de─şer i├ğermelidir. 'Gerekli' de─şi┼ştiricisini ekleyin veya ├Âzellik de─şerini null atanabilir olarak bildirmeyi g├Âz ├Ân├╝nde bulundurun. [C:\Users\lunap\OneDrive\Masa├╝st├╝\MyProjects\QuickStart1\QuickStart.WebApiLayer\QuickStart.WebApiLayer.csproj]
C:\Users\lunap\OneDrive\Masa├╝st├╝\MyProjects\QuickStart1\QuickStart.WebApiLayer\DTOs\FaqDTOs\ResultFaqDto.cs(7,23): warning CS8618: Null atanamaz ├Âzellik 'Answer', olu┼şturucudan ├ğ─▒k─▒┼ş yaparken null olmayan bir de─şer i├ğermelidir. 'Gerekli' de─şi┼ştiricisini ekleyin veya ├Âzellik de─şerini null atanabilir olarak bildirmeyi g├Âz ├Ân├╝nde bulundurun. [C:\Users\lunap\OneDrive\Masa├╝st├╝\MyProjects\QuickStart1\QuickStart.WebApiLayer\QuickStart.WebApiLayer.csproj]
C:\Users\lunap\OneDrive\Masa├╝st├╝\MyProjects\QuickStart1\QuickStart.WebApiLayer\DTOs\PricingDTOs\UpdatePricingDto.cs(6,23): warning CS8618: Null atanamaz ├Âzellik 'Name', olu┼şturucudan ├ğ─▒k─▒┼ş yaparken null olmayan bir de─şer i├ğermelidir. 'Gerekli' de─şi┼ştiricisini ekleyin veya ├Âzellik de─şerini null atanabilir olarak bildirmeyi g├Âz ├Ân├╝nde bulundurun. [C:\Users\lunap\OneDrive\Masa├╝st├╝\MyProjects\QuickStart1\QuickStart.WebApiLayer\QuickStart.WebApiLayer.csproj]
C:\Users\lunap\OneDrive\Masa├╝st├╝\MyProjects\QuickStart1\QuickStart.WebApiLayer\DTOs\PricingDTOs\UpdatePricingDto.cs(7,23): warning CS8618: Null atanamaz ├Âzellik 'Description', olu┼şturucudan ├ğ─▒k─▒┼ş yaparken null olmayan bir de─şer i├ğermelidir. 'Gerekli' de─şi┼ştiricisini ekleyin veya ├Âzellik de─şerini null atanabilir olarak bildirmeyi g├Âz ├Ân├╝nde bulundurun. [C:\Users\lunap\OneDrive\Masa├╝st├╝\MyProjects\QuickStart1\QuickStart.WebApiLayer\QuickStart.WebApiLayer.csproj]
C:\Users\lunap\OneDrive\Masa├╝st├╝\MyProjects\QuickStart1\QuickStart.WebApiLayer\DTOs\PricingDTOs\UpdatePricingDto.cs(8,23): warning CS8618: Null atanamaz ├Âzellik 'Price', olu┼şturucudan ├ğ─▒k─▒┼ş yaparken null olmayan bir de─şer i├ğermelidir. 'Gerekli' de─şi┼ştiricisini ekleyin veya ├Âzellik de─şerini null atanabilir olarak bildirmeyi g├Âz ├Ân├╝nde bulundurun. [C:\Users\lunap\OneDrive\Masa├╝st├╝\MyProjects\QuickStart1\QuickStart.WebApiLayer\QuickStart.WebApiLayer.csproj]
C:\Users\lunap\OneDrive\Masa├╝st├╝\MyProjects\QuickStart1\QuickStart.WebApiLayer\DTOs\PricingDTOs\UpdatePricingDto.cs(9,23): warning CS8618: Null atanamaz ├Âzellik 'Period', olu┼şturucudan ├ğ─▒k─▒┼ş yaparken null olmayan bir de─şer i├ğermelidir. 'Gerekli' de─şi┼ştiricisini ekleyin veya ├Âzellik de─şerini null atanabilir olarak bildirmeyi g├Âz ├Ân├╝nde bulundurun. [C:\Users\lunap\OneDrive\Masa├╝st├╝\MyProjects\QuickStart1\QuickStart.WebApiLayer\QuickStart.WebApiLayer.csproj]
C:\Users\lunap\OneDrive\Masa├╝st├╝\MyProjects\QuickStart1\QuickStart.WebApiLayer\DTOs\PricingDTOs\UpdatePricingDto.cs(11,29): warning CS8618: Null atanamaz ├Âzellik 'Features', olu┼şturucudan ├ğ─▒k─▒┼ş yaparken null olmayan bir de─şer i├ğermelidir. 'Gerekli' de─şi┼ştiricisini ekleyin veya ├Âzellik de─şerini null atanabilir olarak bildirmeyi g├Âz ├Ân├╝nde bulundurun. [C:\Users\lunap\OneDrive\Masa├╝st├╝\MyProjects\QuickStart1\QuickStart.WebApiLayer\QuickStart.WebApiLayer.csproj]
C:\Users\lunap\OneDrive\Masa├╝st├╝\MyProjects\QuickStart1\QuickStart.WebApiLayer\Entities\FAQ.cs(6,23): warning CS8618: Null atanamaz ├Âzellik 'Question', olu┼şturucudan ├ğ─▒k─▒┼ş yaparken null olmayan bir de─şer i├ğermelidir. 'Gerekli' de─şi┼ştiricisini ekleyin veya ├Âzellik de─şerini null atanabilir olarak bildirmeyi g├Âz ├Ân├╝nde bulundurun. [C:\Users\lunap\OneDrive\Masa├╝st├╝\MyProjects\QuickStart1\QuickStart.WebApiLayer\QuickStart.WebApiLayer.csproj]
C:\Users\lunap\OneDrive\Masa├╝st├╝\MyProjects\QuickStart1\QuickStart.WebApiLayer\Entities\FAQ.cs(7,23): warning CS8618: Null atanamaz ├Âzellik 'Answer', olu┼şturucudan ├ğ─▒k─▒┼ş yaparken null olmayan bir de─şer i├ğermelidir. 'Gerekli' de─şi┼ştiricisini ekleyin veya ├Âzellik de─şerini null atanabilir olarak bildirmeyi g├Âz ├Ân├╝nde bulundurun. [C:\Users\lunap\OneDrive\Masa├╝st├╝\MyProjects\QuickStart1\QuickStart.WebApiLayer\QuickStart.WebApiLayer.csproj]
C:\Users\lunap\OneDrive\Masa├╝st├╝\MyProjects\QuickStart1\QuickStart.WebApiLayer\DTOs\PricingDTOs\ResultPricingDto.cs(6,23): warning CS8618: Null atanamaz ├Âzellik 'Name', olu┼şturucudan ├ğ─▒k─▒┼ş yaparken null olmayan bir de─şer i├ğermelidir. 'Gerekli' de─şi┼ştiricisini ekleyin veya ├Âzellik de─şerini null atanabilir olarak bildirmeyi g├Âz ├Ân├╝nde bulundurun. [C:\Users\lunap\OneDrive\Masa├╝st├╝\MyProjects\QuickStart1\QuickStart.WebApiLayer\QuickStart.WebApiLayer.csproj]
C:\Users\lunap\OneDrive\Masa├╝st├╝\MyProjects\QuickStart1\QuickStart.WebApiLayer\DTOs\PricingDTOs\ResultPricingDto.cs(7,23): warning CS8618: Null atanamaz ├Âzellik 'Description', olu┼şturucudan ├ğ─▒k─▒┼ş yaparken null olmayan bir de─şer i├ğermelidir. 'Gerekli' de─şi┼ştiricisini ekleyin veya ├Âzellik de─şerini null atanabilir olarak bildirmeyi g├Âz ├Ân├╝nde bulundurun. [C:\Users\lunap\OneDrive\Masa├╝st├╝\MyProjects\QuickStart1\QuickStart.WebApiLayer\QuickStart.WebApiLayer.csproj]
C:\Users\lunap\OneDrive\Masa├╝st├╝\MyProjects\QuickStart1\QuickStart.WebApiLayer\DTOs\PricingDTOs\ResultPricingDto.cs(8,23): warning CS8618: Null atanamaz ├Âzellik 'Price', olu┼şturucudan ├ğ─▒k─▒┼ş yaparken null olmayan bir de─şer i├ğermelidir. 'Gerekli' de─şi┼ştiricisini ekleyin veya ├Âzellik de─şerini null atanabilir olarak bildirmeyi g├Âz ├Ân├╝nde bulundurun. [C:\Users\lunap\OneDrive\Masa├╝st├╝\MyProjects\QuickStart1\QuickStart.WebApiLayer\QuickStart.WebApiLayer.csproj]
C:\Users\lunap\OneDrive\Masa├╝st├╝\MyProjects\QuickStart1\QuickStart.WebApiLayer\DTOs\PricingDTOs\ResultPricingDto.cs(9,23): warning CS8618: Null atanamaz ├Âzellik 'Period', olu┼şturucudan ├ğ─▒k─▒┼ş yaparken null olmayan bir de─şer i├ğermelidir. 'Gerekli' de─şi┼ştiricisini ekleyin veya ├Âzellik de─şerini null atanabilir olarak bildirmeyi g├Âz ├Ân├╝nde bulundurun. [C:\Users\lunap\OneDrive\Masa├╝st├╝\MyProjects\QuickStart1\QuickStart.WebApiLayer\QuickStart.WebApiLayer.csproj]
C:\Users\lunap\OneDrive\Masa├╝st├╝\MyProjects\QuickStart1\QuickStart.WebApiLayer\DTOs\PricingDTOs\ResultPricingDto.cs(11,29): warning CS8618: Null atanamaz ├Âzellik 'Features', olu┼şturucudan ├ğ─▒k─▒┼ş yaparken null olmayan bir de─şer i├ğermelidir. 'Gerekli' de─şi┼ştiricisini ekleyin veya ├Âzellik de─şerini null atanabilir olarak bildirmeyi g├Âz ├Ân├╝nde bulundurun. [C:\Users\lunap\OneDrive\Masa├╝st├╝\MyProjects\QuickStart1\QuickStart.WebApiLayer\QuickStart.WebApiLayer.csproj]
C:\Users\lunap\OneDrive\Masa├╝st├╝\MyProjects\QuickStart1\QuickStart.WebApiLayer\Entities\Contact.cs(6,23): warning CS8618: Null atanamaz ├Âzellik 'Title', olu┼şturucudan ├ğ─▒k─▒┼ş yaparken null olmayan bir de─şer i├ğermelidir. 'Gerekli' de─şi┼ştiricisini ekleyin veya ├Âzellik de─şerini null atanabilir olarak bildirmeyi g├Âz ├Ân├╝nde bulundurun. [C:\Users\lunap\OneDrive\Masa├╝st├╝\MyProjects\QuickStart1\QuickStart.WebApiLayer\QuickStart.WebApiLayer.csproj]
C:\Users\lunap\OneDrive\Masa├╝st├╝\MyProjects\QuickStart1\QuickStart.WebApiLayer\Entities\Contact.cs(7,23): warning CS8618: Null atanamaz ├Âzellik 'Description', olu┼şturucudan ├ğ─▒k─▒┼ş yaparken null olmayan bir de─şer i├ğermelidir. 'Gerekli' de─şi┼ştiricisini ekleyin veya ├Âzellik de─şerini null atanabilir olarak bildirmeyi g├Âz ├Ân├╝nde bulundurun. [C:\Users\lunap\OneDrive\Masa├╝st├╝\MyProjects\QuickStart1\QuickStart.WebApiLayer\QuickStart.WebApiLayer.csproj]
C:\Users\lunap\OneDrive\Masa├╝st├╝\MyProjects\QuickStart1\QuickStart.WebApiLayer\Entities\Contact.cs(8,23): warning CS8618: Null atanamaz ├Âzellik 'Address', olu┼şturucudan ├ğ─▒k─▒┼ş yaparken null olmayan bir de─şer i├ğermelidir. 'Gerekli' de─şi┼ştiricisini ekleyin veya ├Âzellik de─şerini null atanabilir olarak bildirmeyi g├Âz ├Ân├╝nde bulundurun. [C:\Users\lunap\OneDrive\Masa├╝st├╝\MyProjects\QuickStart1\QuickStart.WebApiLayer\QuickStart.WebApiLayer.csproj]
C:\Users\lunap\OneDrive\Masa├╝st├╝\MyProjects\QuickStart1\QuickStart.WebApiLayer\Entities\Contact.cs(9,23): warning CS8618: Null atanamaz ├Âzellik 'Phone', olu┼şturucudan ├ğ─▒k─▒┼ş yaparken null olmayan bir de─şer i├ğermelidir. 'Gerekli' de─şi┼ştiricisini ekleyin veya ├Âzellik de─şerini null atanabilir olarak bildirmeyi g├Âz ├Ân├╝nde bulundurun. [C:\Users\lunap\OneDrive\Masa├╝st├╝\MyProjects\QuickStart1\QuickStart.WebApiLayer\QuickStart.WebApiLayer.csproj]
C:\Users\lunap\OneDrive\Masa├╝st├╝\MyProjects\QuickStart1\QuickStart.WebApiLayer\Entities\Contact.cs(10,23): warning CS8618: Null atanamaz ├Âzellik 'Email', olu┼şturucudan ├ğ─▒k─▒┼ş yaparken null olmayan bir de─şer i├ğermelidir. 'Gerekli' de─şi┼ştiricisini ekleyin veya ├Âzellik de─şerini null atanabilir olarak bildirmeyi g├Âz ├Ân├╝nde bulundurun. [C:\Users\lunap\OneDrive\Masa├╝st├╝\MyProjects\QuickStart1\QuickStart.WebApiLayer\QuickStart.WebApiLayer.csproj]
C:\Users\lunap\OneDrive\Masa├╝st├╝\MyProjects\QuickStart1\QuickStart.WebApiLayer\DTOs\FaqDTOs\CreateFaqDto.cs(5,23): warning CS8618: Null atanamaz ├Âzellik 'Question', olu┼şturucudan ├ğ─▒k─▒┼ş yaparken null olmayan bir de─şer i├ğermelidir. 'Gerekli' de─şi┼ştiricisini ekleyin veya ├Âzellik de─şerini null atanabilir olarak bildirmeyi g├Âz ├Ân├╝nde bulundurun. [C:\Users\lunap\OneDrive\Masa├╝st├╝\MyProjects\QuickStart1\QuickStart.WebApiLayer\QuickStart.WebApiLayer.csproj]
C:\Users\lunap\OneDrive\Masa├╝st├╝\MyProjects\QuickStart1\QuickStart.WebApiLayer\DTOs\FaqDTOs\CreateFaqDto.cs(6,23): warning CS8618: Null atanamaz ├Âzellik 'Answer', olu┼şturucudan ├ğ─▒k─▒┼ş yaparken null olmayan bir de─şer i├ğermelidir. 'Gerekli' de─şi┼ştiricisini ekleyin veya ├Âzellik de─şerini null atanabilir olarak bildirmeyi g├Âz ├Ân├╝nde bulundurun. [C:\Users\lunap\OneDrive\Masa├╝st├╝\MyProjects\QuickStart1\QuickStart.WebApiLayer\QuickStart.WebApiLayer.csproj]
C:\Users\lunap\OneDrive\Masa├╝st├╝\MyProjects\QuickStart1\QuickStart.WebApiLayer\DTOs\ContactDTOs\ResultContactDto.cs(6,23): warning CS8618: Null atanamaz ├Âzellik 'Title', olu┼şturucudan ├ğ─▒k─▒┼ş yaparken null olmayan bir de─şer i├ğermelidir. 'Gerekli' de─şi┼ştiricisini ekleyin veya ├Âzellik de─şerini null atanabilir olarak bildirmeyi g├Âz ├Ân├╝nde bulundurun. [C:\Users\lunap\OneDrive\Masa├╝st├╝\MyProjects\QuickStart1\QuickStart.WebApiLayer\QuickStart.WebApiLayer.csproj]
C:\Users\lunap\OneDrive\Masa├╝st├╝\MyProjects\QuickStart1\QuickStart.WebApiLayer\DTOs\ContactDTOs\ResultContactDto.cs(7,23): warning CS8618: Null atanamaz ├Âzellik 'Description', olu┼şturucudan ├ğ─▒k─▒┼ş yaparken null olmayan bir de─şer i├ğermelidir. 'Gerekli' de─şi┼ştiricisini ekleyin veya ├Âzellik de─şerini null atanabilir olarak bildirmeyi g├Âz ├Ân├╝nde bulundurun. [C:\Users\lunap\OneDrive\Masa├╝st├╝\MyProjects\QuickStart1\QuickStart.WebApiLayer\QuickStart.WebApiLayer.csproj]
C:\Users\lunap\OneDrive\Masa├╝st├╝\MyProjects\QuickStart1\QuickStart.WebApiLayer\DTOs\ContactDTOs\ResultContactDto.cs(8,23): warning CS8618: Null atanamaz ├Âzellik 'Address', olu┼şturucudan ├ğ─▒k─▒┼ş yaparken null olmayan bir de─şer i├ğermelidir. 'Gerekli' de─şi┼ştiricisini ekleyin veya ├Âzellik de─şerini null atanabilir olarak bildirmeyi g├Âz ├Ân├╝nde bulundurun. [C:\Users\lunap\OneDrive\Masa├╝st├╝\MyProjects\QuickStart1\QuickStart.WebApiLayer\QuickStart.WebApiLayer.csproj]
C:\Users\lunap\OneDrive\Masa├╝st├╝\MyProjects\QuickStart1\QuickStart.WebApiLayer\DTOs\ContactDTOs\ResultContactDto.cs(9,23): warning CS8618: Null atanamaz ├Âzellik 'Phone', olu┼şturucudan ├ğ─▒k─▒┼ş yaparken null olmayan bir de─şer i├ğermelidir. 'Gerekli' de─şi┼ştiricisini ekleyin veya ├Âzellik de─şerini null atanabilir olarak bildirmeyi g├Âz ├Ân├╝nde bulundurun. [C:\Users\lunap\OneDrive\Masa├╝st├╝\MyProjects\QuickStart1\QuickStart.WebApiLayer\QuickStart.WebApiLayer.csproj]
C:\Users\lunap\OneDrive\Masa├╝st├╝\MyProjects\QuickStart1\QuickStart.WebApiLayer\DTOs\ContactDTOs\ResultContactDto.cs(10,23): warning CS8618: Null atanamaz ├Âzellik 'Email', olu┼şturucudan ├ğ─▒k─▒┼ş yaparken null olmayan bir de─şer i├ğermelidir. 'Gerekli' de─şi┼ştiricisini ekleyin veya ├Âzellik de─şerini null atanabilir olarak bildirmeyi g├Âz ├Ân├╝nde bulundurun. [C:\Users\lunap\OneDrive\Masa├╝st├╝\MyProjects\QuickStart1\QuickStart.WebApiLayer\QuickStart.WebApiLayer.csproj]
C:\Users\lunap\OneDrive\Masa├╝st├╝\MyProjects\QuickStart1\QuickStart.WebApiLayer\Entities\About.cs(6,23): warning CS8618: Null atanamaz ├Âzellik 'Title', olu┼şturucudan ├ğ─▒k─▒┼ş yaparken null olmayan bir de─şer i├ğermelidir. 'Gerekli' de─şi┼ştiricisini ekleyin veya ├Âzellik de─şerini null atanabilir olarak bildirmeyi g├Âz ├Ân├╝nde bulundurun. [C:\Users\lunap\OneDrive\Masa├╝st├╝\MyProjects\QuickStart1\QuickStart.WebApiLayer\QuickStart.WebApiLayer.csproj]
C:\Users\lunap\OneDrive\Masa├╝st├╝\MyProjects\QuickStart1\QuickStart.WebApiLayer\Entities\About.cs(7,23): warning CS8618: Null atanamaz ├Âzellik 'Description', olu┼şturucudan ├ğ─▒k─▒┼ş yaparken null olmayan bir de─şer i├ğermelidir. 'Gerekli' de─şi┼ştiricisini ekleyin veya ├Âzellik de─şerini null atanabilir olarak bildirmeyi g├Âz ├Ân├╝nde bulundurun. [C:\Users\lunap\OneDrive\Masa├╝st├╝\MyProjects\QuickStart1\QuickStart.WebApiLayer\QuickStart.WebApiLayer.csproj]
C:\Users\lunap\OneDrive\Masa├╝st├╝\MyProjects\QuickStart1\QuickStart.WebApiLayer\Entities\About.cs(8,29): warning CS8618: Null atanamaz ├Âzellik 'Images', olu┼şturucudan ├ğ─▒k─▒┼ş yaparken null olmayan bir de─şer i├ğermelidir. 'Gerekli' de─şi┼ştiricisini ekleyin veya ├Âzellik de─şerini null atanabilir olarak bildirmeyi g├Âz ├Ân├╝nde bulundurun. [C:\Users\lunap\OneDrive\Masa├╝st├╝\MyProjects\QuickStart1\QuickStart.WebApiLayer\QuickStart.WebApiLayer.csproj]
C:\Users\lunap\OneDrive\Masa├╝st├╝\MyProjects\QuickStart1\QuickStart.WebApiLayer\DTOs\PricingDTOs\CreatePricingDto.cs(5,23): warning CS8618: Null atanamaz ├Âzellik 'Name', olu┼şturucudan ├ğ─▒k─▒┼ş yaparken null olmayan bir de─şer i├ğermelidir. 'Gerekli' de─şi┼ştiricisini ekleyin veya ├Âzellik de─şerini null atanabilir olarak bildirmeyi g├Âz ├Ân├╝nde bulundurun. [C:\Users\lunap\OneDrive\Masa├╝st├╝\MyProjects\QuickStart1\QuickStart.WebApiLayer\QuickStart.WebApiLayer.csproj]
C:\Users\lunap\OneDrive\Masa├╝st├╝\MyProjects\QuickStart1\QuickStart.WebApiLayer\DTOs\PricingDTOs\CreatePricingDto.cs(6,23): warning CS8618: Null atanamaz ├Âzellik 'Description', olu┼şturucudan ├ğ─▒k─▒┼ş yaparken null olmayan bir de─şer i├ğermelidir. 'Gerekli' de─şi┼ştiricisini ekleyin veya ├Âzellik de─şerini null atanabilir olarak bildirmeyi g├Âz ├Ân├╝nde bulundurun. [C:\Users\lunap\OneDrive\Masa├╝st├╝\MyProjects\QuickStart1\QuickStart.WebApiLayer\QuickStart.WebApiLayer.csproj]
C:\Users\lunap\OneDrive\Masa├╝st├╝\MyProjects\QuickStart1\QuickStart.WebApiLayer\DTOs\PricingDTOs\CreatePricingDto.cs(7,23): warning CS8618: Null atanamaz ├Âzellik 'Price', olu┼şturucudan ├ğ─▒k─▒┼ş yaparken null olmayan bir de─şer i├ğermelidir. 'Gerekli' de─şi┼ştiricisini ekleyin veya ├Âzellik de─şerini null atanabilir olarak bildirmeyi g├Âz ├Ân├╝nde bulundurun. [C:\Users\lunap\OneDrive\Masa├╝st├╝\MyProjects\QuickStart1\QuickStart.WebApiLayer\QuickStart.WebApiLayer.csproj]
C:\Users\lunap\OneDrive\Masa├╝st├╝\MyProjects\QuickStart1\QuickStart.WebApiLayer\DTOs\PricingDTOs\CreatePricingDto.cs(8,23): warning CS8618: Null atanamaz ├Âzellik 'Period', olu┼şturucudan ├ğ─▒k─▒┼ş yaparken null olmayan bir de─şer i├ğermelidir. 'Gerekli' de─şi┼ştiricisini ekleyin veya ├Âzellik de─şerini null atanabilir olarak bildirmeyi g├Âz ├Ân├╝nde bulundurun. [C:\Users\lunap\OneDrive\Masa├╝st├╝\MyProjects\QuickStart1\QuickStart.WebApiLayer\QuickStart.WebApiLayer.csproj]
C:\Users\lunap\OneDrive\Masa├╝st├╝\MyProjects\QuickStart1\QuickStart.WebApiLayer\DTOs\PricingDTOs\CreatePricingDto.cs(10,29): warning CS8618: Null atanamaz ├Âzellik 'Features', olu┼şturucudan ├ğ─▒k─▒┼ş yaparken null olmayan bir de─şer i├ğermelidir. 'Gerekli' de─şi┼ştiricisini ekleyin veya ├Âzellik de─şerini null atanabilir olarak bildirmeyi g├Âz ├Ân├╝nde bulundurun. [C:\Users\lunap\OneDrive\Masa├╝st├╝\MyProjects\QuickStart1\QuickStart.WebApiLayer\QuickStart.WebApiLayer.csproj]
C:\Users\lunap\OneDrive\Masa├╝st├╝\MyProjects\QuickStart1\QuickStart.WebApiLayer\DTOs\ContactDTOs\CreateContactDto.cs(5,23): warning CS8618: Null atanamaz ├Âzellik 'Title', olu┼şturucudan ├ğ─▒k─▒┼ş yaparken null olmayan bir de─şer i├ğermelidir. 'Gerekli' de─şi┼ştiricisini ekleyin veya ├Âzellik de─şerini null atanabilir olarak bildirmeyi g├Âz ├Ân├╝nde bulundurun. [C:\Users\lunap\OneDrive\Masa├╝st├╝\MyProjects\QuickStart1\QuickStart.WebApiLayer\QuickStart.WebApiLayer.csproj]
C:\Users\lunap\OneDrive\Masa├╝st├╝\MyProjects\QuickStart1\QuickStart.WebApiLayer\DTOs\ContactDTOs\CreateContactDto.cs(6,23): warning CS8618: Null atanamaz ├Âzellik 'Description', olu┼şturucudan ├ğ─▒k─▒┼ş yaparken null olmayan bir de─şer i├ğermelidir. 'Gerekli' de─şi┼ştiricisini ekleyin veya ├Âzellik de─şerini null atanabilir olarak bildirmeyi g├Âz ├Ân├╝nde bulundurun. [C:\Users\lunap\OneDrive\Masa├╝st├╝\MyProjects\QuickStart1\QuickStart.WebApiLayer\QuickStart.WebApiLayer.csproj]
C:\Users\lunap\OneDrive\Masa├╝st├╝\MyProjects\QuickStart1\QuickStart.WebApiLayer\DTOs\ContactDTOs\CreateContactDto.cs(7,23): warning CS8618: Null atanamaz ├Âzellik 'Address', olu┼şturucudan ├ğ─▒k─▒┼ş yaparken null olmayan bir de─şer i├ğermelidir. 'Gerekli' de─şi┼ştiricisini ekleyin veya ├Âzellik de─şerini null atanabilir olarak bildirmeyi g├Âz ├Ân├╝nde bulundurun. [C:\Users\lunap\OneDrive\Masa├╝st├╝\MyProjects\QuickStart1\QuickStart.WebApiLayer\QuickStart.WebApiLayer.csproj]
C:\Users\lunap\OneDrive\Masa├╝st├╝\MyProjects\QuickStart1\QuickStart.WebApiLayer\DTOs\ContactDTOs\CreateContactDto.cs(8,23): warning CS8618: Null atanamaz ├Âzellik 'Phone', olu┼şturucudan ├ğ─▒k─▒┼ş yaparken null olmayan bir de─şer i├ğermelidir. 'Gerekli' de─şi┼ştiricisini ekleyin veya ├Âzellik de─şerini null atanabilir olarak bildirmeyi g├Âz ├Ân├╝nde bulundurun. [C:\Users\lunap\OneDrive\Masa├╝st├╝\MyProjects\QuickStart1\QuickStart.WebApiLayer\QuickStart.WebApiLayer.csproj]
C:\Users\lunap\OneDrive\Masa├╝st├╝\MyProjects\QuickStart1\QuickStart.WebApiLayer\DTOs\ContactDTOs\CreateContactDto.cs(9,23): warning CS8618: Null atanamaz ├Âzellik 'Email', olu┼şturucudan ├ğ─▒k─▒┼ş yaparken null olmayan bir de─şer i├ğermelidir. 'Gerekli' de─şi┼ştiricisini ekleyin veya ├Âzellik de─şerini null atanabilir olarak bildirmeyi g├Âz ├Ân├╝nde bulundurun. [C:\Users\lunap\OneDrive\Masa├╝st├╝\MyProjects\QuickStart1\QuickStart.WebApiLayer\QuickStart.WebApiLayer.csproj]
C:\Users\lunap\OneDrive\Masa├╝st├╝\MyProjects\QuickStart1\QuickStart.WebApiLayer\DTOs\FeaturedServiceDTOs\CreateFeaturedServiceDto.cs(5,23): warning CS8618: Null atanamaz ├Âzellik 'Icon', olu┼şturucudan ├ğ─▒k─▒┼ş yaparken null olmayan bir de─şer i├ğermelidir. 'Gerekli' de─şi┼ştiricisini ekleyin veya ├Âzellik de─şerini null atanabilir olarak bildirmeyi g├Âz ├Ân├╝nde bulundurun. [C:\Users\lunap\OneDrive\Masa├╝st├╝\MyProjects\QuickStart1\QuickStart.WebApiLayer\QuickStart.WebApiLayer.csproj]
C:\Users\lunap\OneDrive\Masa├╝st├╝\MyProjects\QuickStart1\QuickStart.WebApiLayer\DTOs\FeaturedServiceDTOs\CreateFeaturedServiceDto.cs(6,23): warning CS8618: Null atanamaz ├Âzellik 'Title', olu┼şturucudan ├ğ─▒k─▒┼ş yaparken null olmayan bir de─şer i├ğermelidir. 'Gerekli' de─şi┼ştiricisini ekleyin veya ├Âzellik de─şerini null atanabilir olarak bildirmeyi g├Âz ├Ân├╝nde bulundurun. [C:\Users\lunap\OneDrive\Masa├╝st├╝\MyProjects\QuickStart1\QuickStart.WebApiLayer\QuickStart.WebApiLayer.csproj]
C:\Users\lunap\OneDrive\Masa├╝st├╝\MyProjects\QuickStart1\QuickStart.WebApiLayer\DTOs\FeaturedServiceDTOs\CreateFeaturedServiceDto.cs(7,23): warning CS8618: Null atanamaz ├Âzellik 'Description', olu┼şturucudan ├ğ─▒k─▒┼ş yaparken null olmayan bir de─şer i├ğermelidir. 'Gerekli' de─şi┼ştiricisini ekleyin veya ├Âzellik de─şerini null atanabilir olarak bildirmeyi g├Âz ├Ân├╝nde bulundurun. [C:\Users\lunap\OneDrive\Masa├╝st├╝\MyProjects\QuickStart1\QuickStart.WebApiLayer\QuickStart.WebApiLayer.csproj]
C:\Users\lunap\OneDrive\Masa├╝st├╝\MyProjects\QuickStart1\QuickStart.WebApiLayer\DTOs\MessageDTOs\UpdateMessageDto.cs(6,23): warning CS8618: Null atanamaz ├Âzellik 'Name', olu┼şturucudan ├ğ─▒k─▒┼ş yaparken null olmayan bir de─şer i├ğermelidir. 'Gerekli' de─şi┼ştiricisini ekleyin veya ├Âzellik de─şerini null atanabilir olarak bildirmeyi g├Âz ├Ân├╝nde bulundurun. [C:\Users\lunap\OneDrive\Masa├╝st├╝\MyProjects\QuickStart1\QuickStart.WebApiLayer\QuickStart.WebApiLayer.csproj]
C:\Users\lunap\OneDrive\Masa├╝st├╝\MyProjects\QuickStart1\QuickStart.WebApiLayer\DTOs\MessageDTOs\UpdateMessageDto.cs(7,23): warning CS8618: Null atanamaz ├Âzellik 'Email', olu┼şturucudan ├ğ─▒k─▒┼ş yaparken null olmayan bir de─şer i├ğermelidir. 'Gerekli' de─şi┼ştiricisini ekleyin veya ├Âzellik de─şerini null atanabilir olarak bildirmeyi g├Âz ├Ân├╝nde bulundurun. [C:\Users\lunap\OneDrive\Masa├╝st├╝\MyProjects\QuickStart1\QuickStart.WebApiLayer\QuickStart.WebApiLayer.csproj]
C:\Users\lunap\OneDrive\Masa├╝st├╝\MyProjects\QuickStart1\QuickStart.WebApiLayer\DTOs\MessageDTOs\UpdateMessageDto.cs(8,23): warning CS8618: Null atanamaz ├Âzellik 'Subject', olu┼şturucudan ├ğ─▒k─▒┼ş yaparken null olmayan bir de─şer i├ğermelidir. 'Gerekli' de─şi┼ştiricisini ekleyin veya ├Âzellik de─şerini null atanabilir olarak bildirmeyi g├Âz ├Ân├╝nde bulundurun. [C:\Users\lunap\OneDrive\Masa├╝st├╝\MyProjects\QuickStart1\QuickStart.WebApiLayer\QuickStart.WebApiLayer.csproj]
C:\Users\lunap\OneDrive\Masa├╝st├╝\MyProjects\QuickStart1\QuickStart.WebApiLayer\DTOs\MessageDTOs\UpdateMessageDto.cs(9,23): warning CS8618: Null atanamaz ├Âzellik 'Content', olu┼şturucudan ├ğ─▒k─▒┼ş yaparken null olmayan bir de─şer i├ğermelidir. 'Gerekli' de─şi┼ştiricisini ekleyin veya ├Âzellik de─şerini null atanabilir olarak bildirmeyi g├Âz ├Ân├╝nde bulundurun. [C:\Users\lunap\OneDrive\Masa├╝st├╝\MyProjects\QuickStart1\QuickStart.WebApiLayer\QuickStart.WebApiLayer.csproj]
C:\Users\lunap\OneDrive\Masa├╝st├╝\MyProjects\QuickStart1\QuickStart.WebApiLayer\DTOs\FeaturedServiceDTOs\UpdateFeaturedServiceDto.cs(6,23): warning CS8618: Null atanamaz ├Âzellik 'Icon', olu┼şturucudan ├ğ─▒k─▒┼ş yaparken null olmayan bir de─şer i├ğermelidir. 'Gerekli' de─şi┼ştiricisini ekleyin veya ├Âzellik de─şerini null atanabilir olarak bildirmeyi g├Âz ├Ân├╝nde bulundurun. [C:\Users\lunap\OneDrive\Masa├╝st├╝\MyProjects\QuickStart1\QuickStart.WebApiLayer\QuickStart.WebApiLayer.csproj]
C:\Users\lunap\OneDrive\Masa├╝st├╝\MyProjects\QuickStart1\QuickStart.WebApiLayer\DTOs\FeaturedServiceDTOs\UpdateFeaturedServiceDto.cs(7,23): warning CS8618: Null atanamaz ├Âzellik 'Title', olu┼şturucudan ├ğ─▒k─▒┼ş yaparken null olmayan bir de─şer i├ğermelidir. 'Gerekli' de─şi┼ştiricisini ekleyin veya ├Âzellik de─şerini null atanabilir olarak bildirmeyi g├Âz ├Ân├╝nde bulundurun. [C:\Users\lunap\OneDrive\Masa├╝st├╝\MyProjects\QuickStart1\QuickStart.WebApiLayer\QuickStart.WebApiLayer.csproj]
C:\Users\lunap\OneDrive\Masa├╝st├╝\MyProjects\QuickStart1\QuickStart.WebApiLayer\DTOs\FeaturedServiceDTOs\UpdateFeaturedServiceDto.cs(8,23): warning CS8618: Null atanamaz ├Âzellik 'Description', olu┼şturucudan ├ğ─▒k─▒┼ş yaparken null olmayan bir de─şer i├ğermelidir. 'Gerekli' de─şi┼ştiricisini ekleyin veya ├Âzellik de─şerini null atanabilir olarak bildirmeyi g├Âz ├Ân├╝nde bulundurun. [C:\Users\lunap\OneDrive\Masa├╝st├╝\MyProjects\QuickStart1\QuickStart.WebApiLayer\QuickStart.WebApiLayer.csproj]
C:\Users\lunap\OneDrive\Masa├╝st├╝\MyProjects\QuickStart1\QuickStart.WebApiLayer\DTOs\NewsletterDTOs\UpdateNewsletterDto.cs(6,23): warning CS8618: Null atanamaz ├Âzellik 'Email', olu┼şturucudan ├ğ─▒k─▒┼ş yaparken null olmayan bir de─şer i├ğermelidir. 'Gerekli' de─şi┼ştiricisini ekleyin veya ├Âzellik de─şerini null atanabilir olarak bildirmeyi g├Âz ├Ân├╝nde bulundurun. [C:\Users\lunap\OneDrive\Masa├╝st├╝\MyProjects\QuickStart1\QuickStart.WebApiLayer\QuickStart.WebApiLayer.csproj]
C:\Users\lunap\OneDrive\Masa├╝st├╝\MyProjects\QuickStart1\QuickStart.WebApiLayer\DTOs\MessageDTOs\ResultMessageDto.cs(6,23): warning CS8618: Null atanamaz ├Âzellik 'Name', olu┼şturucudan ├ğ─▒k─▒┼ş yaparken null olmayan bir de─şer i├ğermelidir. 'Gerekli' de─şi┼ştiricisini ekleyin veya ├Âzellik de─şerini null atanabilir olarak bildirmeyi g├Âz ├Ân├╝nde bulundurun. [C:\Users\lunap\OneDrive\Masa├╝st├╝\MyProjects\QuickStart1\QuickStart.WebApiLayer\QuickStart.WebApiLayer.csproj]
C:\Users\lunap\OneDrive\Masa├╝st├╝\MyProjects\QuickStart1\QuickStart.WebApiLayer\DTOs\MessageDTOs\ResultMessageDto.cs(7,23): warning CS8618: Null atanamaz ├Âzellik 'Email', olu┼şturucudan ├ğ─▒k─▒┼ş yaparken null olmayan bir de─şer i├ğermelidir. 'Gerekli' de─şi┼ştiricisini ekleyin veya ├Âzellik de─şerini null atanabilir olarak bildirmeyi g├Âz ├Ân├╝nde bulundurun. [C:\Users\lunap\OneDrive\Masa├╝st├╝\MyProjects\QuickStart1\QuickStart.WebApiLayer\QuickStart.WebApiLayer.csproj]
C:\Users\lunap\OneDrive\Masa├╝st├╝\MyProjects\QuickStart1\QuickStart.WebApiLayer\DTOs\MessageDTOs\ResultMessageDto.cs(8,23): warning CS8618: Null atanamaz ├Âzellik 'Subject', olu┼şturucudan ├ğ─▒k─▒┼ş yaparken null olmayan bir de─şer i├ğermelidir. 'Gerekli' de─şi┼ştiricisini ekleyin veya ├Âzellik de─şerini null atanabilir olarak bildirmeyi g├Âz ├Ân├╝nde bulundurun. [C:\Users\lunap\OneDrive\Masa├╝st├╝\MyProjects\QuickStart1\QuickStart.WebApiLayer\QuickStart.WebApiLayer.csproj]
C:\Users\lunap\OneDrive\Masa├╝st├╝\MyProjects\QuickStart1\QuickStart.WebApiLayer\DTOs\MessageDTOs\ResultMessageDto.cs(9,23): warning CS8618: Null atanamaz ├Âzellik 'Content', olu┼şturucudan ├ğ─▒k─▒┼ş yaparken null olmayan bir de─şer i├ğermelidir. 'Gerekli' de─şi┼ştiricisini ekleyin veya ├Âzellik de─şerini null atanabilir olarak bildirmeyi g├Âz ├Ân├╝nde bulundurun. [C:\Users\lunap\OneDrive\Masa├╝st├╝\MyProjects\QuickStart1\QuickStart.WebApiLayer\QuickStart.WebApiLayer.csproj]
C:\Users\lunap\OneDrive\Masa├╝st├╝\MyProjects\QuickStart1\QuickStart.WebApiLayer\DTOs\FeaturedServiceDTOs\ResultFeaturedServiceDto.cs(6,23): warning CS8618: Null atanamaz ├Âzellik 'Icon', olu┼şturucudan ├ğ─▒k─▒┼ş yaparken null olmayan bir de─şer i├ğermelidir. 'Gerekli' de─şi┼ştiricisini ekleyin veya ├Âzellik de─şerini null atanabilir olarak bildirmeyi g├Âz ├Ân├╝nde bulundurun. [C:\Users\lunap\OneDrive\Masa├╝st├╝\MyProjects\QuickStart1\QuickStart.WebApiLayer\QuickStart.WebApiLayer.csproj]
C:\Users\lunap\OneDrive\Masa├╝st├╝\MyProjects\QuickStart1\QuickStart.WebApiLayer\DTOs\FeaturedServiceDTOs\ResultFeaturedServiceDto.cs(7,23): warning CS8618: Null atanamaz ├Âzellik 'Title', olu┼şturucudan ├ğ─▒k─▒┼ş yaparken null olmayan bir de─şer i├ğermelidir. 'Gerekli' de─şi┼ştiricisini ekleyin veya ├Âzellik de─şerini null atanabilir olarak bildirmeyi g├Âz ├Ân├╝nde bulundurun. [C:\Users\lunap\OneDrive\Masa├╝st├╝\MyProjects\QuickStart1\QuickStart.WebApiLayer\QuickStart.WebApiLayer.csproj]
C:\Users\lunap\OneDrive\Masa├╝st├╝\MyProjects\QuickStart1\QuickStart.WebApiLayer\DTOs\FeaturedServiceDTOs\ResultFeaturedServiceDto.cs(8,23): warning CS8618: Null atanamaz ├Âzellik 'Description', olu┼şturucudan ├ğ─▒k─▒┼ş yaparken null olmayan bir de─şer i├ğermelidir. 'Gerekli' de─şi┼ştiricisini ekleyin veya ├Âzellik de─şerini null atanabilir olarak bildirmeyi g├Âz ├Ân├╝nde bulundurun. [C:\Users\lunap\OneDrive\Masa├╝st├╝\MyProjects\QuickStart1\QuickStart.WebApiLayer\QuickStart.WebApiLayer.csproj]
C:\Users\lunap\OneDrive\Masa├╝st├╝\MyProjects\QuickStart1\QuickStart.WebApiLayer\DTOs\FeatureDTOs\UpdateFeatureDto.cs(6,23): warning CS8618: Null atanamaz ├Âzellik 'Icon', olu┼şturucudan ├ğ─▒k─▒┼ş yaparken null olmayan bir de─şer i├ğermelidir. 'Gerekli' de─şi┼ştiricisini ekleyin veya ├Âzellik de─şerini null atanabilir olarak bildirmeyi g├Âz ├Ân├╝nde bulundurun. [C:\Users\lunap\OneDrive\Masa├╝st├╝\MyProjects\QuickStart1\QuickStart.WebApiLayer\QuickStart.WebApiLayer.csproj]
C:\Users\lunap\OneDrive\Masa├╝st├╝\MyProjects\QuickStart1\QuickStart.WebApiLayer\DTOs\FeatureDTOs\UpdateFeatureDto.cs(7,23): warning CS8618: Null atanamaz ├Âzellik 'Title', olu┼şturucudan ├ğ─▒k─▒┼ş yaparken null olmayan bir de─şer i├ğermelidir. 'Gerekli' de─şi┼ştiricisini ekleyin veya ├Âzellik de─şerini null atanabilir olarak bildirmeyi g├Âz ├Ân├╝nde bulundurun. [C:\Users\lunap\OneDrive\Masa├╝st├╝\MyProjects\QuickStart1\QuickStart.WebApiLayer\QuickStart.WebApiLayer.csproj]
C:\Users\lunap\OneDrive\Masa├╝st├╝\MyProjects\QuickStart1\QuickStart.WebApiLayer\DTOs\FeatureDTOs\UpdateFeatureDto.cs(8,23): warning CS8618: Null atanamaz ├Âzellik 'Description', olu┼şturucudan ├ğ─▒k─▒┼ş yaparken null olmayan bir de─şer i├ğermelidir. 'Gerekli' de─şi┼ştiricisini ekleyin veya ├Âzellik de─şerini null atanabilir olarak bildirmeyi g├Âz ├Ân├╝nde bulundurun. [C:\Users\lunap\OneDrive\Masa├╝st├╝\MyProjects\QuickStart1\QuickStart.WebApiLayer\QuickStart.WebApiLayer.csproj]
C:\Users\lunap\OneDrive\Masa├╝st├╝\MyProjects\QuickStart1\QuickStart.WebApiLayer\DTOs\FeatureDTOs\UpdateFeatureDto.cs(9,23): warning CS8618: Null atanamaz ├Âzellik 'ImageUrl', olu┼şturucudan ├ğ─▒k─▒┼ş yaparken null olmayan bir de─şer i├ğermelidir. 'Gerekli' de─şi┼ştiricisini ekleyin veya ├Âzellik de─şerini null atanabilir olarak bildirmeyi g├Âz ├Ân├╝nde bulundurun. [C:\Users\lunap\OneDrive\Masa├╝st├╝\MyProjects\QuickStart1\QuickStart.WebApiLayer\QuickStart.WebApiLayer.csproj]
C:\Users\lunap\OneDrive\Masa├╝st├╝\MyProjects\QuickStart1\QuickStart.WebApiLayer\DTOs\MessageDTOs\CreateMessageDto.cs(5,23): warning CS8618: Null atanamaz ├Âzellik 'Name', olu┼şturucudan ├ğ─▒k─▒┼ş yaparken null olmayan bir de─şer i├ğermelidir. 'Gerekli' de─şi┼ştiricisini ekleyin veya ├Âzellik de─şerini null atanabilir olarak bildirmeyi g├Âz ├Ân├╝nde bulundurun. [C:\Users\lunap\OneDrive\Masa├╝st├╝\MyProjects\QuickStart1\QuickStart.WebApiLayer\QuickStart.WebApiLayer.csproj]
C:\Users\lunap\OneDrive\Masa├╝st├╝\MyProjects\QuickStart1\QuickStart.WebApiLayer\DTOs\MessageDTOs\CreateMessageDto.cs(6,23): warning CS8618: Null atanamaz ├Âzellik 'Email', olu┼şturucudan ├ğ─▒k─▒┼ş yaparken null olmayan bir de─şer i├ğermelidir. 'Gerekli' de─şi┼ştiricisini ekleyin veya ├Âzellik de─şerini null atanabilir olarak bildirmeyi g├Âz ├Ân├╝nde bulundurun. [C:\Users\lunap\OneDrive\Masa├╝st├╝\MyProjects\QuickStart1\QuickStart.WebApiLayer\QuickStart.WebApiLayer.csproj]
C:\Users\lunap\OneDrive\Masa├╝st├╝\MyProjects\QuickStart1\QuickStart.WebApiLayer\DTOs\MessageDTOs\CreateMessageDto.cs(7,23): warning CS8618: Null atanamaz ├Âzellik 'Subject', olu┼şturucudan ├ğ─▒k─▒┼ş yaparken null olmayan bir de─şer i├ğermelidir. 'Gerekli' de─şi┼ştiricisini ekleyin veya ├Âzellik de─şerini null atanabilir olarak bildirmeyi g├Âz ├Ân├╝nde bulundurun. [C:\Users\lunap\OneDrive\Masa├╝st├╝\MyProjects\QuickStart1\QuickStart.WebApiLayer\QuickStart.WebApiLayer.csproj]
C:\Users\lunap\OneDrive\Masa├╝st├╝\MyProjects\QuickStart1\QuickStart.WebApiLayer\DTOs\MessageDTOs\CreateMessageDto.cs(8,23): warning CS8618: Null atanamaz ├Âzellik 'Content', olu┼şturucudan ├ğ─▒k─▒┼ş yaparken null olmayan bir de─şer i├ğermelidir. 'Gerekli' de─şi┼ştiricisini ekleyin veya ├Âzellik de─şerini null atanabilir olarak bildirmeyi g├Âz ├Ân├╝nde bulundurun. [C:\Users\lunap\OneDrive\Masa├╝st├╝\MyProjects\QuickStart1\QuickStart.WebApiLayer\QuickStart.WebApiLayer.csproj]
C:\Users\lunap\OneDrive\Masa├╝st├╝\MyProjects\QuickStart1\QuickStart.WebApiLayer\DTOs\FeatureDTOs\CreateFeatureDto.cs(5,23): warning CS8618: Null atanamaz ├Âzellik 'Icon', olu┼şturucudan ├ğ─▒k─▒┼ş yaparken null olmayan bir de─şer i├ğermelidir. 'Gerekli' de─şi┼ştiricisini ekleyin veya ├Âzellik de─şerini null atanabilir olarak bildirmeyi g├Âz ├Ân├╝nde bulundurun. [C:\Users\lunap\OneDrive\Masa├╝st├╝\MyProjects\QuickStart1\QuickStart.WebApiLayer\QuickStart.WebApiLayer.csproj]
C:\Users\lunap\OneDrive\Masa├╝st├╝\MyProjects\QuickStart1\QuickStart.WebApiLayer\DTOs\FeatureDTOs\CreateFeatureDto.cs(6,23): warning CS8618: Null atanamaz ├Âzellik 'Title', olu┼şturucudan ├ğ─▒k─▒┼ş yaparken null olmayan bir de─şer i├ğermelidir. 'Gerekli' de─şi┼ştiricisini ekleyin veya ├Âzellik de─şerini null atanabilir olarak bildirmeyi g├Âz ├Ân├╝nde bulundurun. [C:\Users\lunap\OneDrive\Masa├╝st├╝\MyProjects\QuickStart1\QuickStart.WebApiLayer\QuickStart.WebApiLayer.csproj]
C:\Users\lunap\OneDrive\Masa├╝st├╝\MyProjects\QuickStart1\QuickStart.WebApiLayer\DTOs\FeatureDTOs\CreateFeatureDto.cs(7,23): warning CS8618: Null atanamaz ├Âzellik 'Description', olu┼şturucudan ├ğ─▒k─▒┼ş yaparken null olmayan bir de─şer i├ğermelidir. 'Gerekli' de─şi┼ştiricisini ekleyin veya ├Âzellik de─şerini null atanabilir olarak bildirmeyi g├Âz ├Ân├╝nde bulundurun. [C:\Users\lunap\OneDrive\Masa├╝st├╝\MyProjects\QuickStart1\QuickStart.WebApiLayer\QuickStart.WebApiLayer.csproj]
C:\Users\lunap\OneDrive\Masa├╝st├╝\MyProjects\QuickStart1\QuickStart.WebApiLayer\DTOs\FeatureDTOs\CreateFeatureDto.cs(8,23): warning CS8618: Null atanamaz ├Âzellik 'ImageUrl', olu┼şturucudan ├ğ─▒k─▒┼ş yaparken null olmayan bir de─şer i├ğermelidir. 'Gerekli' de─şi┼ştiricisini ekleyin veya ├Âzellik de─şerini null atanabilir olarak bildirmeyi g├Âz ├Ân├╝nde bulundurun. [C:\Users\lunap\OneDrive\Masa├╝st├╝\MyProjects\QuickStart1\QuickStart.WebApiLayer\QuickStart.WebApiLayer.csproj]
C:\Users\lunap\OneDrive\Masa├╝st├╝\MyProjects\QuickStart1\QuickStart.WebApiLayer\DTOs\NewsletterDTOs\ResultNewsletterDto.cs(6,23): warning CS8618: Null atanamaz ├Âzellik 'Email', olu┼şturucudan ├ğ─▒k─▒┼ş yaparken null olmayan bir de─şer i├ğermelidir. 'Gerekli' de─şi┼ştiricisini ekleyin veya ├Âzellik de─şerini null atanabilir olarak bildirmeyi g├Âz ├Ân├╝nde bulundurun. [C:\Users\lunap\OneDrive\Masa├╝st├╝\MyProjects\QuickStart1\QuickStart.WebApiLayer\QuickStart.WebApiLayer.csproj]
C:\Users\lunap\OneDrive\Masa├╝st├╝\MyProjects\QuickStart1\QuickStart.WebApiLayer\DTOs\NewsletterDTOs\CreateNewsletterDto.cs(5,23): warning CS8618: Null atanamaz ├Âzellik 'Email', olu┼şturucudan ├ğ─▒k─▒┼ş yaparken null olmayan bir de─şer i├ğermelidir. 'Gerekli' de─şi┼ştiricisini ekleyin veya ├Âzellik de─şerini null atanabilir olarak bildirmeyi g├Âz ├Ân├╝nde bulundurun. [C:\Users\lunap\OneDrive\Masa├╝st├╝\MyProjects\QuickStart1\QuickStart.WebApiLayer\QuickStart.WebApiLayer.csproj]
C:\Users\lunap\OneDrive\Masa├╝st├╝\MyProjects\QuickStart1\QuickStart.WebApiLayer\DTOs\FeatureDTOs\ResultFeatureDto.cs(6,23): warning CS8618: Null atanamaz ├Âzellik 'Icon', olu┼şturucudan ├ğ─▒k─▒┼ş yaparken null olmayan bir de─şer i├ğermelidir. 'Gerekli' de─şi┼ştiricisini ekleyin veya ├Âzellik de─şerini null atanabilir olarak bildirmeyi g├Âz ├Ân├╝nde bulundurun. [C:\Users\lunap\OneDrive\Masa├╝st├╝\MyProjects\QuickStart1\QuickStart.WebApiLayer\QuickStart.WebApiLayer.csproj]
C:\Users\lunap\OneDrive\Masa├╝st├╝\MyProjects\QuickStart1\QuickStart.WebApiLayer\DTOs\FeatureDTOs\ResultFeatureDto.cs(7,23): warning CS8618: Null atanamaz ├Âzellik 'Title', olu┼şturucudan ├ğ─▒k─▒┼ş yaparken null olmayan bir de─şer i├ğermelidir. 'Gerekli' de─şi┼ştiricisini ekleyin veya ├Âzellik de─şerini null atanabilir olarak bildirmeyi g├Âz ├Ân├╝nde bulundurun. [C:\Users\lunap\OneDrive\Masa├╝st├╝\MyProjects\QuickStart1\QuickStart.WebApiLayer\QuickStart.WebApiLayer.csproj]
C:\Users\lunap\OneDrive\Masa├╝st├╝\MyProjects\QuickStart1\QuickStart.WebApiLayer\DTOs\FeatureDTOs\ResultFeatureDto.cs(8,23): warning CS8618: Null atanamaz ├Âzellik 'Description', olu┼şturucudan ├ğ─▒k─▒┼ş yaparken null olmayan bir de─şer i├ğermelidir. 'Gerekli' de─şi┼ştiricisini ekleyin veya ├Âzellik de─şerini null atanabilir olarak bildirmeyi g├Âz ├Ân├╝nde bulundurun. [C:\Users\lunap\OneDrive\Masa├╝st├╝\MyProjects\QuickStart1\QuickStart.WebApiLayer\QuickStart.WebApiLayer.csproj]
C:\Users\lunap\OneDrive\Masa├╝st├╝\MyProjects\QuickStart1\QuickStart.WebApiLayer\DTOs\FeatureDTOs\ResultFeatureDto.cs(9,23): warning CS8618: Null atanamaz ├Âzellik 'ImageUrl', olu┼şturucudan ├ğ─▒k─▒┼ş yaparken null olmayan bir de─şer i├ğermelidir. 'Gerekli' de─şi┼ştiricisini ekleyin veya ├Âzellik de─şerini null atanabilir olarak bildirmeyi g├Âz ├Ân├╝nde bulundurun. [C:\Users\lunap\OneDrive\Masa├╝st├╝\MyProjects\QuickStart1\QuickStart.WebApiLayer\QuickStart.WebApiLayer.csproj]
C:\Users\lunap\OneDrive\Masa├╝st├╝\MyProjects\QuickStart1\QuickStart.WebApiLayer\Controller\FeaturedServicesController.cs(45,46): warning CS8604: 'EntityEntry<FeaturedService> DbSet<FeaturedService>.Remove(FeaturedService entity)' i├ğindeki 'entity' parametresi i├ğin olas─▒ null ba┼şvuru ba─ş─▒ms─▒z de─şi┼şkeni. [C:\Users\lunap\OneDrive\Masa├╝st├╝\MyProjects\QuickStart1\QuickStart.WebApiLayer\QuickStart.WebApiLayer.csproj]
C:\Users\lunap\OneDrive\Masa├╝st├╝\MyProjects\QuickStart1\QuickStart.WebApiLayer\Controller\FeaturesController.cs(46,38): warning CS8604: 'EntityEntry<Feature> DbSet<Feature>.Remove(Feature entity)' i├ğindeki 'entity' parametresi i├ğin olas─▒ null ba┼şvuru ba─ş─▒ms─▒z de─şi┼şkeni. [C:\Users\lunap\OneDrive\Masa├╝st├╝\MyProjects\QuickStart1\QuickStart.WebApiLayer\QuickStart.WebApiLayer.csproj]
C:\Users\lunap\OneDrive\Masa├╝st├╝\MyProjects\QuickStart1\QuickStart.WebApiLayer\Controller\ServicesController.cs(45,38): warning CS8604: 'EntityEntry<Service> DbSet<Service>.Remove(Service entity)' i├ğindeki 'entity' parametresi i├ğin olas─▒ null ba┼şvuru ba─ş─▒ms─▒z de─şi┼şkeni. [C:\Users\lunap\OneDrive\Masa├╝st├╝\MyProjects\QuickStart1\QuickStart.WebApiLayer\QuickStart.WebApiLayer.csproj]
C:\Users\lunap\OneDrive\Masa├╝st├╝\MyProjects\QuickStart1\QuickStart.WebApiLayer\Controller\AboutsController.cs(45,36): warning CS8604: 'EntityEntry<About> DbSet<About>.Remove(About entity)' i├ğindeki 'entity' parametresi i├ğin olas─▒ null ba┼şvuru ba─ş─▒ms─▒z de─şi┼şkeni. [C:\Users\lunap\OneDrive\Masa├╝st├╝\MyProjects\QuickStart1\QuickStart.WebApiLayer\QuickStart.WebApiLayer.csproj]
C:\Users\lunap\OneDrive\Masa├╝st├╝\MyProjects\QuickStart1\QuickStart.WebApiLayer\Controller\TestimonialsController.cs(46,42): warning CS8604: 'EntityEntry<Testimonial> DbSet<Testimonial>.Remove(Testimonial entity)' i├ğindeki 'entity' parametresi i├ğin olas─▒ null ba┼şvuru ba─ş─▒ms─▒z de─şi┼şkeni. [C:\Users\lunap\OneDrive\Masa├╝st├╝\MyProjects\QuickStart1\QuickStart.WebApiLayer\QuickStart.WebApiLayer.csproj]
C:\Users\lunap\OneDrive\Masa├╝st├╝\MyProjects\QuickStart1\QuickStart.WebApiLayer\Controller\FaqsController.cs(44,34): warning CS8604: 'EntityEntry<FAQ> DbSet<FAQ>.Remove(FAQ entity)' i├ğindeki 'entity' parametresi i├ğin olas─▒ null ba┼şvuru ba─ş─▒ms─▒z de─şi┼şkeni. [C:\Users\lunap\OneDrive\Masa├╝st├╝\MyProjects\QuickStart1\QuickStart.WebApiLayer\QuickStart.WebApiLayer.csproj]
C:\Users\lunap\OneDrive\Masa├╝st├╝\MyProjects\QuickStart1\QuickStart.WebApiLayer\Controller\FeaturedServicesController.cs(54,13): warning CS8602: Olas─▒ bir null ba┼şvurunun ba┼şvurma i┼şlemi. [C:\Users\lunap\OneDrive\Masa├╝st├╝\MyProjects\QuickStart1\QuickStart.WebApiLayer\QuickStart.WebApiLayer.csproj]
C:\Users\lunap\OneDrive\Masa├╝st├╝\MyProjects\QuickStart1\QuickStart.WebApiLayer\Controller\ServicesController.cs(54,13): warning CS8602: Olas─▒ bir null ba┼şvurunun ba┼şvurma i┼şlemi. [C:\Users\lunap\OneDrive\Masa├╝st├╝\MyProjects\QuickStart1\QuickStart.WebApiLayer\QuickStart.WebApiLayer.csproj]
C:\Users\lunap\OneDrive\Masa├╝st├╝\MyProjects\QuickStart1\QuickStart.WebApiLayer\Controller\AboutsController.cs(54,13): warning CS8602: Olas─▒ bir null ba┼şvurunun ba┼şvurma i┼şlemi. [C:\Users\lunap\OneDrive\Masa├╝st├╝\MyProjects\QuickStart1\QuickStart.WebApiLayer\QuickStart.WebApiLayer.csproj]
C:\Users\lunap\OneDrive\Masa├╝st├╝\MyProjects\QuickStart1\QuickStart.WebApiLayer\Controller\FeaturesController.cs(55,13): warning CS8602: Olas─▒ bir null ba┼şvurunun ba┼şvurma i┼şlemi. [C:\Users\lunap\OneDrive\Masa├╝st├╝\MyProjects\QuickStart1\QuickStart.WebApiLayer\QuickStart.WebApiLayer.csproj]
C:\Users\lunap\OneDrive\Masa├╝st├╝\MyProjects\QuickStart1\QuickStart.WebApiLayer\Controller\TestimonialsController.cs(55,13): warning CS8602: Olas─▒ bir null ba┼şvurunun ba┼şvurma i┼şlemi. [C:\Users\lunap\OneDrive\Masa├╝st├╝\MyProjects\QuickStart1\QuickStart.WebApiLayer\QuickStart.WebApiLayer.csproj]
C:\Users\lunap\OneDrive\Masa├╝st├╝\MyProjects\QuickStart1\QuickStart.WebApiLayer\Controller\FaqsController.cs(53,13): warning CS8602: Olas─▒ bir null ba┼şvurunun ba┼şvurma i┼şlemi. [C:\Users\lunap\OneDrive\Masa├╝st├╝\MyProjects\QuickStart1\QuickStart.WebApiLayer\QuickStart.WebApiLayer.csproj]
C:\Users\lunap\OneDrive\Masa├╝st├╝\MyProjects\QuickStart1\QuickStart.WebApiLayer\Controller\NewslettersController.cs(43,41): warning CS8604: 'EntityEntry<Newsletter> DbSet<Newsletter>.Remove(Newsletter entity)' i├ğindeki 'entity' parametresi i├ğin olas─▒ null ba┼şvuru ba─ş─▒ms─▒z de─şi┼şkeni. [C:\Users\lunap\OneDrive\Masa├╝st├╝\MyProjects\QuickStart1\QuickStart.WebApiLayer\QuickStart.WebApiLayer.csproj]
C:\Users\lunap\OneDrive\Masa├╝st├╝\MyProjects\QuickStart1\QuickStart.WebApiLayer\Controller\FeaturedServicesController.cs(63,59): warning CS8602: Olas─▒ bir null ba┼şvurunun ba┼şvurma i┼şlemi. [C:\Users\lunap\OneDrive\Masa├╝st├╝\MyProjects\QuickStart1\QuickStart.WebApiLayer\QuickStart.WebApiLayer.csproj]
C:\Users\lunap\OneDrive\Masa├╝st├╝\MyProjects\QuickStart1\QuickStart.WebApiLayer\Controller\PricingsController.cs(48,38): warning CS8604: 'EntityEntry<Pricing> DbSet<Pricing>.Remove(Pricing entity)' i├ğindeki 'entity' parametresi i├ğin olas─▒ null ba┼şvuru ba─ş─▒ms─▒z de─şi┼şkeni. [C:\Users\lunap\OneDrive\Masa├╝st├╝\MyProjects\QuickStart1\QuickStart.WebApiLayer\QuickStart.WebApiLayer.csproj]
C:\Users\lunap\OneDrive\Masa├╝st├╝\MyProjects\QuickStart1\QuickStart.WebApiLayer\Controller\ServicesController.cs(63,51): warning CS8602: Olas─▒ bir null ba┼şvurunun ba┼şvurma i┼şlemi. [C:\Users\lunap\OneDrive\Masa├╝st├╝\MyProjects\QuickStart1\QuickStart.WebApiLayer\QuickStart.WebApiLayer.csproj]
C:\Users\lunap\OneDrive\Masa├╝st├╝\MyProjects\QuickStart1\QuickStart.WebApiLayer\Controller\AboutsController.cs(63,49): warning CS8602: Olas─▒ bir null ba┼şvurunun ba┼şvurma i┼şlemi. [C:\Users\lunap\OneDrive\Masa├╝st├╝\MyProjects\QuickStart1\QuickStart.WebApiLayer\QuickStart.WebApiLayer.csproj]
C:\Users\lunap\OneDrive\Masa├╝st├╝\MyProjects\QuickStart1\QuickStart.WebApiLayer\Controller\FeaturesController.cs(64,51): warning CS8602: Olas─▒ bir null ba┼şvurunun ba┼şvurma i┼şlemi. [C:\Users\lunap\OneDrive\Masa├╝st├╝\MyProjects\QuickStart1\QuickStart.WebApiLayer\QuickStart.WebApiLayer.csproj]
C:\Users\lunap\OneDrive\Masa├╝st├╝\MyProjects\QuickStart1\QuickStart.WebApiLayer\Controller\TestimonialsController.cs(64,55): warning CS8602: Olas─▒ bir null ba┼şvurunun ba┼şvurma i┼şlemi. [C:\Users\lunap\OneDrive\Masa├╝st├╝\MyProjects\QuickStart1\QuickStart.WebApiLayer\QuickStart.WebApiLayer.csproj]
C:\Users\lunap\OneDrive\Masa├╝st├╝\MyProjects\QuickStart1\QuickStart.WebApiLayer\Controller\FaqsController.cs(62,47): warning CS8602: Olas─▒ bir null ba┼şvurunun ba┼şvurma i┼şlemi. [C:\Users\lunap\OneDrive\Masa├╝st├╝\MyProjects\QuickStart1\QuickStart.WebApiLayer\QuickStart.WebApiLayer.csproj]
C:\Users\lunap\OneDrive\Masa├╝st├╝\MyProjects\QuickStart1\QuickStart.WebApiLayer\Controller\NewslettersController.cs(52,13): warning CS8602: Olas─▒ bir null ba┼şvurunun ba┼şvurma i┼şlemi. [C:\Users\lunap\OneDrive\Masa├╝st├╝\MyProjects\QuickStart1\QuickStart.WebApiLayer\QuickStart.WebApiLayer.csproj]
C:\Users\lunap\OneDrive\Masa├╝st├╝\MyProjects\QuickStart1\QuickStart.WebApiLayer\Controller\NewslettersController.cs(61,54): warning CS8602: Olas─▒ bir null ba┼şvurunun ba┼şvurma i┼şlemi. [C:\Users\lunap\OneDrive\Masa├╝st├╝\MyProjects\QuickStart1\QuickStart.WebApiLayer\QuickStart.WebApiLayer.csproj]
C:\Users\lunap\OneDrive\Masa├╝st├╝\MyProjects\QuickStart1\QuickStart.WebApiLayer\Controller\PricingsController.cs(57,13): warning CS8602: Olas─▒ bir null ba┼şvurunun ba┼şvurma i┼şlemi. [C:\Users\lunap\OneDrive\Masa├╝st├╝\MyProjects\QuickStart1\QuickStart.WebApiLayer\QuickStart.WebApiLayer.csproj]
C:\Users\lunap\OneDrive\Masa├╝st├╝\MyProjects\QuickStart1\QuickStart.WebApiLayer\Controller\PricingsController.cs(66,51): warning CS8602: Olas─▒ bir null ba┼şvurunun ba┼şvurma i┼şlemi. [C:\Users\lunap\OneDrive\Masa├╝st├╝\MyProjects\QuickStart1\QuickStart.WebApiLayer\QuickStart.WebApiLayer.csproj]
C:\Users\lunap\OneDrive\Masa├╝st├╝\MyProjects\QuickStart1\QuickStart.WebApiLayer\Controller\MessagesController.cs(46,38): warning CS8604: 'EntityEntry<Message> DbSet<Message>.Remove(Message entity)' i├ğindeki 'entity' parametresi i├ğin olas─▒ null ba┼şvuru ba─ş─▒ms─▒z de─şi┼şkeni. [C:\Users\lunap\OneDrive\Masa├╝st├╝\MyProjects\QuickStart1\QuickStart.WebApiLayer\QuickStart.WebApiLayer.csproj]
C:\Users\lunap\OneDrive\Masa├╝st├╝\MyProjects\QuickStart1\QuickStart.WebApiLayer\Controller\ContactsController.cs(47,38): warning CS8604: 'EntityEntry<Contact> DbSet<Contact>.Remove(Contact entity)' i├ğindeki 'entity' parametresi i├ğin olas─▒ null ba┼şvuru ba─ş─▒ms─▒z de─şi┼şkeni. [C:\Users\lunap\OneDrive\Masa├╝st├╝\MyProjects\QuickStart1\QuickStart.WebApiLayer\QuickStart.WebApiLayer.csproj]
C:\Users\lunap\OneDrive\Masa├╝st├╝\MyProjects\QuickStart1\QuickStart.WebApiLayer\Controller\MessagesController.cs(55,13): warning CS8602: Olas─▒ bir null ba┼şvurunun ba┼şvurma i┼şlemi. [C:\Users\lunap\OneDrive\Masa├╝st├╝\MyProjects\QuickStart1\QuickStart.WebApiLayer\QuickStart.WebApiLayer.csproj]
C:\Users\lunap\OneDrive\Masa├╝st├╝\MyProjects\QuickStart1\QuickStart.WebApiLayer\Controller\ContactsController.cs(56,13): warning CS8602: Olas─▒ bir null ba┼şvurunun ba┼şvurma i┼şlemi. [C:\Users\lunap\OneDrive\Masa├╝st├╝\MyProjects\QuickStart1\QuickStart.WebApiLayer\QuickStart.WebApiLayer.csproj]
C:\Users\lunap\OneDrive\Masa├╝st├╝\MyProjects\QuickStart1\QuickStart.WebApiLayer\Controller\ContactsController.cs(65,51): warning CS8602: Olas─▒ bir null ba┼şvurunun ba┼şvurma i┼şlemi. [C:\Users\lunap\OneDrive\Masa├╝st├╝\MyProjects\QuickStart1\QuickStart.WebApiLayer\QuickStart.WebApiLayer.csproj]
C:\Users\lunap\OneDrive\Masa├╝st├╝\MyProjects\QuickStart1\QuickStart.WebApiLayer\Controller\MessagesController.cs(64,51): warning CS8602: Olas─▒ bir null ba┼şvurunun ba┼şvurma i┼şlemi. [C:\Users\lunap\OneDrive\Masa├╝st├╝\MyProjects\QuickStart1\QuickStart.WebApiLayer\QuickStart.WebApiLayer.csproj]
C:\Program Files\dotnet\sdk\10.0.201\Microsoft.Common.CurrentVersion.targets(5395,5): warning MSB3026: "C:\Users\lunap\OneDrive\Masa├╝st├╝\MyProjects\QuickStart1\QuickStart.WebApiLayer\obj\Debug\net9.0\apphost.exe", "bin\Debug\net9.0\QuickStart.WebApiLayer.exe" ├╝zerine kopyalanamad─▒. 1 numaral─▒ yeniden denemeye 1000 ms i├ğinde ba┼şlanacak. The process cannot access the file 'C:\Users\lunap\OneDrive\Masa├╝st├╝\MyProjects\QuickStart1\QuickStart.WebApiLayer\bin\Debug\net9.0\QuickStart.WebApiLayer.exe' because it is being used by another process. Dosya ┼şunun taraf─▒ndan kilitlendi: "QuickStart.WebApiLayer (33384)" [C:\Users\lunap\OneDrive\Masa├╝st├╝\MyProjects\QuickStart1\QuickStart.WebApiLayer\QuickStart.WebApiLayer.csproj]
C:\Users\lunap\OneDrive\Masa├╝st├╝\MyProjects\QuickStart1\QuickStartProject.WebUILayer\Areas\Admin\Models\News.cs(30,23): warning CS8618: Null atanamaz ├Âzellik 'topic_id', olu┼şturucudan ├ğ─▒k─▒┼ş yaparken null olmayan bir de─şer i├ğermelidir. 'Gerekli' de─şi┼ştiricisini ekleyin veya ├Âzellik de─şerini null atanabilir olarak bildirmeyi g├Âz ├Ân├╝nde bulundurun. [C:\Users\lunap\OneDrive\Masa├╝st├╝\MyProjects\QuickStart1\QuickStartProject.WebUILayer\QuickStartProject.WebUILayer.csproj]
C:\Users\lunap\OneDrive\Masa├╝st├╝\MyProjects\QuickStart1\QuickStartProject.WebUILayer\Areas\Admin\Models\News.cs(31,23): warning CS8618: Null atanamaz ├Âzellik 'topic_name', olu┼şturucudan ├ğ─▒k─▒┼ş yaparken null olmayan bir de─şer i├ğermelidir. 'Gerekli' de─şi┼ştiricisini ekleyin veya ├Âzellik de─şerini null atanabilir olarak bildirmeyi g├Âz ├Ân├╝nde bulundurun. [C:\Users\lunap\OneDrive\Masa├╝st├╝\MyProjects\QuickStart1\QuickStartProject.WebUILayer\QuickStartProject.WebUILayer.csproj]
C:\Users\lunap\OneDrive\Masa├╝st├╝\MyProjects\QuickStart1\QuickStartProject.WebUILayer\Areas\Admin\Models\News.cs(12,23): warning CS8618: Null atanamaz ├Âzellik 'article_id', olu┼şturucudan ├ğ─▒k─▒┼ş yaparken null olmayan bir de─şer i├ğermelidir. 'Gerekli' de─şi┼ştiricisini ekleyin veya ├Âzellik de─şerini null atanabilir olarak bildirmeyi g├Âz ├Ân├╝nde bulundurun. [C:\Users\lunap\OneDrive\Masa├╝st├╝\MyProjects\QuickStart1\QuickStartProject.WebUILayer\QuickStartProject.WebUILayer.csproj]
C:\Users\lunap\OneDrive\Masa├╝st├╝\MyProjects\QuickStart1\QuickStartProject.WebUILayer\Areas\Admin\Models\News.cs(13,23): warning CS8618: Null atanamaz ├Âzellik 'title', olu┼şturucudan ├ğ─▒k─▒┼ş yaparken null olmayan bir de─şer i├ğermelidir. 'Gerekli' de─şi┼ştiricisini ekleyin veya ├Âzellik de─şerini null atanabilir olarak bildirmeyi g├Âz ├Ân├╝nde bulundurun. [C:\Users\lunap\OneDrive\Masa├╝st├╝\MyProjects\QuickStart1\QuickStartProject.WebUILayer\QuickStartProject.WebUILayer.csproj]
C:\Users\lunap\OneDrive\Masa├╝st├╝\MyProjects\QuickStart1\QuickStartProject.WebUILayer\Areas\Admin\Models\News.cs(14,23): warning CS8618: Null atanamaz ├Âzellik 'link', olu┼şturucudan ├ğ─▒k─▒┼ş yaparken null olmayan bir de─şer i├ğermelidir. 'Gerekli' de─şi┼ştiricisini ekleyin veya ├Âzellik de─şerini null atanabilir olarak bildirmeyi g├Âz ├Ân├╝nde bulundurun. [C:\Users\lunap\OneDrive\Masa├╝st├╝\MyProjects\QuickStart1\QuickStartProject.WebUILayer\QuickStartProject.WebUILayer.csproj]
C:\Users\lunap\OneDrive\Masa├╝st├╝\MyProjects\QuickStart1\QuickStartProject.WebUILayer\Areas\Admin\Models\News.cs(15,23): warning CS8618: Null atanamaz ├Âzellik 'snippet', olu┼şturucudan ├ğ─▒k─▒┼ş yaparken null olmayan bir de─şer i├ğermelidir. 'Gerekli' de─şi┼ştiricisini ekleyin veya ├Âzellik de─şerini null atanabilir olarak bildirmeyi g├Âz ├Ân├╝nde bulundurun. [C:\Users\lunap\OneDrive\Masa├╝st├╝\MyProjects\QuickStart1\QuickStartProject.WebUILayer\QuickStartProject.WebUILayer.csproj]
C:\Users\lunap\OneDrive\Masa├╝st├╝\MyProjects\QuickStart1\QuickStartProject.WebUILayer\Areas\Admin\Models\News.cs(16,23): warning CS8618: Null atanamaz ├Âzellik 'photo_url', olu┼şturucudan ├ğ─▒k─▒┼ş yaparken null olmayan bir de─şer i├ğermelidir. 'Gerekli' de─şi┼ştiricisini ekleyin veya ├Âzellik de─şerini null atanabilir olarak bildirmeyi g├Âz ├Ân├╝nde bulundurun. [C:\Users\lunap\OneDrive\Masa├╝st├╝\MyProjects\QuickStart1\QuickStartProject.WebUILayer\QuickStartProject.WebUILayer.csproj]
C:\Users\lunap\OneDrive\Masa├╝st├╝\MyProjects\QuickStart1\QuickStartProject.WebUILayer\Areas\Admin\Models\News.cs(17,23): warning CS8618: Null atanamaz ├Âzellik 'thumbnail_url', olu┼şturucudan ├ğ─▒k─▒┼ş yaparken null olmayan bir de─şer i├ğermelidir. 'Gerekli' de─şi┼ştiricisini ekleyin veya ├Âzellik de─şerini null atanabilir olarak bildirmeyi g├Âz ├Ân├╝nde bulundurun. [C:\Users\lunap\OneDrive\Masa├╝st├╝\MyProjects\QuickStart1\QuickStartProject.WebUILayer\QuickStartProject.WebUILayer.csproj]
C:\Users\lunap\OneDrive\Masa├╝st├╝\MyProjects\QuickStart1\QuickStartProject.WebUILayer\Areas\Admin\Models\News.cs(19,25): warning CS8618: Null atanamaz ├Âzellik 'authors', olu┼şturucudan ├ğ─▒k─▒┼ş yaparken null olmayan bir de─şer i├ğermelidir. 'Gerekli' de─şi┼ştiricisini ekleyin veya ├Âzellik de─şerini null atanabilir olarak bildirmeyi g├Âz ├Ân├╝nde bulundurun. [C:\Users\lunap\OneDrive\Masa├╝st├╝\MyProjects\QuickStart1\QuickStartProject.WebUILayer\QuickStartProject.WebUILayer.csproj]
C:\Users\lunap\OneDrive\Masa├╝st├╝\MyProjects\QuickStart1\QuickStartProject.WebUILayer\Areas\Admin\Models\News.cs(20,23): warning CS8618: Null atanamaz ├Âzellik 'source_url', olu┼şturucudan ├ğ─▒k─▒┼ş yaparken null olmayan bir de─şer i├ğermelidir. 'Gerekli' de─şi┼ştiricisini ekleyin veya ├Âzellik de─şerini null atanabilir olarak bildirmeyi g├Âz ├Ân├╝nde bulundurun. [C:\Users\lunap\OneDrive\Masa├╝st├╝\MyProjects\QuickStart1\QuickStartProject.WebUILayer\QuickStartProject.WebUILayer.csproj]
C:\Users\lunap\OneDrive\Masa├╝st├╝\MyProjects\QuickStart1\QuickStartProject.WebUILayer\Areas\Admin\Models\News.cs(21,23): warning CS8618: Null atanamaz ├Âzellik 'source_name', olu┼şturucudan ├ğ─▒k─▒┼ş yaparken null olmayan bir de─şer i├ğermelidir. 'Gerekli' de─şi┼ştiricisini ekleyin veya ├Âzellik de─şerini null atanabilir olarak bildirmeyi g├Âz ├Ân├╝nde bulundurun. [C:\Users\lunap\OneDrive\Masa├╝st├╝\MyProjects\QuickStart1\QuickStartProject.WebUILayer\QuickStartProject.WebUILayer.csproj]
C:\Users\lunap\OneDrive\Masa├╝st├╝\MyProjects\QuickStart1\QuickStartProject.WebUILayer\Areas\Admin\Models\News.cs(22,23): warning CS8618: Null atanamaz ├Âzellik 'source_logo_url', olu┼şturucudan ├ğ─▒k─▒┼ş yaparken null olmayan bir de─şer i├ğermelidir. 'Gerekli' de─şi┼ştiricisini ekleyin veya ├Âzellik de─şerini null atanabilir olarak bildirmeyi g├Âz ├Ân├╝nde bulundurun. [C:\Users\lunap\OneDrive\Masa├╝st├╝\MyProjects\QuickStart1\QuickStartProject.WebUILayer\QuickStartProject.WebUILayer.csproj]
C:\Users\lunap\OneDrive\Masa├╝st├╝\MyProjects\QuickStart1\QuickStartProject.WebUILayer\Areas\Admin\Models\News.cs(23,23): warning CS8618: Null atanamaz ├Âzellik 'source_favicon_url', olu┼şturucudan ├ğ─▒k─▒┼ş yaparken null olmayan bir de─şer i├ğermelidir. 'Gerekli' de─şi┼ştiricisini ekleyin veya ├Âzellik de─şerini null atanabilir olarak bildirmeyi g├Âz ├Ân├╝nde bulundurun. [C:\Users\lunap\OneDrive\Masa├╝st├╝\MyProjects\QuickStart1\QuickStartProject.WebUILayer\QuickStartProject.WebUILayer.csproj]
C:\Users\lunap\OneDrive\Masa├╝st├╝\MyProjects\QuickStart1\QuickStartProject.WebUILayer\Areas\Admin\Models\News.cs(24,23): warning CS8618: Null atanamaz ├Âzellik 'source_publication_id', olu┼şturucudan ├ğ─▒k─▒┼ş yaparken null olmayan bir de─şer i├ğermelidir. 'Gerekli' de─şi┼ştiricisini ekleyin veya ├Âzellik de─şerini null atanabilir olarak bildirmeyi g├Âz ├Ân├╝nde bulundurun. [C:\Users\lunap\OneDrive\Masa├╝st├╝\MyProjects\QuickStart1\QuickStartProject.WebUILayer\QuickStartProject.WebUILayer.csproj]
C:\Users\lunap\OneDrive\Masa├╝st├╝\MyProjects\QuickStart1\QuickStartProject.WebUILayer\Areas\Admin\Models\News.cs(25,33): warning CS8618: Null atanamaz ├Âzellik 'related_topics', olu┼şturucudan ├ğ─▒k─▒┼ş yaparken null olmayan bir de─şer i├ğermelidir. 'Gerekli' de─şi┼ştiricisini ekleyin veya ├Âzellik de─şerini null atanabilir olarak bildirmeyi g├Âz ├Ân├╝nde bulundurun. [C:\Users\lunap\OneDrive\Masa├╝st├╝\MyProjects\QuickStart1\QuickStartProject.WebUILayer\QuickStartProject.WebUILayer.csproj]
C:\Users\lunap\OneDrive\Masa├╝st├╝\MyProjects\QuickStart1\QuickStartProject.WebUILayer\Areas\Admin\Models\News.cs(5,23): warning CS8618: Null atanamaz ├Âzellik 'status', olu┼şturucudan ├ğ─▒k─▒┼ş yaparken null olmayan bir de─şer i├ğermelidir. 'Gerekli' de─şi┼ştiricisini ekleyin veya ├Âzellik de─şerini null atanabilir olarak bildirmeyi g├Âz ├Ân├╝nde bulundurun. [C:\Users\lunap\OneDrive\Masa├╝st├╝\MyProjects\QuickStart1\QuickStartProject.WebUILayer\QuickStartProject.WebUILayer.csproj]
C:\Users\lunap\OneDrive\Masa├╝st├╝\MyProjects\QuickStart1\QuickStartProject.WebUILayer\Areas\Admin\Models\News.cs(6,23): warning CS8618: Null atanamaz ├Âzellik 'request_id', olu┼şturucudan ├ğ─▒k─▒┼ş yaparken null olmayan bir de─şer i├ğermelidir. 'Gerekli' de─şi┼ştiricisini ekleyin veya ├Âzellik de─şerini null atanabilir olarak bildirmeyi g├Âz ├Ân├╝nde bulundurun. [C:\Users\lunap\OneDrive\Masa├╝st├╝\MyProjects\QuickStart1\QuickStartProject.WebUILayer\QuickStartProject.WebUILayer.csproj]
C:\Users\lunap\OneDrive\Masa├╝st├╝\MyProjects\QuickStart1\QuickStartProject.WebUILayer\Areas\Admin\Models\News.cs(7,24): warning CS8618: Null atanamaz ├Âzellik 'data', olu┼şturucudan ├ğ─▒k─▒┼ş yaparken null olmayan bir de─şer i├ğermelidir. 'Gerekli' de─şi┼ştiricisini ekleyin veya ├Âzellik de─şerini null atanabilir olarak bildirmeyi g├Âz ├Ân├╝nde bulundurun. [C:\Users\lunap\OneDrive\Masa├╝st├╝\MyProjects\QuickStart1\QuickStartProject.WebUILayer\QuickStartProject.WebUILayer.csproj]
C:\Users\lunap\OneDrive\Masa├╝st├╝\MyProjects\QuickStart1\QuickStartProject.WebUILayer\Areas\Admin\Views\Dashboard\Index.cshtml(80,59): warning CS8602: Olas─▒ bir null ba┼şvurunun ba┼şvurma i┼şlemi. [C:\Users\lunap\OneDrive\Masa├╝st├╝\MyProjects\QuickStart1\QuickStartProject.WebUILayer\QuickStartProject.WebUILayer.csproj]
C:\Users\lunap\OneDrive\Masa├╝st├╝\MyProjects\QuickStart1\QuickStartProject.WebUILayer\DTOs\TestimonialDTOs\UpdateTestimonialDTO.cs(6,19): warning CS8618: Null atanamaz ├Âzellik 'Name', olu┼şturucudan ├ğ─▒k─▒┼ş yaparken null olmayan bir de─şer i├ğermelidir. 'Gerekli' de─şi┼ştiricisini ekleyin veya ├Âzellik de─şerini null atanabilir olarak bildirmeyi g├Âz ├Ân├╝nde bulundurun. [C:\Users\lunap\OneDrive\Masa├╝st├╝\MyProjects\QuickStart1\QuickStartProject.WebUILayer\QuickStartProject.WebUILayer.csproj]
C:\Users\lunap\OneDrive\Masa├╝st├╝\MyProjects\QuickStart1\QuickStartProject.WebUILayer\DTOs\TestimonialDTOs\UpdateTestimonialDTO.cs(7,19): warning CS8618: Null atanamaz ├Âzellik 'Role', olu┼şturucudan ├ğ─▒k─▒┼ş yaparken null olmayan bir de─şer i├ğermelidir. 'Gerekli' de─şi┼ştiricisini ekleyin veya ├Âzellik de─şerini null atanabilir olarak bildirmeyi g├Âz ├Ân├╝nde bulundurun. [C:\Users\lunap\OneDrive\Masa├╝st├╝\MyProjects\QuickStart1\QuickStartProject.WebUILayer\QuickStartProject.WebUILayer.csproj]
C:\Users\lunap\OneDrive\Masa├╝st├╝\MyProjects\QuickStart1\QuickStartProject.WebUILayer\DTOs\TestimonialDTOs\UpdateTestimonialDTO.cs(8,19): warning CS8618: Null atanamaz ├Âzellik 'ImageUrl', olu┼şturucudan ├ğ─▒k─▒┼ş yaparken null olmayan bir de─şer i├ğermelidir. 'Gerekli' de─şi┼ştiricisini ekleyin veya ├Âzellik de─şerini null atanabilir olarak bildirmeyi g├Âz ├Ân├╝nde bulundurun. [C:\Users\lunap\OneDrive\Masa├╝st├╝\MyProjects\QuickStart1\QuickStartProject.WebUILayer\QuickStartProject.WebUILayer.csproj]
C:\Users\lunap\OneDrive\Masa├╝st├╝\MyProjects\QuickStart1\QuickStartProject.WebUILayer\DTOs\TestimonialDTOs\UpdateTestimonialDTO.cs(9,19): warning CS8618: Null atanamaz ├Âzellik 'Content', olu┼şturucudan ├ğ─▒k─▒┼ş yaparken null olmayan bir de─şer i├ğermelidir. 'Gerekli' de─şi┼ştiricisini ekleyin veya ├Âzellik de─şerini null atanabilir olarak bildirmeyi g├Âz ├Ân├╝nde bulundurun. [C:\Users\lunap\OneDrive\Masa├╝st├╝\MyProjects\QuickStart1\QuickStartProject.WebUILayer\QuickStartProject.WebUILayer.csproj]
C:\Users\lunap\OneDrive\Masa├╝st├╝\MyProjects\QuickStart1\QuickStartProject.WebUILayer\DTOs\TestimonialDTOs\ResultTestimonialDTO.cs(6,19): warning CS8618: Null atanamaz ├Âzellik 'Name', olu┼şturucudan ├ğ─▒k─▒┼ş yaparken null olmayan bir de─şer i├ğermelidir. 'Gerekli' de─şi┼ştiricisini ekleyin veya ├Âzellik de─şerini null atanabilir olarak bildirmeyi g├Âz ├Ân├╝nde bulundurun. [C:\Users\lunap\OneDrive\Masa├╝st├╝\MyProjects\QuickStart1\QuickStartProject.WebUILayer\QuickStartProject.WebUILayer.csproj]
C:\Users\lunap\OneDrive\Masa├╝st├╝\MyProjects\QuickStart1\QuickStartProject.WebUILayer\DTOs\TestimonialDTOs\ResultTestimonialDTO.cs(7,19): warning CS8618: Null atanamaz ├Âzellik 'Role', olu┼şturucudan ├ğ─▒k─▒┼ş yaparken null olmayan bir de─şer i├ğermelidir. 'Gerekli' de─şi┼ştiricisini ekleyin veya ├Âzellik de─şerini null atanabilir olarak bildirmeyi g├Âz ├Ân├╝nde bulundurun. [C:\Users\lunap\OneDrive\Masa├╝st├╝\MyProjects\QuickStart1\QuickStartProject.WebUILayer\QuickStartProject.WebUILayer.csproj]
C:\Users\lunap\OneDrive\Masa├╝st├╝\MyProjects\QuickStart1\QuickStartProject.WebUILayer\DTOs\TestimonialDTOs\ResultTestimonialDTO.cs(8,19): warning CS8618: Null atanamaz ├Âzellik 'ImageUrl', olu┼şturucudan ├ğ─▒k─▒┼ş yaparken null olmayan bir de─şer i├ğermelidir. 'Gerekli' de─şi┼ştiricisini ekleyin veya ├Âzellik de─şerini null atanabilir olarak bildirmeyi g├Âz ├Ân├╝nde bulundurun. [C:\Users\lunap\OneDrive\Masa├╝st├╝\MyProjects\QuickStart1\QuickStartProject.WebUILayer\QuickStartProject.WebUILayer.csproj]
C:\Users\lunap\OneDrive\Masa├╝st├╝\MyProjects\QuickStart1\QuickStartProject.WebUILayer\DTOs\TestimonialDTOs\ResultTestimonialDTO.cs(9,19): warning CS8618: Null atanamaz ├Âzellik 'Content', olu┼şturucudan ├ğ─▒k─▒┼ş yaparken null olmayan bir de─şer i├ğermelidir. 'Gerekli' de─şi┼ştiricisini ekleyin veya ├Âzellik de─şerini null atanabilir olarak bildirmeyi g├Âz ├Ân├╝nde bulundurun. [C:\Users\lunap\OneDrive\Masa├╝st├╝\MyProjects\QuickStart1\QuickStartProject.WebUILayer\QuickStartProject.WebUILayer.csproj]
C:\Users\lunap\OneDrive\Masa├╝st├╝\MyProjects\QuickStart1\QuickStartProject.WebUILayer\DTOs\AboutDTOs\UpdateAboutDTO.cs(6,19): warning CS8618: Null atanamaz ├Âzellik 'Title', olu┼şturucudan ├ğ─▒k─▒┼ş yaparken null olmayan bir de─şer i├ğermelidir. 'Gerekli' de─şi┼ştiricisini ekleyin veya ├Âzellik de─şerini null atanabilir olarak bildirmeyi g├Âz ├Ân├╝nde bulundurun. [C:\Users\lunap\OneDrive\Masa├╝st├╝\MyProjects\QuickStart1\QuickStartProject.WebUILayer\QuickStartProject.WebUILayer.csproj]
C:\Users\lunap\OneDrive\Masa├╝st├╝\MyProjects\QuickStart1\QuickStartProject.WebUILayer\DTOs\AboutDTOs\UpdateAboutDTO.cs(7,19): warning CS8618: Null atanamaz ├Âzellik 'Description', olu┼şturucudan ├ğ─▒k─▒┼ş yaparken null olmayan bir de─şer i├ğermelidir. 'Gerekli' de─şi┼ştiricisini ekleyin veya ├Âzellik de─şerini null atanabilir olarak bildirmeyi g├Âz ├Ân├╝nde bulundurun. [C:\Users\lunap\OneDrive\Masa├╝st├╝\MyProjects\QuickStart1\QuickStartProject.WebUILayer\QuickStartProject.WebUILayer.csproj]
C:\Users\lunap\OneDrive\Masa├╝st├╝\MyProjects\QuickStart1\QuickStartProject.WebUILayer\DTOs\AboutDTOs\UpdateAboutDTO.cs(8,25): warning CS8618: Null atanamaz ├Âzellik 'Images', olu┼şturucudan ├ğ─▒k─▒┼ş yaparken null olmayan bir de─şer i├ğermelidir. 'Gerekli' de─şi┼ştiricisini ekleyin veya ├Âzellik de─şerini null atanabilir olarak bildirmeyi g├Âz ├Ân├╝nde bulundurun. [C:\Users\lunap\OneDrive\Masa├╝st├╝\MyProjects\QuickStart1\QuickStartProject.WebUILayer\QuickStartProject.WebUILayer.csproj]
C:\Users\lunap\OneDrive\Masa├╝st├╝\MyProjects\QuickStart1\QuickStartProject.WebUILayer\DTOs\TestimonialDTOs\CreateTestimonialDTO.cs(5,19): warning CS8618: Null atanamaz ├Âzellik 'Name', olu┼şturucudan ├ğ─▒k─▒┼ş yaparken null olmayan bir de─şer i├ğermelidir. 'Gerekli' de─şi┼ştiricisini ekleyin veya ├Âzellik de─şerini null atanabilir olarak bildirmeyi g├Âz ├Ân├╝nde bulundurun. [C:\Users\lunap\OneDrive\Masa├╝st├╝\MyProjects\QuickStart1\QuickStartProject.WebUILayer\QuickStartProject.WebUILayer.csproj]
C:\Users\lunap\OneDrive\Masa├╝st├╝\MyProjects\QuickStart1\QuickStartProject.WebUILayer\DTOs\TestimonialDTOs\CreateTestimonialDTO.cs(6,19): warning CS8618: Null atanamaz ├Âzellik 'Role', olu┼şturucudan ├ğ─▒k─▒┼ş yaparken null olmayan bir de─şer i├ğermelidir. 'Gerekli' de─şi┼ştiricisini ekleyin veya ├Âzellik de─şerini null atanabilir olarak bildirmeyi g├Âz ├Ân├╝nde bulundurun. [C:\Users\lunap\OneDrive\Masa├╝st├╝\MyProjects\QuickStart1\QuickStartProject.WebUILayer\QuickStartProject.WebUILayer.csproj]
C:\Users\lunap\OneDrive\Masa├╝st├╝\MyProjects\QuickStart1\QuickStartProject.WebUILayer\DTOs\TestimonialDTOs\CreateTestimonialDTO.cs(7,19): warning CS8618: Null atanamaz ├Âzellik 'ImageUrl', olu┼şturucudan ├ğ─▒k─▒┼ş yaparken null olmayan bir de─şer i├ğermelidir. 'Gerekli' de─şi┼ştiricisini ekleyin veya ├Âzellik de─şerini null atanabilir olarak bildirmeyi g├Âz ├Ân├╝nde bulundurun. [C:\Users\lunap\OneDrive\Masa├╝st├╝\MyProjects\QuickStart1\QuickStartProject.WebUILayer\QuickStartProject.WebUILayer.csproj]
C:\Users\lunap\OneDrive\Masa├╝st├╝\MyProjects\QuickStart1\QuickStartProject.WebUILayer\DTOs\TestimonialDTOs\CreateTestimonialDTO.cs(8,19): warning CS8618: Null atanamaz ├Âzellik 'Content', olu┼şturucudan ├ğ─▒k─▒┼ş yaparken null olmayan bir de─şer i├ğermelidir. 'Gerekli' de─şi┼ştiricisini ekleyin veya ├Âzellik de─şerini null atanabilir olarak bildirmeyi g├Âz ├Ân├╝nde bulundurun. [C:\Users\lunap\OneDrive\Masa├╝st├╝\MyProjects\QuickStart1\QuickStartProject.WebUILayer\QuickStartProject.WebUILayer.csproj]
C:\Users\lunap\OneDrive\Masa├╝st├╝\MyProjects\QuickStart1\QuickStartProject.WebUILayer\DTOs\AboutDTOs\ResultAboutDTO.cs(6,19): warning CS8618: Null atanamaz ├Âzellik 'Title', olu┼şturucudan ├ğ─▒k─▒┼ş yaparken null olmayan bir de─şer i├ğermelidir. 'Gerekli' de─şi┼ştiricisini ekleyin veya ├Âzellik de─şerini null atanabilir olarak bildirmeyi g├Âz ├Ân├╝nde bulundurun. [C:\Users\lunap\OneDrive\Masa├╝st├╝\MyProjects\QuickStart1\QuickStartProject.WebUILayer\QuickStartProject.WebUILayer.csproj]
C:\Users\lunap\OneDrive\Masa├╝st├╝\MyProjects\QuickStart1\QuickStartProject.WebUILayer\DTOs\AboutDTOs\ResultAboutDTO.cs(7,19): warning CS8618: Null atanamaz ├Âzellik 'Description', olu┼şturucudan ├ğ─▒k─▒┼ş yaparken null olmayan bir de─şer i├ğermelidir. 'Gerekli' de─şi┼ştiricisini ekleyin veya ├Âzellik de─şerini null atanabilir olarak bildirmeyi g├Âz ├Ân├╝nde bulundurun. [C:\Users\lunap\OneDrive\Masa├╝st├╝\MyProjects\QuickStart1\QuickStartProject.WebUILayer\QuickStartProject.WebUILayer.csproj]
C:\Users\lunap\OneDrive\Masa├╝st├╝\MyProjects\QuickStart1\QuickStartProject.WebUILayer\DTOs\AboutDTOs\ResultAboutDTO.cs(8,25): warning CS8618: Null atanamaz ├Âzellik 'Images', olu┼şturucudan ├ğ─▒k─▒┼ş yaparken null olmayan bir de─şer i├ğermelidir. 'Gerekli' de─şi┼ştiricisini ekleyin veya ├Âzellik de─şerini null atanabilir olarak bildirmeyi g├Âz ├Ân├╝nde bulundurun. [C:\Users\lunap\OneDrive\Masa├╝st├╝\MyProjects\QuickStart1\QuickStartProject.WebUILayer\QuickStartProject.WebUILayer.csproj]
C:\Users\lunap\OneDrive\Masa├╝st├╝\MyProjects\QuickStart1\QuickStartProject.WebUILayer\DTOs\ContactDTOs\UpdateContactDTO.cs(6,19): warning CS8618: Null atanamaz ├Âzellik 'Title', olu┼şturucudan ├ğ─▒k─▒┼ş yaparken null olmayan bir de─şer i├ğermelidir. 'Gerekli' de─şi┼ştiricisini ekleyin veya ├Âzellik de─şerini null atanabilir olarak bildirmeyi g├Âz ├Ân├╝nde bulundurun. [C:\Users\lunap\OneDrive\Masa├╝st├╝\MyProjects\QuickStart1\QuickStartProject.WebUILayer\QuickStartProject.WebUILayer.csproj]
C:\Users\lunap\OneDrive\Masa├╝st├╝\MyProjects\QuickStart1\QuickStartProject.WebUILayer\DTOs\ContactDTOs\UpdateContactDTO.cs(7,19): warning CS8618: Null atanamaz ├Âzellik 'Description', olu┼şturucudan ├ğ─▒k─▒┼ş yaparken null olmayan bir de─şer i├ğermelidir. 'Gerekli' de─şi┼ştiricisini ekleyin veya ├Âzellik de─şerini null atanabilir olarak bildirmeyi g├Âz ├Ân├╝nde bulundurun. [C:\Users\lunap\OneDrive\Masa├╝st├╝\MyProjects\QuickStart1\QuickStartProject.WebUILayer\QuickStartProject.WebUILayer.csproj]
C:\Users\lunap\OneDrive\Masa├╝st├╝\MyProjects\QuickStart1\QuickStartProject.WebUILayer\DTOs\ContactDTOs\UpdateContactDTO.cs(8,19): warning CS8618: Null atanamaz ├Âzellik 'Address', olu┼şturucudan ├ğ─▒k─▒┼ş yaparken null olmayan bir de─şer i├ğermelidir. 'Gerekli' de─şi┼ştiricisini ekleyin veya ├Âzellik de─şerini null atanabilir olarak bildirmeyi g├Âz ├Ân├╝nde bulundurun. [C:\Users\lunap\OneDrive\Masa├╝st├╝\MyProjects\QuickStart1\QuickStartProject.WebUILayer\QuickStartProject.WebUILayer.csproj]
C:\Users\lunap\OneDrive\Masa├╝st├╝\MyProjects\QuickStart1\QuickStartProject.WebUILayer\DTOs\ContactDTOs\UpdateContactDTO.cs(9,19): warning CS8618: Null atanamaz ├Âzellik 'Phone', olu┼şturucudan ├ğ─▒k─▒┼ş yaparken null olmayan bir de─şer i├ğermelidir. 'Gerekli' de─şi┼ştiricisini ekleyin veya ├Âzellik de─şerini null atanabilir olarak bildirmeyi g├Âz ├Ân├╝nde bulundurun. [C:\Users\lunap\OneDrive\Masa├╝st├╝\MyProjects\QuickStart1\QuickStartProject.WebUILayer\QuickStartProject.WebUILayer.csproj]
C:\Users\lunap\OneDrive\Masa├╝st├╝\MyProjects\QuickStart1\QuickStartProject.WebUILayer\DTOs\ContactDTOs\UpdateContactDTO.cs(10,19): warning CS8618: Null atanamaz ├Âzellik 'Email', olu┼şturucudan ├ğ─▒k─▒┼ş yaparken null olmayan bir de─şer i├ğermelidir. 'Gerekli' de─şi┼ştiricisini ekleyin veya ├Âzellik de─şerini null atanabilir olarak bildirmeyi g├Âz ├Ân├╝nde bulundurun. [C:\Users\lunap\OneDrive\Masa├╝st├╝\MyProjects\QuickStart1\QuickStartProject.WebUILayer\QuickStartProject.WebUILayer.csproj]
C:\Users\lunap\OneDrive\Masa├╝st├╝\MyProjects\QuickStart1\QuickStartProject.WebUILayer\DTOs\AboutDTOs\CreateAboutDTO.cs(5,19): warning CS8618: Null atanamaz ├Âzellik 'Title', olu┼şturucudan ├ğ─▒k─▒┼ş yaparken null olmayan bir de─şer i├ğermelidir. 'Gerekli' de─şi┼ştiricisini ekleyin veya ├Âzellik de─şerini null atanabilir olarak bildirmeyi g├Âz ├Ân├╝nde bulundurun. [C:\Users\lunap\OneDrive\Masa├╝st├╝\MyProjects\QuickStart1\QuickStartProject.WebUILayer\QuickStartProject.WebUILayer.csproj]
C:\Users\lunap\OneDrive\Masa├╝st├╝\MyProjects\QuickStart1\QuickStartProject.WebUILayer\DTOs\AboutDTOs\CreateAboutDTO.cs(6,19): warning CS8618: Null atanamaz ├Âzellik 'Description', olu┼şturucudan ├ğ─▒k─▒┼ş yaparken null olmayan bir de─şer i├ğermelidir. 'Gerekli' de─şi┼ştiricisini ekleyin veya ├Âzellik de─şerini null atanabilir olarak bildirmeyi g├Âz ├Ân├╝nde bulundurun. [C:\Users\lunap\OneDrive\Masa├╝st├╝\MyProjects\QuickStart1\QuickStartProject.WebUILayer\QuickStartProject.WebUILayer.csproj]
C:\Users\lunap\OneDrive\Masa├╝st├╝\MyProjects\QuickStart1\QuickStartProject.WebUILayer\DTOs\AboutDTOs\CreateAboutDTO.cs(7,25): warning CS8618: Null atanamaz ├Âzellik 'Images', olu┼şturucudan ├ğ─▒k─▒┼ş yaparken null olmayan bir de─şer i├ğermelidir. 'Gerekli' de─şi┼ştiricisini ekleyin veya ├Âzellik de─şerini null atanabilir olarak bildirmeyi g├Âz ├Ân├╝nde bulundurun. [C:\Users\lunap\OneDrive\Masa├╝st├╝\MyProjects\QuickStart1\QuickStartProject.WebUILayer\QuickStartProject.WebUILayer.csproj]
C:\Users\lunap\OneDrive\Masa├╝st├╝\MyProjects\QuickStart1\QuickStartProject.WebUILayer\DTOs\ServiceDTOs\UpdateServiceDTO.cs(6,19): warning CS8618: Null atanamaz ├Âzellik 'Icon', olu┼şturucudan ├ğ─▒k─▒┼ş yaparken null olmayan bir de─şer i├ğermelidir. 'Gerekli' de─şi┼ştiricisini ekleyin veya ├Âzellik de─şerini null atanabilir olarak bildirmeyi g├Âz ├Ân├╝nde bulundurun. [C:\Users\lunap\OneDrive\Masa├╝st├╝\MyProjects\QuickStart1\QuickStartProject.WebUILayer\QuickStartProject.WebUILayer.csproj]
C:\Users\lunap\OneDrive\Masa├╝st├╝\MyProjects\QuickStart1\QuickStartProject.WebUILayer\DTOs\ServiceDTOs\UpdateServiceDTO.cs(7,19): warning CS8618: Null atanamaz ├Âzellik 'Title', olu┼şturucudan ├ğ─▒k─▒┼ş yaparken null olmayan bir de─şer i├ğermelidir. 'Gerekli' de─şi┼ştiricisini ekleyin veya ├Âzellik de─şerini null atanabilir olarak bildirmeyi g├Âz ├Ân├╝nde bulundurun. [C:\Users\lunap\OneDrive\Masa├╝st├╝\MyProjects\QuickStart1\QuickStartProject.WebUILayer\QuickStartProject.WebUILayer.csproj]
C:\Users\lunap\OneDrive\Masa├╝st├╝\MyProjects\QuickStart1\QuickStartProject.WebUILayer\DTOs\ServiceDTOs\UpdateServiceDTO.cs(8,19): warning CS8618: Null atanamaz ├Âzellik 'Description', olu┼şturucudan ├ğ─▒k─▒┼ş yaparken null olmayan bir de─şer i├ğermelidir. 'Gerekli' de─şi┼ştiricisini ekleyin veya ├Âzellik de─şerini null atanabilir olarak bildirmeyi g├Âz ├Ân├╝nde bulundurun. [C:\Users\lunap\OneDrive\Masa├╝st├╝\MyProjects\QuickStart1\QuickStartProject.WebUILayer\QuickStartProject.WebUILayer.csproj]
C:\Users\lunap\OneDrive\Masa├╝st├╝\MyProjects\QuickStart1\QuickStartProject.WebUILayer\DTOs\ContactDTOs\ResultContactDTO.cs(6,19): warning CS8618: Null atanamaz ├Âzellik 'Title', olu┼şturucudan ├ğ─▒k─▒┼ş yaparken null olmayan bir de─şer i├ğermelidir. 'Gerekli' de─şi┼ştiricisini ekleyin veya ├Âzellik de─şerini null atanabilir olarak bildirmeyi g├Âz ├Ân├╝nde bulundurun. [C:\Users\lunap\OneDrive\Masa├╝st├╝\MyProjects\QuickStart1\QuickStartProject.WebUILayer\QuickStartProject.WebUILayer.csproj]
C:\Users\lunap\OneDrive\Masa├╝st├╝\MyProjects\QuickStart1\QuickStartProject.WebUILayer\DTOs\ContactDTOs\ResultContactDTO.cs(7,19): warning CS8618: Null atanamaz ├Âzellik 'Description', olu┼şturucudan ├ğ─▒k─▒┼ş yaparken null olmayan bir de─şer i├ğermelidir. 'Gerekli' de─şi┼ştiricisini ekleyin veya ├Âzellik de─şerini null atanabilir olarak bildirmeyi g├Âz ├Ân├╝nde bulundurun. [C:\Users\lunap\OneDrive\Masa├╝st├╝\MyProjects\QuickStart1\QuickStartProject.WebUILayer\QuickStartProject.WebUILayer.csproj]
C:\Users\lunap\OneDrive\Masa├╝st├╝\MyProjects\QuickStart1\QuickStartProject.WebUILayer\DTOs\ContactDTOs\ResultContactDTO.cs(8,19): warning CS8618: Null atanamaz ├Âzellik 'Address', olu┼şturucudan ├ğ─▒k─▒┼ş yaparken null olmayan bir de─şer i├ğermelidir. 'Gerekli' de─şi┼ştiricisini ekleyin veya ├Âzellik de─şerini null atanabilir olarak bildirmeyi g├Âz ├Ân├╝nde bulundurun. [C:\Users\lunap\OneDrive\Masa├╝st├╝\MyProjects\QuickStart1\QuickStartProject.WebUILayer\QuickStartProject.WebUILayer.csproj]
C:\Users\lunap\OneDrive\Masa├╝st├╝\MyProjects\QuickStart1\QuickStartProject.WebUILayer\DTOs\ContactDTOs\ResultContactDTO.cs(9,19): warning CS8618: Null atanamaz ├Âzellik 'Phone', olu┼şturucudan ├ğ─▒k─▒┼ş yaparken null olmayan bir de─şer i├ğermelidir. 'Gerekli' de─şi┼ştiricisini ekleyin veya ├Âzellik de─şerini null atanabilir olarak bildirmeyi g├Âz ├Ân├╝nde bulundurun. [C:\Users\lunap\OneDrive\Masa├╝st├╝\MyProjects\QuickStart1\QuickStartProject.WebUILayer\QuickStartProject.WebUILayer.csproj]
C:\Users\lunap\OneDrive\Masa├╝st├╝\MyProjects\QuickStart1\QuickStartProject.WebUILayer\DTOs\ContactDTOs\ResultContactDTO.cs(10,19): warning CS8618: Null atanamaz ├Âzellik 'Email', olu┼şturucudan ├ğ─▒k─▒┼ş yaparken null olmayan bir de─şer i├ğermelidir. 'Gerekli' de─şi┼ştiricisini ekleyin veya ├Âzellik de─şerini null atanabilir olarak bildirmeyi g├Âz ├Ân├╝nde bulundurun. [C:\Users\lunap\OneDrive\Masa├╝st├╝\MyProjects\QuickStart1\QuickStartProject.WebUILayer\QuickStartProject.WebUILayer.csproj]
C:\Users\lunap\OneDrive\Masa├╝st├╝\MyProjects\QuickStart1\QuickStartProject.WebUILayer\DTOs\FaqDTOs\UpdateFaqDTO.cs(6,19): warning CS8618: Null atanamaz ├Âzellik 'Question', olu┼şturucudan ├ğ─▒k─▒┼ş yaparken null olmayan bir de─şer i├ğermelidir. 'Gerekli' de─şi┼ştiricisini ekleyin veya ├Âzellik de─şerini null atanabilir olarak bildirmeyi g├Âz ├Ân├╝nde bulundurun. [C:\Users\lunap\OneDrive\Masa├╝st├╝\MyProjects\QuickStart1\QuickStartProject.WebUILayer\QuickStartProject.WebUILayer.csproj]
C:\Users\lunap\OneDrive\Masa├╝st├╝\MyProjects\QuickStart1\QuickStartProject.WebUILayer\DTOs\FaqDTOs\UpdateFaqDTO.cs(7,19): warning CS8618: Null atanamaz ├Âzellik 'Answer', olu┼şturucudan ├ğ─▒k─▒┼ş yaparken null olmayan bir de─şer i├ğermelidir. 'Gerekli' de─şi┼ştiricisini ekleyin veya ├Âzellik de─şerini null atanabilir olarak bildirmeyi g├Âz ├Ân├╝nde bulundurun. [C:\Users\lunap\OneDrive\Masa├╝st├╝\MyProjects\QuickStart1\QuickStartProject.WebUILayer\QuickStartProject.WebUILayer.csproj]
C:\Users\lunap\OneDrive\Masa├╝st├╝\MyProjects\QuickStart1\QuickStartProject.WebUILayer\DTOs\ServiceDTOs\ResultServiceDTO.cs(6,19): warning CS8618: Null atanamaz ├Âzellik 'Icon', olu┼şturucudan ├ğ─▒k─▒┼ş yaparken null olmayan bir de─şer i├ğermelidir. 'Gerekli' de─şi┼ştiricisini ekleyin veya ├Âzellik de─şerini null atanabilir olarak bildirmeyi g├Âz ├Ân├╝nde bulundurun. [C:\Users\lunap\OneDrive\Masa├╝st├╝\MyProjects\QuickStart1\QuickStartProject.WebUILayer\QuickStartProject.WebUILayer.csproj]
C:\Users\lunap\OneDrive\Masa├╝st├╝\MyProjects\QuickStart1\QuickStartProject.WebUILayer\DTOs\ServiceDTOs\ResultServiceDTO.cs(7,19): warning CS8618: Null atanamaz ├Âzellik 'Title', olu┼şturucudan ├ğ─▒k─▒┼ş yaparken null olmayan bir de─şer i├ğermelidir. 'Gerekli' de─şi┼ştiricisini ekleyin veya ├Âzellik de─şerini null atanabilir olarak bildirmeyi g├Âz ├Ân├╝nde bulundurun. [C:\Users\lunap\OneDrive\Masa├╝st├╝\MyProjects\QuickStart1\QuickStartProject.WebUILayer\QuickStartProject.WebUILayer.csproj]
C:\Users\lunap\OneDrive\Masa├╝st├╝\MyProjects\QuickStart1\QuickStartProject.WebUILayer\DTOs\ServiceDTOs\ResultServiceDTO.cs(8,19): warning CS8618: Null atanamaz ├Âzellik 'Description', olu┼şturucudan ├ğ─▒k─▒┼ş yaparken null olmayan bir de─şer i├ğermelidir. 'Gerekli' de─şi┼ştiricisini ekleyin veya ├Âzellik de─şerini null atanabilir olarak bildirmeyi g├Âz ├Ân├╝nde bulundurun. [C:\Users\lunap\OneDrive\Masa├╝st├╝\MyProjects\QuickStart1\QuickStartProject.WebUILayer\QuickStartProject.WebUILayer.csproj]
C:\Users\lunap\OneDrive\Masa├╝st├╝\MyProjects\QuickStart1\QuickStartProject.WebUILayer\DTOs\FaqDTOs\ResultFaqDTO.cs(6,19): warning CS8618: Null atanamaz ├Âzellik 'Question', olu┼şturucudan ├ğ─▒k─▒┼ş yaparken null olmayan bir de─şer i├ğermelidir. 'Gerekli' de─şi┼ştiricisini ekleyin veya ├Âzellik de─şerini null atanabilir olarak bildirmeyi g├Âz ├Ân├╝nde bulundurun. [C:\Users\lunap\OneDrive\Masa├╝st├╝\MyProjects\QuickStart1\QuickStartProject.WebUILayer\QuickStartProject.WebUILayer.csproj]
C:\Users\lunap\OneDrive\Masa├╝st├╝\MyProjects\QuickStart1\QuickStartProject.WebUILayer\DTOs\FaqDTOs\ResultFaqDTO.cs(7,19): warning CS8618: Null atanamaz ├Âzellik 'Answer', olu┼şturucudan ├ğ─▒k─▒┼ş yaparken null olmayan bir de─şer i├ğermelidir. 'Gerekli' de─şi┼ştiricisini ekleyin veya ├Âzellik de─şerini null atanabilir olarak bildirmeyi g├Âz ├Ân├╝nde bulundurun. [C:\Users\lunap\OneDrive\Masa├╝st├╝\MyProjects\QuickStart1\QuickStartProject.WebUILayer\QuickStartProject.WebUILayer.csproj]
C:\Users\lunap\OneDrive\Masa├╝st├╝\MyProjects\QuickStart1\QuickStartProject.WebUILayer\DTOs\ServiceDTOs\CreateServiceDTO.cs(5,19): warning CS8618: Null atanamaz ├Âzellik 'Icon', olu┼şturucudan ├ğ─▒k─▒┼ş yaparken null olmayan bir de─şer i├ğermelidir. 'Gerekli' de─şi┼ştiricisini ekleyin veya ├Âzellik de─şerini null atanabilir olarak bildirmeyi g├Âz ├Ân├╝nde bulundurun. [C:\Users\lunap\OneDrive\Masa├╝st├╝\MyProjects\QuickStart1\QuickStartProject.WebUILayer\QuickStartProject.WebUILayer.csproj]
C:\Users\lunap\OneDrive\Masa├╝st├╝\MyProjects\QuickStart1\QuickStartProject.WebUILayer\DTOs\ServiceDTOs\CreateServiceDTO.cs(6,19): warning CS8618: Null atanamaz ├Âzellik 'Title', olu┼şturucudan ├ğ─▒k─▒┼ş yaparken null olmayan bir de─şer i├ğermelidir. 'Gerekli' de─şi┼ştiricisini ekleyin veya ├Âzellik de─şerini null atanabilir olarak bildirmeyi g├Âz ├Ân├╝nde bulundurun. [C:\Users\lunap\OneDrive\Masa├╝st├╝\MyProjects\QuickStart1\QuickStartProject.WebUILayer\QuickStartProject.WebUILayer.csproj]
C:\Users\lunap\OneDrive\Masa├╝st├╝\MyProjects\QuickStart1\QuickStartProject.WebUILayer\DTOs\ServiceDTOs\CreateServiceDTO.cs(7,19): warning CS8618: Null atanamaz ├Âzellik 'Description', olu┼şturucudan ├ğ─▒k─▒┼ş yaparken null olmayan bir de─şer i├ğermelidir. 'Gerekli' de─şi┼ştiricisini ekleyin veya ├Âzellik de─şerini null atanabilir olarak bildirmeyi g├Âz ├Ân├╝nde bulundurun. [C:\Users\lunap\OneDrive\Masa├╝st├╝\MyProjects\QuickStart1\QuickStartProject.WebUILayer\QuickStartProject.WebUILayer.csproj]
C:\Users\lunap\OneDrive\Masa├╝st├╝\MyProjects\QuickStart1\QuickStartProject.WebUILayer\DTOs\FaqDTOs\CreateFaqDTO.cs(5,19): warning CS8618: Null atanamaz ├Âzellik 'Question', olu┼şturucudan ├ğ─▒k─▒┼ş yaparken null olmayan bir de─şer i├ğermelidir. 'Gerekli' de─şi┼ştiricisini ekleyin veya ├Âzellik de─şerini null atanabilir olarak bildirmeyi g├Âz ├Ân├╝nde bulundurun. [C:\Users\lunap\OneDrive\Masa├╝st├╝\MyProjects\QuickStart1\QuickStartProject.WebUILayer\QuickStartProject.WebUILayer.csproj]
C:\Users\lunap\OneDrive\Masa├╝st├╝\MyProjects\QuickStart1\QuickStartProject.WebUILayer\DTOs\FaqDTOs\CreateFaqDTO.cs(6,19): warning CS8618: Null atanamaz ├Âzellik 'Answer', olu┼şturucudan ├ğ─▒k─▒┼ş yaparken null olmayan bir de─şer i├ğermelidir. 'Gerekli' de─şi┼ştiricisini ekleyin veya ├Âzellik de─şerini null atanabilir olarak bildirmeyi g├Âz ├Ân├╝nde bulundurun. [C:\Users\lunap\OneDrive\Masa├╝st├╝\MyProjects\QuickStart1\QuickStartProject.WebUILayer\QuickStartProject.WebUILayer.csproj]
C:\Users\lunap\OneDrive\Masa├╝st├╝\MyProjects\QuickStart1\QuickStartProject.WebUILayer\DTOs\FeaturedServiceDTOs\UpdateFeaturedServiceDTO.cs(6,19): warning CS8618: Null atanamaz ├Âzellik 'Icon', olu┼şturucudan ├ğ─▒k─▒┼ş yaparken null olmayan bir de─şer i├ğermelidir. 'Gerekli' de─şi┼ştiricisini ekleyin veya ├Âzellik de─şerini null atanabilir olarak bildirmeyi g├Âz ├Ân├╝nde bulundurun. [C:\Users\lunap\OneDrive\Masa├╝st├╝\MyProjects\QuickStart1\QuickStartProject.WebUILayer\QuickStartProject.WebUILayer.csproj]
C:\Users\lunap\OneDrive\Masa├╝st├╝\MyProjects\QuickStart1\QuickStartProject.WebUILayer\DTOs\FeaturedServiceDTOs\UpdateFeaturedServiceDTO.cs(7,19): warning CS8618: Null atanamaz ├Âzellik 'Title', olu┼şturucudan ├ğ─▒k─▒┼ş yaparken null olmayan bir de─şer i├ğermelidir. 'Gerekli' de─şi┼ştiricisini ekleyin veya ├Âzellik de─şerini null atanabilir olarak bildirmeyi g├Âz ├Ân├╝nde bulundurun. [C:\Users\lunap\OneDrive\Masa├╝st├╝\MyProjects\QuickStart1\QuickStartProject.WebUILayer\QuickStartProject.WebUILayer.csproj]
C:\Users\lunap\OneDrive\Masa├╝st├╝\MyProjects\QuickStart1\QuickStartProject.WebUILayer\DTOs\FeaturedServiceDTOs\UpdateFeaturedServiceDTO.cs(8,19): warning CS8618: Null atanamaz ├Âzellik 'Description', olu┼şturucudan ├ğ─▒k─▒┼ş yaparken null olmayan bir de─şer i├ğermelidir. 'Gerekli' de─şi┼ştiricisini ekleyin veya ├Âzellik de─şerini null atanabilir olarak bildirmeyi g├Âz ├Ân├╝nde bulundurun. [C:\Users\lunap\OneDrive\Masa├╝st├╝\MyProjects\QuickStart1\QuickStartProject.WebUILayer\QuickStartProject.WebUILayer.csproj]
C:\Users\lunap\OneDrive\Masa├╝st├╝\MyProjects\QuickStart1\QuickStartProject.WebUILayer\DTOs\PricingDTOs\UpdatePricingDTO.cs(6,19): warning CS8618: Null atanamaz ├Âzellik 'Name', olu┼şturucudan ├ğ─▒k─▒┼ş yaparken null olmayan bir de─şer i├ğermelidir. 'Gerekli' de─şi┼ştiricisini ekleyin veya ├Âzellik de─şerini null atanabilir olarak bildirmeyi g├Âz ├Ân├╝nde bulundurun. [C:\Users\lunap\OneDrive\Masa├╝st├╝\MyProjects\QuickStart1\QuickStartProject.WebUILayer\QuickStartProject.WebUILayer.csproj]
C:\Users\lunap\OneDrive\Masa├╝st├╝\MyProjects\QuickStart1\QuickStartProject.WebUILayer\DTOs\PricingDTOs\UpdatePricingDTO.cs(7,19): warning CS8618: Null atanamaz ├Âzellik 'Description', olu┼şturucudan ├ğ─▒k─▒┼ş yaparken null olmayan bir de─şer i├ğermelidir. 'Gerekli' de─şi┼ştiricisini ekleyin veya ├Âzellik de─şerini null atanabilir olarak bildirmeyi g├Âz ├Ân├╝nde bulundurun. [C:\Users\lunap\OneDrive\Masa├╝st├╝\MyProjects\QuickStart1\QuickStartProject.WebUILayer\QuickStartProject.WebUILayer.csproj]
C:\Users\lunap\OneDrive\Masa├╝st├╝\MyProjects\QuickStart1\QuickStartProject.WebUILayer\DTOs\PricingDTOs\UpdatePricingDTO.cs(8,19): warning CS8618: Null atanamaz ├Âzellik 'Price', olu┼şturucudan ├ğ─▒k─▒┼ş yaparken null olmayan bir de─şer i├ğermelidir. 'Gerekli' de─şi┼ştiricisini ekleyin veya ├Âzellik de─şerini null atanabilir olarak bildirmeyi g├Âz ├Ân├╝nde bulundurun. [C:\Users\lunap\OneDrive\Masa├╝st├╝\MyProjects\QuickStart1\QuickStartProject.WebUILayer\QuickStartProject.WebUILayer.csproj]
C:\Users\lunap\OneDrive\Masa├╝st├╝\MyProjects\QuickStart1\QuickStartProject.WebUILayer\DTOs\PricingDTOs\UpdatePricingDTO.cs(9,19): warning CS8618: Null atanamaz ├Âzellik 'Period', olu┼şturucudan ├ğ─▒k─▒┼ş yaparken null olmayan bir de─şer i├ğermelidir. 'Gerekli' de─şi┼ştiricisini ekleyin veya ├Âzellik de─şerini null atanabilir olarak bildirmeyi g├Âz ├Ân├╝nde bulundurun. [C:\Users\lunap\OneDrive\Masa├╝st├╝\MyProjects\QuickStart1\QuickStartProject.WebUILayer\QuickStartProject.WebUILayer.csproj]
C:\Users\lunap\OneDrive\Masa├╝st├╝\MyProjects\QuickStart1\QuickStartProject.WebUILayer\DTOs\PricingDTOs\UpdatePricingDTO.cs(11,25): warning CS8618: Null atanamaz ├Âzellik 'Features', olu┼şturucudan ├ğ─▒k─▒┼ş yaparken null olmayan bir de─şer i├ğermelidir. 'Gerekli' de─şi┼ştiricisini ekleyin veya ├Âzellik de─şerini null atanabilir olarak bildirmeyi g├Âz ├Ân├╝nde bulundurun. [C:\Users\lunap\OneDrive\Masa├╝st├╝\MyProjects\QuickStart1\QuickStartProject.WebUILayer\QuickStartProject.WebUILayer.csproj]
C:\Users\lunap\OneDrive\Masa├╝st├╝\MyProjects\QuickStart1\QuickStartProject.WebUILayer\DTOs\FeaturedServiceDTOs\ResultFeaturedServiceDTO.cs(6,19): warning CS8618: Null atanamaz ├Âzellik 'Icon', olu┼şturucudan ├ğ─▒k─▒┼ş yaparken null olmayan bir de─şer i├ğermelidir. 'Gerekli' de─şi┼ştiricisini ekleyin veya ├Âzellik de─şerini null atanabilir olarak bildirmeyi g├Âz ├Ân├╝nde bulundurun. [C:\Users\lunap\OneDrive\Masa├╝st├╝\MyProjects\QuickStart1\QuickStartProject.WebUILayer\QuickStartProject.WebUILayer.csproj]
C:\Users\lunap\OneDrive\Masa├╝st├╝\MyProjects\QuickStart1\QuickStartProject.WebUILayer\DTOs\FeaturedServiceDTOs\ResultFeaturedServiceDTO.cs(7,19): warning CS8618: Null atanamaz ├Âzellik 'Title', olu┼şturucudan ├ğ─▒k─▒┼ş yaparken null olmayan bir de─şer i├ğermelidir. 'Gerekli' de─şi┼ştiricisini ekleyin veya ├Âzellik de─şerini null atanabilir olarak bildirmeyi g├Âz ├Ân├╝nde bulundurun. [C:\Users\lunap\OneDrive\Masa├╝st├╝\MyProjects\QuickStart1\QuickStartProject.WebUILayer\QuickStartProject.WebUILayer.csproj]
C:\Users\lunap\OneDrive\Masa├╝st├╝\MyProjects\QuickStart1\QuickStartProject.WebUILayer\DTOs\FeaturedServiceDTOs\ResultFeaturedServiceDTO.cs(8,19): warning CS8618: Null atanamaz ├Âzellik 'Description', olu┼şturucudan ├ğ─▒k─▒┼ş yaparken null olmayan bir de─şer i├ğermelidir. 'Gerekli' de─şi┼ştiricisini ekleyin veya ├Âzellik de─şerini null atanabilir olarak bildirmeyi g├Âz ├Ân├╝nde bulundurun. [C:\Users\lunap\OneDrive\Masa├╝st├╝\MyProjects\QuickStart1\QuickStartProject.WebUILayer\QuickStartProject.WebUILayer.csproj]
C:\Users\lunap\OneDrive\Masa├╝st├╝\MyProjects\QuickStart1\QuickStartProject.WebUILayer\DTOs\PricingDTOs\ResultPricingDTO.cs(6,19): warning CS8618: Null atanamaz ├Âzellik 'Name', olu┼şturucudan ├ğ─▒k─▒┼ş yaparken null olmayan bir de─şer i├ğermelidir. 'Gerekli' de─şi┼ştiricisini ekleyin veya ├Âzellik de─şerini null atanabilir olarak bildirmeyi g├Âz ├Ân├╝nde bulundurun. [C:\Users\lunap\OneDrive\Masa├╝st├╝\MyProjects\QuickStart1\QuickStartProject.WebUILayer\QuickStartProject.WebUILayer.csproj]
C:\Users\lunap\OneDrive\Masa├╝st├╝\MyProjects\QuickStart1\QuickStartProject.WebUILayer\DTOs\PricingDTOs\ResultPricingDTO.cs(7,19): warning CS8618: Null atanamaz ├Âzellik 'Description', olu┼şturucudan ├ğ─▒k─▒┼ş yaparken null olmayan bir de─şer i├ğermelidir. 'Gerekli' de─şi┼ştiricisini ekleyin veya ├Âzellik de─şerini null atanabilir olarak bildirmeyi g├Âz ├Ân├╝nde bulundurun. [C:\Users\lunap\OneDrive\Masa├╝st├╝\MyProjects\QuickStart1\QuickStartProject.WebUILayer\QuickStartProject.WebUILayer.csproj]
C:\Users\lunap\OneDrive\Masa├╝st├╝\MyProjects\QuickStart1\QuickStartProject.WebUILayer\DTOs\PricingDTOs\ResultPricingDTO.cs(8,19): warning CS8618: Null atanamaz ├Âzellik 'Price', olu┼şturucudan ├ğ─▒k─▒┼ş yaparken null olmayan bir de─şer i├ğermelidir. 'Gerekli' de─şi┼ştiricisini ekleyin veya ├Âzellik de─şerini null atanabilir olarak bildirmeyi g├Âz ├Ân├╝nde bulundurun. [C:\Users\lunap\OneDrive\Masa├╝st├╝\MyProjects\QuickStart1\QuickStartProject.WebUILayer\QuickStartProject.WebUILayer.csproj]
C:\Users\lunap\OneDrive\Masa├╝st├╝\MyProjects\QuickStart1\QuickStartProject.WebUILayer\DTOs\PricingDTOs\ResultPricingDTO.cs(9,19): warning CS8618: Null atanamaz ├Âzellik 'Period', olu┼şturucudan ├ğ─▒k─▒┼ş yaparken null olmayan bir de─şer i├ğermelidir. 'Gerekli' de─şi┼ştiricisini ekleyin veya ├Âzellik de─şerini null atanabilir olarak bildirmeyi g├Âz ├Ân├╝nde bulundurun. [C:\Users\lunap\OneDrive\Masa├╝st├╝\MyProjects\QuickStart1\QuickStartProject.WebUILayer\QuickStartProject.WebUILayer.csproj]
C:\Users\lunap\OneDrive\Masa├╝st├╝\MyProjects\QuickStart1\QuickStartProject.WebUILayer\DTOs\PricingDTOs\ResultPricingDTO.cs(11,25): warning CS8618: Null atanamaz ├Âzellik 'Features', olu┼şturucudan ├ğ─▒k─▒┼ş yaparken null olmayan bir de─şer i├ğermelidir. 'Gerekli' de─şi┼ştiricisini ekleyin veya ├Âzellik de─şerini null atanabilir olarak bildirmeyi g├Âz ├Ân├╝nde bulundurun. [C:\Users\lunap\OneDrive\Masa├╝st├╝\MyProjects\QuickStart1\QuickStartProject.WebUILayer\QuickStartProject.WebUILayer.csproj]
C:\Users\lunap\OneDrive\Masa├╝st├╝\MyProjects\QuickStart1\QuickStartProject.WebUILayer\DTOs\FeaturedServiceDTOs\CreateFeaturedServiceDTO.cs(5,19): warning CS8618: Null atanamaz ├Âzellik 'Icon', olu┼şturucudan ├ğ─▒k─▒┼ş yaparken null olmayan bir de─şer i├ğermelidir. 'Gerekli' de─şi┼ştiricisini ekleyin veya ├Âzellik de─şerini null atanabilir olarak bildirmeyi g├Âz ├Ân├╝nde bulundurun. [C:\Users\lunap\OneDrive\Masa├╝st├╝\MyProjects\QuickStart1\QuickStartProject.WebUILayer\QuickStartProject.WebUILayer.csproj]
C:\Users\lunap\OneDrive\Masa├╝st├╝\MyProjects\QuickStart1\QuickStartProject.WebUILayer\DTOs\FeaturedServiceDTOs\CreateFeaturedServiceDTO.cs(6,19): warning CS8618: Null atanamaz ├Âzellik 'Title', olu┼şturucudan ├ğ─▒k─▒┼ş yaparken null olmayan bir de─şer i├ğermelidir. 'Gerekli' de─şi┼ştiricisini ekleyin veya ├Âzellik de─şerini null atanabilir olarak bildirmeyi g├Âz ├Ân├╝nde bulundurun. [C:\Users\lunap\OneDrive\Masa├╝st├╝\MyProjects\QuickStart1\QuickStartProject.WebUILayer\QuickStartProject.WebUILayer.csproj]
C:\Users\lunap\OneDrive\Masa├╝st├╝\MyProjects\QuickStart1\QuickStartProject.WebUILayer\DTOs\FeaturedServiceDTOs\CreateFeaturedServiceDTO.cs(7,19): warning CS8618: Null atanamaz ├Âzellik 'Description', olu┼şturucudan ├ğ─▒k─▒┼ş yaparken null olmayan bir de─şer i├ğermelidir. 'Gerekli' de─şi┼ştiricisini ekleyin veya ├Âzellik de─şerini null atanabilir olarak bildirmeyi g├Âz ├Ân├╝nde bulundurun. [C:\Users\lunap\OneDrive\Masa├╝st├╝\MyProjects\QuickStart1\QuickStartProject.WebUILayer\QuickStartProject.WebUILayer.csproj]
C:\Users\lunap\OneDrive\Masa├╝st├╝\MyProjects\QuickStart1\QuickStartProject.WebUILayer\DTOs\FeatureDTOs\CreateFeatureDTO.cs(5,19): warning CS8618: Null atanamaz ├Âzellik 'Icon', olu┼şturucudan ├ğ─▒k─▒┼ş yaparken null olmayan bir de─şer i├ğermelidir. 'Gerekli' de─şi┼ştiricisini ekleyin veya ├Âzellik de─şerini null atanabilir olarak bildirmeyi g├Âz ├Ân├╝nde bulundurun. [C:\Users\lunap\OneDrive\Masa├╝st├╝\MyProjects\QuickStart1\QuickStartProject.WebUILayer\QuickStartProject.WebUILayer.csproj]
C:\Users\lunap\OneDrive\Masa├╝st├╝\MyProjects\QuickStart1\QuickStartProject.WebUILayer\DTOs\FeatureDTOs\CreateFeatureDTO.cs(6,19): warning CS8618: Null atanamaz ├Âzellik 'Title', olu┼şturucudan ├ğ─▒k─▒┼ş yaparken null olmayan bir de─şer i├ğermelidir. 'Gerekli' de─şi┼ştiricisini ekleyin veya ├Âzellik de─şerini null atanabilir olarak bildirmeyi g├Âz ├Ân├╝nde bulundurun. [C:\Users\lunap\OneDrive\Masa├╝st├╝\MyProjects\QuickStart1\QuickStartProject.WebUILayer\QuickStartProject.WebUILayer.csproj]
C:\Users\lunap\OneDrive\Masa├╝st├╝\MyProjects\QuickStart1\QuickStartProject.WebUILayer\DTOs\FeatureDTOs\CreateFeatureDTO.cs(7,19): warning CS8618: Null atanamaz ├Âzellik 'Description', olu┼şturucudan ├ğ─▒k─▒┼ş yaparken null olmayan bir de─şer i├ğermelidir. 'Gerekli' de─şi┼ştiricisini ekleyin veya ├Âzellik de─şerini null atanabilir olarak bildirmeyi g├Âz ├Ân├╝nde bulundurun. [C:\Users\lunap\OneDrive\Masa├╝st├╝\MyProjects\QuickStart1\QuickStartProject.WebUILayer\QuickStartProject.WebUILayer.csproj]
C:\Users\lunap\OneDrive\Masa├╝st├╝\MyProjects\QuickStart1\QuickStartProject.WebUILayer\DTOs\FeatureDTOs\CreateFeatureDTO.cs(8,19): warning CS8618: Null atanamaz ├Âzellik 'ImageUrl', olu┼şturucudan ├ğ─▒k─▒┼ş yaparken null olmayan bir de─şer i├ğermelidir. 'Gerekli' de─şi┼ştiricisini ekleyin veya ├Âzellik de─şerini null atanabilir olarak bildirmeyi g├Âz ├Ân├╝nde bulundurun. [C:\Users\lunap\OneDrive\Masa├╝st├╝\MyProjects\QuickStart1\QuickStartProject.WebUILayer\QuickStartProject.WebUILayer.csproj]
C:\Users\lunap\OneDrive\Masa├╝st├╝\MyProjects\QuickStart1\QuickStartProject.WebUILayer\DTOs\PricingDTOs\CreatePricingDTO.cs(5,19): warning CS8618: Null atanamaz ├Âzellik 'Name', olu┼şturucudan ├ğ─▒k─▒┼ş yaparken null olmayan bir de─şer i├ğermelidir. 'Gerekli' de─şi┼ştiricisini ekleyin veya ├Âzellik de─şerini null atanabilir olarak bildirmeyi g├Âz ├Ân├╝nde bulundurun. [C:\Users\lunap\OneDrive\Masa├╝st├╝\MyProjects\QuickStart1\QuickStartProject.WebUILayer\QuickStartProject.WebUILayer.csproj]
C:\Users\lunap\OneDrive\Masa├╝st├╝\MyProjects\QuickStart1\QuickStartProject.WebUILayer\DTOs\PricingDTOs\CreatePricingDTO.cs(6,19): warning CS8618: Null atanamaz ├Âzellik 'Description', olu┼şturucudan ├ğ─▒k─▒┼ş yaparken null olmayan bir de─şer i├ğermelidir. 'Gerekli' de─şi┼ştiricisini ekleyin veya ├Âzellik de─şerini null atanabilir olarak bildirmeyi g├Âz ├Ân├╝nde bulundurun. [C:\Users\lunap\OneDrive\Masa├╝st├╝\MyProjects\QuickStart1\QuickStartProject.WebUILayer\QuickStartProject.WebUILayer.csproj]
C:\Users\lunap\OneDrive\Masa├╝st├╝\MyProjects\QuickStart1\QuickStartProject.WebUILayer\DTOs\PricingDTOs\CreatePricingDTO.cs(7,19): warning CS8618: Null atanamaz ├Âzellik 'Price', olu┼şturucudan ├ğ─▒k─▒┼ş yaparken null olmayan bir de─şer i├ğermelidir. 'Gerekli' de─şi┼ştiricisini ekleyin veya ├Âzellik de─şerini null atanabilir olarak bildirmeyi g├Âz ├Ân├╝nde bulundurun. [C:\Users\lunap\OneDrive\Masa├╝st├╝\MyProjects\QuickStart1\QuickStartProject.WebUILayer\QuickStartProject.WebUILayer.csproj]
C:\Users\lunap\OneDrive\Masa├╝st├╝\MyProjects\QuickStart1\QuickStartProject.WebUILayer\DTOs\PricingDTOs\CreatePricingDTO.cs(8,19): warning CS8618: Null atanamaz ├Âzellik 'Period', olu┼şturucudan ├ğ─▒k─▒┼ş yaparken null olmayan bir de─şer i├ğermelidir. 'Gerekli' de─şi┼ştiricisini ekleyin veya ├Âzellik de─şerini null atanabilir olarak bildirmeyi g├Âz ├Ân├╝nde bulundurun. [C:\Users\lunap\OneDrive\Masa├╝st├╝\MyProjects\QuickStart1\QuickStartProject.WebUILayer\QuickStartProject.WebUILayer.csproj]
C:\Users\lunap\OneDrive\Masa├╝st├╝\MyProjects\QuickStart1\QuickStartProject.WebUILayer\DTOs\PricingDTOs\CreatePricingDTO.cs(10,25): warning CS8618: Null atanamaz ├Âzellik 'Features', olu┼şturucudan ├ğ─▒k─▒┼ş yaparken null olmayan bir de─şer i├ğermelidir. 'Gerekli' de─şi┼ştiricisini ekleyin veya ├Âzellik de─şerini null atanabilir olarak bildirmeyi g├Âz ├Ân├╝nde bulundurun. [C:\Users\lunap\OneDrive\Masa├╝st├╝\MyProjects\QuickStart1\QuickStartProject.WebUILayer\QuickStartProject.WebUILayer.csproj]
C:\Users\lunap\OneDrive\Masa├╝st├╝\MyProjects\QuickStart1\QuickStartProject.WebUILayer\DTOs\FeatureDTOs\UpdateFeatureDTO.cs(6,19): warning CS8618: Null atanamaz ├Âzellik 'Icon', olu┼şturucudan ├ğ─▒k─▒┼ş yaparken null olmayan bir de─şer i├ğermelidir. 'Gerekli' de─şi┼ştiricisini ekleyin veya ├Âzellik de─şerini null atanabilir olarak bildirmeyi g├Âz ├Ân├╝nde bulundurun. [C:\Users\lunap\OneDrive\Masa├╝st├╝\MyProjects\QuickStart1\QuickStartProject.WebUILayer\QuickStartProject.WebUILayer.csproj]
C:\Users\lunap\OneDrive\Masa├╝st├╝\MyProjects\QuickStart1\QuickStartProject.WebUILayer\DTOs\FeatureDTOs\UpdateFeatureDTO.cs(7,19): warning CS8618: Null atanamaz ├Âzellik 'Title', olu┼şturucudan ├ğ─▒k─▒┼ş yaparken null olmayan bir de─şer i├ğermelidir. 'Gerekli' de─şi┼ştiricisini ekleyin veya ├Âzellik de─şerini null atanabilir olarak bildirmeyi g├Âz ├Ân├╝nde bulundurun. [C:\Users\lunap\OneDrive\Masa├╝st├╝\MyProjects\QuickStart1\QuickStartProject.WebUILayer\QuickStartProject.WebUILayer.csproj]
C:\Users\lunap\OneDrive\Masa├╝st├╝\MyProjects\QuickStart1\QuickStartProject.WebUILayer\DTOs\FeatureDTOs\UpdateFeatureDTO.cs(8,19): warning CS8618: Null atanamaz ├Âzellik 'Description', olu┼şturucudan ├ğ─▒k─▒┼ş yaparken null olmayan bir de─şer i├ğermelidir. 'Gerekli' de─şi┼ştiricisini ekleyin veya ├Âzellik de─şerini null atanabilir olarak bildirmeyi g├Âz ├Ân├╝nde bulundurun. [C:\Users\lunap\OneDrive\Masa├╝st├╝\MyProjects\QuickStart1\QuickStartProject.WebUILayer\QuickStartProject.WebUILayer.csproj]
C:\Users\lunap\OneDrive\Masa├╝st├╝\MyProjects\QuickStart1\QuickStartProject.WebUILayer\DTOs\FeatureDTOs\UpdateFeatureDTO.cs(9,19): warning CS8618: Null atanamaz ├Âzellik 'ImageUrl', olu┼şturucudan ├ğ─▒k─▒┼ş yaparken null olmayan bir de─şer i├ğermelidir. 'Gerekli' de─şi┼ştiricisini ekleyin veya ├Âzellik de─şerini null atanabilir olarak bildirmeyi g├Âz ├Ân├╝nde bulundurun. [C:\Users\lunap\OneDrive\Masa├╝st├╝\MyProjects\QuickStart1\QuickStartProject.WebUILayer\QuickStartProject.WebUILayer.csproj]
C:\Users\lunap\OneDrive\Masa├╝st├╝\MyProjects\QuickStart1\QuickStartProject.WebUILayer\DTOs\LoginDTOs\LoginDTO.cs(5,23): warning CS8618: Null atanamaz ├Âzellik 'Email', olu┼şturucudan ├ğ─▒k─▒┼ş yaparken null olmayan bir de─şer i├ğermelidir. 'Gerekli' de─şi┼ştiricisini ekleyin veya ├Âzellik de─şerini null atanabilir olarak bildirmeyi g├Âz ├Ân├╝nde bulundurun. [C:\Users\lunap\OneDrive\Masa├╝st├╝\MyProjects\QuickStart1\QuickStartProject.WebUILayer\QuickStartProject.WebUILayer.csproj]
C:\Users\lunap\OneDrive\Masa├╝st├╝\MyProjects\QuickStart1\QuickStartProject.WebUILayer\DTOs\LoginDTOs\LoginDTO.cs(6,23): warning CS8618: Null atanamaz ├Âzellik 'Password', olu┼şturucudan ├ğ─▒k─▒┼ş yaparken null olmayan bir de─şer i├ğermelidir. 'Gerekli' de─şi┼ştiricisini ekleyin veya ├Âzellik de─şerini null atanabilir olarak bildirmeyi g├Âz ├Ân├╝nde bulundurun. [C:\Users\lunap\OneDrive\Masa├╝st├╝\MyProjects\QuickStart1\QuickStartProject.WebUILayer\QuickStartProject.WebUILayer.csproj]
C:\Users\lunap\OneDrive\Masa├╝st├╝\MyProjects\QuickStart1\QuickStartProject.WebUILayer\DTOs\NewsletterDTOs\UpdateNewsletterDTO.cs(6,19): warning CS8618: Null atanamaz ├Âzellik 'Email', olu┼şturucudan ├ğ─▒k─▒┼ş yaparken null olmayan bir de─şer i├ğermelidir. 'Gerekli' de─şi┼ştiricisini ekleyin veya ├Âzellik de─şerini null atanabilir olarak bildirmeyi g├Âz ├Ân├╝nde bulundurun. [C:\Users\lunap\OneDrive\Masa├╝st├╝\MyProjects\QuickStart1\QuickStartProject.WebUILayer\QuickStartProject.WebUILayer.csproj]
C:\Users\lunap\OneDrive\Masa├╝st├╝\MyProjects\QuickStart1\QuickStartProject.WebUILayer\DTOs\MessageDTOs\CreateMessageDTO.cs(5,19): warning CS8618: Null atanamaz ├Âzellik 'Name', olu┼şturucudan ├ğ─▒k─▒┼ş yaparken null olmayan bir de─şer i├ğermelidir. 'Gerekli' de─şi┼ştiricisini ekleyin veya ├Âzellik de─şerini null atanabilir olarak bildirmeyi g├Âz ├Ân├╝nde bulundurun. [C:\Users\lunap\OneDrive\Masa├╝st├╝\MyProjects\QuickStart1\QuickStartProject.WebUILayer\QuickStartProject.WebUILayer.csproj]
C:\Users\lunap\OneDrive\Masa├╝st├╝\MyProjects\QuickStart1\QuickStartProject.WebUILayer\DTOs\MessageDTOs\CreateMessageDTO.cs(6,19): warning CS8618: Null atanamaz ├Âzellik 'Email', olu┼şturucudan ├ğ─▒k─▒┼ş yaparken null olmayan bir de─şer i├ğermelidir. 'Gerekli' de─şi┼ştiricisini ekleyin veya ├Âzellik de─şerini null atanabilir olarak bildirmeyi g├Âz ├Ân├╝nde bulundurun. [C:\Users\lunap\OneDrive\Masa├╝st├╝\MyProjects\QuickStart1\QuickStartProject.WebUILayer\QuickStartProject.WebUILayer.csproj]
C:\Users\lunap\OneDrive\Masa├╝st├╝\MyProjects\QuickStart1\QuickStartProject.WebUILayer\DTOs\MessageDTOs\CreateMessageDTO.cs(7,19): warning CS8618: Null atanamaz ├Âzellik 'Subject', olu┼şturucudan ├ğ─▒k─▒┼ş yaparken null olmayan bir de─şer i├ğermelidir. 'Gerekli' de─şi┼ştiricisini ekleyin veya ├Âzellik de─şerini null atanabilir olarak bildirmeyi g├Âz ├Ân├╝nde bulundurun. [C:\Users\lunap\OneDrive\Masa├╝st├╝\MyProjects\QuickStart1\QuickStartProject.WebUILayer\QuickStartProject.WebUILayer.csproj]
C:\Users\lunap\OneDrive\Masa├╝st├╝\MyProjects\QuickStart1\QuickStartProject.WebUILayer\DTOs\MessageDTOs\CreateMessageDTO.cs(8,19): warning CS8618: Null atanamaz ├Âzellik 'Content', olu┼şturucudan ├ğ─▒k─▒┼ş yaparken null olmayan bir de─şer i├ğermelidir. 'Gerekli' de─şi┼ştiricisini ekleyin veya ├Âzellik de─şerini null atanabilir olarak bildirmeyi g├Âz ├Ân├╝nde bulundurun. [C:\Users\lunap\OneDrive\Masa├╝st├╝\MyProjects\QuickStart1\QuickStartProject.WebUILayer\QuickStartProject.WebUILayer.csproj]
C:\Users\lunap\OneDrive\Masa├╝st├╝\MyProjects\QuickStart1\QuickStartProject.WebUILayer\DTOs\NewsletterDTOs\ResultNewsletterDTO.cs(6,19): warning CS8618: Null atanamaz ├Âzellik 'Email', olu┼şturucudan ├ğ─▒k─▒┼ş yaparken null olmayan bir de─şer i├ğermelidir. 'Gerekli' de─şi┼ştiricisini ekleyin veya ├Âzellik de─şerini null atanabilir olarak bildirmeyi g├Âz ├Ân├╝nde bulundurun. [C:\Users\lunap\OneDrive\Masa├╝st├╝\MyProjects\QuickStart1\QuickStartProject.WebUILayer\QuickStartProject.WebUILayer.csproj]
C:\Users\lunap\OneDrive\Masa├╝st├╝\MyProjects\QuickStart1\QuickStartProject.WebUILayer\DTOs\NewsletterDTOs\CreateNewsletterDTO.cs(5,19): warning CS8618: Null atanamaz ├Âzellik 'Email', olu┼şturucudan ├ğ─▒k─▒┼ş yaparken null olmayan bir de─şer i├ğermelidir. 'Gerekli' de─şi┼ştiricisini ekleyin veya ├Âzellik de─şerini null atanabilir olarak bildirmeyi g├Âz ├Ân├╝nde bulundurun. [C:\Users\lunap\OneDrive\Masa├╝st├╝\MyProjects\QuickStart1\QuickStartProject.WebUILayer\QuickStartProject.WebUILayer.csproj]
C:\Users\lunap\OneDrive\Masa├╝st├╝\MyProjects\QuickStart1\QuickStartProject.WebUILayer\DTOs\MessageDTOs\ResultMessageDTO.cs(6,19): warning CS8618: Null atanamaz ├Âzellik 'Name', olu┼şturucudan ├ğ─▒k─▒┼ş yaparken null olmayan bir de─şer i├ğermelidir. 'Gerekli' de─şi┼ştiricisini ekleyin veya ├Âzellik de─şerini null atanabilir olarak bildirmeyi g├Âz ├Ân├╝nde bulundurun. [C:\Users\lunap\OneDrive\Masa├╝st├╝\MyProjects\QuickStart1\QuickStartProject.WebUILayer\QuickStartProject.WebUILayer.csproj]
C:\Users\lunap\OneDrive\Masa├╝st├╝\MyProjects\QuickStart1\QuickStartProject.WebUILayer\DTOs\MessageDTOs\ResultMessageDTO.cs(7,19): warning CS8618: Null atanamaz ├Âzellik 'Email', olu┼şturucudan ├ğ─▒k─▒┼ş yaparken null olmayan bir de─şer i├ğermelidir. 'Gerekli' de─şi┼ştiricisini ekleyin veya ├Âzellik de─şerini null atanabilir olarak bildirmeyi g├Âz ├Ân├╝nde bulundurun. [C:\Users\lunap\OneDrive\Masa├╝st├╝\MyProjects\QuickStart1\QuickStartProject.WebUILayer\QuickStartProject.WebUILayer.csproj]
C:\Users\lunap\OneDrive\Masa├╝st├╝\MyProjects\QuickStart1\QuickStartProject.WebUILayer\DTOs\MessageDTOs\ResultMessageDTO.cs(8,19): warning CS8618: Null atanamaz ├Âzellik 'Subject', olu┼şturucudan ├ğ─▒k─▒┼ş yaparken null olmayan bir de─şer i├ğermelidir. 'Gerekli' de─şi┼ştiricisini ekleyin veya ├Âzellik de─şerini null atanabilir olarak bildirmeyi g├Âz ├Ân├╝nde bulundurun. [C:\Users\lunap\OneDrive\Masa├╝st├╝\MyProjects\QuickStart1\QuickStartProject.WebUILayer\QuickStartProject.WebUILayer.csproj]
C:\Users\lunap\OneDrive\Masa├╝st├╝\MyProjects\QuickStart1\QuickStartProject.WebUILayer\DTOs\MessageDTOs\ResultMessageDTO.cs(9,19): warning CS8618: Null atanamaz ├Âzellik 'Content', olu┼şturucudan ├ğ─▒k─▒┼ş yaparken null olmayan bir de─şer i├ğermelidir. 'Gerekli' de─şi┼ştiricisini ekleyin veya ├Âzellik de─şerini null atanabilir olarak bildirmeyi g├Âz ├Ân├╝nde bulundurun. [C:\Users\lunap\OneDrive\Masa├╝st├╝\MyProjects\QuickStart1\QuickStartProject.WebUILayer\QuickStartProject.WebUILayer.csproj]
C:\Users\lunap\OneDrive\Masa├╝st├╝\MyProjects\QuickStart1\QuickStartProject.WebUILayer\DTOs\FeatureDTOs\ResultFeatureDTO.cs(6,19): warning CS8618: Null atanamaz ├Âzellik 'Icon', olu┼şturucudan ├ğ─▒k─▒┼ş yaparken null olmayan bir de─şer i├ğermelidir. 'Gerekli' de─şi┼ştiricisini ekleyin veya ├Âzellik de─şerini null atanabilir olarak bildirmeyi g├Âz ├Ân├╝nde bulundurun. [C:\Users\lunap\OneDrive\Masa├╝st├╝\MyProjects\QuickStart1\QuickStartProject.WebUILayer\QuickStartProject.WebUILayer.csproj]
C:\Users\lunap\OneDrive\Masa├╝st├╝\MyProjects\QuickStart1\QuickStartProject.WebUILayer\DTOs\FeatureDTOs\ResultFeatureDTO.cs(7,19): warning CS8618: Null atanamaz ├Âzellik 'Title', olu┼şturucudan ├ğ─▒k─▒┼ş yaparken null olmayan bir de─şer i├ğermelidir. 'Gerekli' de─şi┼ştiricisini ekleyin veya ├Âzellik de─şerini null atanabilir olarak bildirmeyi g├Âz ├Ân├╝nde bulundurun. [C:\Users\lunap\OneDrive\Masa├╝st├╝\MyProjects\QuickStart1\QuickStartProject.WebUILayer\QuickStartProject.WebUILayer.csproj]
C:\Users\lunap\OneDrive\Masa├╝st├╝\MyProjects\QuickStart1\QuickStartProject.WebUILayer\DTOs\FeatureDTOs\ResultFeatureDTO.cs(8,19): warning CS8618: Null atanamaz ├Âzellik 'Description', olu┼şturucudan ├ğ─▒k─▒┼ş yaparken null olmayan bir de─şer i├ğermelidir. 'Gerekli' de─şi┼ştiricisini ekleyin veya ├Âzellik de─şerini null atanabilir olarak bildirmeyi g├Âz ├Ân├╝nde bulundurun. [C:\Users\lunap\OneDrive\Masa├╝st├╝\MyProjects\QuickStart1\QuickStartProject.WebUILayer\QuickStartProject.WebUILayer.csproj]
C:\Users\lunap\OneDrive\Masa├╝st├╝\MyProjects\QuickStart1\QuickStartProject.WebUILayer\DTOs\FeatureDTOs\ResultFeatureDTO.cs(9,19): warning CS8618: Null atanamaz ├Âzellik 'ImageUrl', olu┼şturucudan ├ğ─▒k─▒┼ş yaparken null olmayan bir de─şer i├ğermelidir. 'Gerekli' de─şi┼ştiricisini ekleyin veya ├Âzellik de─şerini null atanabilir olarak bildirmeyi g├Âz ├Ân├╝nde bulundurun. [C:\Users\lunap\OneDrive\Masa├╝st├╝\MyProjects\QuickStart1\QuickStartProject.WebUILayer\QuickStartProject.WebUILayer.csproj]
C:\Users\lunap\OneDrive\Masa├╝st├╝\MyProjects\QuickStart1\QuickStartProject.WebUILayer\DTOs\MessageDTOs\UpdateMessageDTO.cs(6,19): warning CS8618: Null atanamaz ├Âzellik 'Name', olu┼şturucudan ├ğ─▒k─▒┼ş yaparken null olmayan bir de─şer i├ğermelidir. 'Gerekli' de─şi┼ştiricisini ekleyin veya ├Âzellik de─şerini null atanabilir olarak bildirmeyi g├Âz ├Ân├╝nde bulundurun. [C:\Users\lunap\OneDrive\Masa├╝st├╝\MyProjects\QuickStart1\QuickStartProject.WebUILayer\QuickStartProject.WebUILayer.csproj]
C:\Users\lunap\OneDrive\Masa├╝st├╝\MyProjects\QuickStart1\QuickStartProject.WebUILayer\DTOs\MessageDTOs\UpdateMessageDTO.cs(7,19): warning CS8618: Null atanamaz ├Âzellik 'Email', olu┼şturucudan ├ğ─▒k─▒┼ş yaparken null olmayan bir de─şer i├ğermelidir. 'Gerekli' de─şi┼ştiricisini ekleyin veya ├Âzellik de─şerini null atanabilir olarak bildirmeyi g├Âz ├Ân├╝nde bulundurun. [C:\Users\lunap\OneDrive\Masa├╝st├╝\MyProjects\QuickStart1\QuickStartProject.WebUILayer\QuickStartProject.WebUILayer.csproj]
C:\Users\lunap\OneDrive\Masa├╝st├╝\MyProjects\QuickStart1\QuickStartProject.WebUILayer\DTOs\MessageDTOs\UpdateMessageDTO.cs(8,19): warning CS8618: Null atanamaz ├Âzellik 'Subject', olu┼şturucudan ├ğ─▒k─▒┼ş yaparken null olmayan bir de─şer i├ğermelidir. 'Gerekli' de─şi┼ştiricisini ekleyin veya ├Âzellik de─şerini null atanabilir olarak bildirmeyi g├Âz ├Ân├╝nde bulundurun. [C:\Users\lunap\OneDrive\Masa├╝st├╝\MyProjects\QuickStart1\QuickStartProject.WebUILayer\QuickStartProject.WebUILayer.csproj]
C:\Users\lunap\OneDrive\Masa├╝st├╝\MyProjects\QuickStart1\QuickStartProject.WebUILayer\DTOs\MessageDTOs\UpdateMessageDTO.cs(9,19): warning CS8618: Null atanamaz ├Âzellik 'Content', olu┼şturucudan ├ğ─▒k─▒┼ş yaparken null olmayan bir de─şer i├ğermelidir. 'Gerekli' de─şi┼ştiricisini ekleyin veya ├Âzellik de─şerini null atanabilir olarak bildirmeyi g├Âz ├Ân├╝nde bulundurun. [C:\Users\lunap\OneDrive\Masa├╝st├╝\MyProjects\QuickStart1\QuickStartProject.WebUILayer\QuickStartProject.WebUILayer.csproj]
C:\Users\lunap\OneDrive\Masa├╝st├╝\MyProjects\QuickStart1\QuickStartProject.WebUILayer\Areas\Admin\Controllers\DashboardController.cs(30,36): warning CS8602: Olas─▒ bir null ba┼şvurunun ba┼şvurma i┼şlemi. [C:\Users\lunap\OneDrive\Masa├╝st├╝\MyProjects\QuickStart1\QuickStartProject.WebUILayer\QuickStartProject.WebUILayer.csproj]
C:\Users\lunap\OneDrive\Masa├╝st├╝\MyProjects\QuickStart1\QuickStartProject.WebUILayer\Areas\Admin\Controllers\DashboardController.cs(39,39): warning CS8602: Olas─▒ bir null ba┼şvurunun ba┼şvurma i┼şlemi. [C:\Users\lunap\OneDrive\Masa├╝st├╝\MyProjects\QuickStart1\QuickStartProject.WebUILayer\QuickStartProject.WebUILayer.csproj]
C:\Users\lunap\OneDrive\Masa├╝st├╝\MyProjects\QuickStart1\QuickStartProject.WebUILayer\Areas\Admin\Controllers\DashboardController.cs(58,29): warning CS8602: Olas─▒ bir null ba┼şvurunun ba┼şvurma i┼şlemi. [C:\Users\lunap\OneDrive\Masa├╝st├╝\MyProjects\QuickStart1\QuickStartProject.WebUILayer\QuickStartProject.WebUILayer.csproj]
C:\Users\lunap\OneDrive\Masa├╝st├╝\MyProjects\QuickStart1\QuickStartProject.WebUILayer\DTOs\ContactDTOs\CreateContactDTO.cs(5,19): warning CS8618: Null atanamaz ├Âzellik 'Title', olu┼şturucudan ├ğ─▒k─▒┼ş yaparken null olmayan bir de─şer i├ğermelidir. 'Gerekli' de─şi┼ştiricisini ekleyin veya ├Âzellik de─şerini null atanabilir olarak bildirmeyi g├Âz ├Ân├╝nde bulundurun. [C:\Users\lunap\OneDrive\Masa├╝st├╝\MyProjects\QuickStart1\QuickStartProject.WebUILayer\QuickStartProject.WebUILayer.csproj]
C:\Users\lunap\OneDrive\Masa├╝st├╝\MyProjects\QuickStart1\QuickStartProject.WebUILayer\DTOs\ContactDTOs\CreateContactDTO.cs(6,19): warning CS8618: Null atanamaz ├Âzellik 'Description', olu┼şturucudan ├ğ─▒k─▒┼ş yaparken null olmayan bir de─şer i├ğermelidir. 'Gerekli' de─şi┼ştiricisini ekleyin veya ├Âzellik de─şerini null atanabilir olarak bildirmeyi g├Âz ├Ân├╝nde bulundurun. [C:\Users\lunap\OneDrive\Masa├╝st├╝\MyProjects\QuickStart1\QuickStartProject.WebUILayer\QuickStartProject.WebUILayer.csproj]
C:\Users\lunap\OneDrive\Masa├╝st├╝\MyProjects\QuickStart1\QuickStartProject.WebUILayer\DTOs\ContactDTOs\CreateContactDTO.cs(7,19): warning CS8618: Null atanamaz ├Âzellik 'Address', olu┼şturucudan ├ğ─▒k─▒┼ş yaparken null olmayan bir de─şer i├ğermelidir. 'Gerekli' de─şi┼ştiricisini ekleyin veya ├Âzellik de─şerini null atanabilir olarak bildirmeyi g├Âz ├Ân├╝nde bulundurun. [C:\Users\lunap\OneDrive\Masa├╝st├╝\MyProjects\QuickStart1\QuickStartProject.WebUILayer\QuickStartProject.WebUILayer.csproj]
C:\Users\lunap\OneDrive\Masa├╝st├╝\MyProjects\QuickStart1\QuickStartProject.WebUILayer\DTOs\ContactDTOs\CreateContactDTO.cs(8,19): warning CS8618: Null atanamaz ├Âzellik 'Phone', olu┼şturucudan ├ğ─▒k─▒┼ş yaparken null olmayan bir de─şer i├ğermelidir. 'Gerekli' de─şi┼ştiricisini ekleyin veya ├Âzellik de─şerini null atanabilir olarak bildirmeyi g├Âz ├Ân├╝nde bulundurun. [C:\Users\lunap\OneDrive\Masa├╝st├╝\MyProjects\QuickStart1\QuickStartProject.WebUILayer\QuickStartProject.WebUILayer.csproj]
C:\Users\lunap\OneDrive\Masa├╝st├╝\MyProjects\QuickStart1\QuickStartProject.WebUILayer\DTOs\ContactDTOs\CreateContactDTO.cs(9,19): warning CS8618: Null atanamaz ├Âzellik 'Email', olu┼şturucudan ├ğ─▒k─▒┼ş yaparken null olmayan bir de─şer i├ğermelidir. 'Gerekli' de─şi┼ştiricisini ekleyin veya ├Âzellik de─şerini null atanabilir olarak bildirmeyi g├Âz ├Ân├╝nde bulundurun. [C:\Users\lunap\OneDrive\Masa├╝st├╝\MyProjects\QuickStart1\QuickStartProject.WebUILayer\QuickStartProject.WebUILayer.csproj]
C:\Users\lunap\OneDrive\Masa├╝st├╝\MyProjects\QuickStart1\QuickStartProject.WebUILayer\Program.cs(32,5): warning ASP0014: Suggest using top level route registrations instead of UseEndpoints (https://aka.ms/aspnet/analyzers) [C:\Users\lunap\OneDrive\Masa├╝st├╝\MyProjects\QuickStart1\QuickStartProject.WebUILayer\QuickStartProject.WebUILayer.csproj]
C:\Program Files\dotnet\sdk\10.0.201\Microsoft.Common.CurrentVersion.targets(5395,5): warning MSB3026: "C:\Users\lunap\OneDrive\Masa├╝st├╝\MyProjects\QuickStart1\QuickStart.WebApiLayer\obj\Debug\net9.0\apphost.exe", "bin\Debug\net9.0\QuickStart.WebApiLayer.exe" ├╝zerine kopyalanamad─▒. 2 numaral─▒ yeniden denemeye 1000 ms i├ğinde ba┼şlanacak. The process cannot access the file 'C:\Users\lunap\OneDrive\Masa├╝st├╝\MyProjects\QuickStart1\QuickStart.WebApiLayer\bin\Debug\net9.0\QuickStart.WebApiLayer.exe' because it is being used by another process. Dosya ┼şunun taraf─▒ndan kilitlendi: "QuickStart.WebApiLayer (33384)" [C:\Users\lunap\OneDrive\Masa├╝st├╝\MyProjects\QuickStart1\QuickStart.WebApiLayer\QuickStart.WebApiLayer.csproj]
C:\Program Files\dotnet\sdk\10.0.201\Microsoft.Common.CurrentVersion.targets(5395,5): warning MSB3026: "C:\Users\lunap\OneDrive\Masa├╝st├╝\MyProjects\QuickStart1\QuickStart.WebApiLayer\obj\Debug\net9.0\apphost.exe", "bin\Debug\net9.0\QuickStart.WebApiLayer.exe" ├╝zerine kopyalanamad─▒. 3 numaral─▒ yeniden denemeye 1000 ms i├ğinde ba┼şlanacak. The process cannot access the file 'C:\Users\lunap\OneDrive\Masa├╝st├╝\MyProjects\QuickStart1\QuickStart.WebApiLayer\bin\Debug\net9.0\QuickStart.WebApiLayer.exe' because it is being used by another process. Dosya ┼şunun taraf─▒ndan kilitlendi: "QuickStart.WebApiLayer (33384)" [C:\Users\lunap\OneDrive\Masa├╝st├╝\MyProjects\QuickStart1\QuickStart.WebApiLayer\QuickStart.WebApiLayer.csproj]
C:\Program Files\dotnet\sdk\10.0.201\Microsoft.Common.CurrentVersion.targets(5395,5): warning MSB3026: "C:\Users\lunap\OneDrive\Masa├╝st├╝\MyProjects\QuickStart1\QuickStartProject.WebUILayer\obj\Debug\net9.0\apphost.exe", "bin\Debug\net9.0\QuickStartProject.WebUILayer.exe" ├╝zerine kopyalanamad─▒. 1 numaral─▒ yeniden denemeye 1000 ms i├ğinde ba┼şlanacak. The process cannot access the file 'C:\Users\lunap\OneDrive\Masa├╝st├╝\MyProjects\QuickStart1\QuickStartProject.WebUILayer\bin\Debug\net9.0\QuickStartProject.WebUILayer.exe' because it is being used by another process. Dosya ┼şunun taraf─▒ndan kilitlendi: "QuickStartProject.WebUILayer (28880)" [C:\Users\lunap\OneDrive\Masa├╝st├╝\MyProjects\QuickStart1\QuickStartProject.WebUILayer\QuickStartProject.WebUILayer.csproj]
C:\Program Files\dotnet\sdk\10.0.201\Microsoft.Common.CurrentVersion.targets(5395,5): warning MSB3026: "C:\Users\lunap\OneDrive\Masa├╝st├╝\MyProjects\QuickStart1\QuickStartProject.WebUILayer\obj\Debug\net9.0\apphost.exe", "bin\Debug\net9.0\QuickStartProject.WebUILayer.exe" ├╝zerine kopyalanamad─▒. 2 numaral─▒ yeniden denemeye 1000 ms i├ğinde ba┼şlanacak. The process cannot access the file 'C:\Users\lunap\OneDrive\Masa├╝st├╝\MyProjects\QuickStart1\QuickStartProject.WebUILayer\bin\Debug\net9.0\QuickStartProject.WebUILayer.exe' because it is being used by another process. Dosya ┼şunun taraf─▒ndan kilitlendi: "QuickStartProject.WebUILayer (28880)" [C:\Users\lunap\OneDrive\Masa├╝st├╝\MyProjects\QuickStart1\QuickStartProject.WebUILayer\QuickStartProject.WebUILayer.csproj]
C:\Program Files\dotnet\sdk\10.0.201\Microsoft.Common.CurrentVersion.targets(5395,5): warning MSB3026: "C:\Users\lunap\OneDrive\Masa├╝st├╝\MyProjects\QuickStart1\QuickStart.WebApiLayer\obj\Debug\net9.0\apphost.exe", "bin\Debug\net9.0\QuickStart.WebApiLayer.exe" ├╝zerine kopyalanamad─▒. 4 numaral─▒ yeniden denemeye 1000 ms i├ğinde ba┼şlanacak. The process cannot access the file 'C:\Users\lunap\OneDrive\Masa├╝st├╝\MyProjects\QuickStart1\QuickStart.WebApiLayer\bin\Debug\net9.0\QuickStart.WebApiLayer.exe' because it is being used by another process. Dosya ┼şunun taraf─▒ndan kilitlendi: "QuickStart.WebApiLayer (33384)" [C:\Users\lunap\OneDrive\Masa├╝st├╝\MyProjects\QuickStart1\QuickStart.WebApiLayer\QuickStart.WebApiLayer.csproj]
C:\Program Files\dotnet\sdk\10.0.201\Microsoft.Common.CurrentVersion.targets(5395,5): warning MSB3026: "C:\Users\lunap\OneDrive\Masa├╝st├╝\MyProjects\QuickStart1\QuickStartProject.WebUILayer\obj\Debug\net9.0\apphost.exe", "bin\Debug\net9.0\QuickStartProject.WebUILayer.exe" ├╝zerine kopyalanamad─▒. 3 numaral─▒ yeniden denemeye 1000 ms i├ğinde ba┼şlanacak. The process cannot access the file 'C:\Users\lunap\OneDrive\Masa├╝st├╝\MyProjects\QuickStart1\QuickStartProject.WebUILayer\bin\Debug\net9.0\QuickStartProject.WebUILayer.exe' because it is being used by another process. Dosya ┼şunun taraf─▒ndan kilitlendi: "QuickStartProject.WebUILayer (28880)" [C:\Users\lunap\OneDrive\Masa├╝st├╝\MyProjects\QuickStart1\QuickStartProject.WebUILayer\QuickStartProject.WebUILayer.csproj]
C:\Program Files\dotnet\sdk\10.0.201\Microsoft.Common.CurrentVersion.targets(5395,5): warning MSB3026: "C:\Users\lunap\OneDrive\Masa├╝st├╝\MyProjects\QuickStart1\QuickStart.WebApiLayer\obj\Debug\net9.0\apphost.exe", "bin\Debug\net9.0\QuickStart.WebApiLayer.exe" ├╝zerine kopyalanamad─▒. 5 numaral─▒ yeniden denemeye 1000 ms i├ğinde ba┼şlanacak. The process cannot access the file 'C:\Users\lunap\OneDrive\Masa├╝st├╝\MyProjects\QuickStart1\QuickStart.WebApiLayer\bin\Debug\net9.0\QuickStart.WebApiLayer.exe' because it is being used by another process. Dosya ┼şunun taraf─▒ndan kilitlendi: "QuickStart.WebApiLayer (33384)" [C:\Users\lunap\OneDrive\Masa├╝st├╝\MyProjects\QuickStart1\QuickStart.WebApiLayer\QuickStart.WebApiLayer.csproj]
C:\Program Files\dotnet\sdk\10.0.201\Microsoft.Common.CurrentVersion.targets(5395,5): warning MSB3026: "C:\Users\lunap\OneDrive\Masa├╝st├╝\MyProjects\QuickStart1\QuickStartProject.WebUILayer\obj\Debug\net9.0\apphost.exe", "bin\Debug\net9.0\QuickStartProject.WebUILayer.exe" ├╝zerine kopyalanamad─▒. 4 numaral─▒ yeniden denemeye 1000 ms i├ğinde ba┼şlanacak. The process cannot access the file 'C:\Users\lunap\OneDrive\Masa├╝st├╝\MyProjects\QuickStart1\QuickStartProject.WebUILayer\bin\Debug\net9.0\QuickStartProject.WebUILayer.exe' because it is being used by another process. Dosya ┼şunun taraf─▒ndan kilitlendi: "QuickStartProject.WebUILayer (28880)" [C:\Users\lunap\OneDrive\Masa├╝st├╝\MyProjects\QuickStart1\QuickStartProject.WebUILayer\QuickStartProject.WebUILayer.csproj]
C:\Program Files\dotnet\sdk\10.0.201\Microsoft.Common.CurrentVersion.targets(5395,5): warning MSB3026: "C:\Users\lunap\OneDrive\Masa├╝st├╝\MyProjects\QuickStart1\QuickStart.WebApiLayer\obj\Debug\net9.0\apphost.exe", "bin\Debug\net9.0\QuickStart.WebApiLayer.exe" ├╝zerine kopyalanamad─▒. 6 numaral─▒ yeniden denemeye 1000 ms i├ğinde ba┼şlanacak. The process cannot access the file 'C:\Users\lunap\OneDrive\Masa├╝st├╝\MyProjects\QuickStart1\QuickStart.WebApiLayer\bin\Debug\net9.0\QuickStart.WebApiLayer.exe' because it is being used by another process. Dosya ┼şunun taraf─▒ndan kilitlendi: "QuickStart.WebApiLayer (33384)" [C:\Users\lunap\OneDrive\Masa├╝st├╝\MyProjects\QuickStart1\QuickStart.WebApiLayer\QuickStart.WebApiLayer.csproj]
C:\Program Files\dotnet\sdk\10.0.201\Microsoft.Common.CurrentVersion.targets(5395,5): warning MSB3026: "C:\Users\lunap\OneDrive\Masa├╝st├╝\MyProjects\QuickStart1\QuickStartProject.WebUILayer\obj\Debug\net9.0\apphost.exe", "bin\Debug\net9.0\QuickStartProject.WebUILayer.exe" ├╝zerine kopyalanamad─▒. 5 numaral─▒ yeniden denemeye 1000 ms i├ğinde ba┼şlanacak. The process cannot access the file 'C:\Users\lunap\OneDrive\Masa├╝st├╝\MyProjects\QuickStart1\QuickStartProject.WebUILayer\bin\Debug\net9.0\QuickStartProject.WebUILayer.exe' because it is being used by another process. Dosya ┼şunun taraf─▒ndan kilitlendi: "QuickStartProject.WebUILayer (28880)" [C:\Users\lunap\OneDrive\Masa├╝st├╝\MyProjects\QuickStart1\QuickStartProject.WebUILayer\QuickStartProject.WebUILayer.csproj]
C:\Program Files\dotnet\sdk\10.0.201\Microsoft.Common.CurrentVersion.targets(5395,5): warning MSB3026: "C:\Users\lunap\OneDrive\Masa├╝st├╝\MyProjects\QuickStart1\QuickStart.WebApiLayer\obj\Debug\net9.0\apphost.exe", "bin\Debug\net9.0\QuickStart.WebApiLayer.exe" ├╝zerine kopyalanamad─▒. 7 numaral─▒ yeniden denemeye 1000 ms i├ğinde ba┼şlanacak. The process cannot access the file 'C:\Users\lunap\OneDrive\Masa├╝st├╝\MyProjects\QuickStart1\QuickStart.WebApiLayer\bin\Debug\net9.0\QuickStart.WebApiLayer.exe' because it is being used by another process. Dosya ┼şunun taraf─▒ndan kilitlendi: "QuickStart.WebApiLayer (33384)" [C:\Users\lunap\OneDrive\Masa├╝st├╝\MyProjects\QuickStart1\QuickStart.WebApiLayer\QuickStart.WebApiLayer.csproj]
C:\Program Files\dotnet\sdk\10.0.201\Microsoft.Common.CurrentVersion.targets(5395,5): warning MSB3026: "C:\Users\lunap\OneDrive\Masa├╝st├╝\MyProjects\QuickStart1\QuickStartProject.WebUILayer\obj\Debug\net9.0\apphost.exe", "bin\Debug\net9.0\QuickStartProject.WebUILayer.exe" ├╝zerine kopyalanamad─▒. 6 numaral─▒ yeniden denemeye 1000 ms i├ğinde ba┼şlanacak. The process cannot access the file 'C:\Users\lunap\OneDrive\Masa├╝st├╝\MyProjects\QuickStart1\QuickStartProject.WebUILayer\bin\Debug\net9.0\QuickStartProject.WebUILayer.exe' because it is being used by another process. Dosya ┼şunun taraf─▒ndan kilitlendi: "QuickStartProject.WebUILayer (28880)" [C:\Users\lunap\OneDrive\Masa├╝st├╝\MyProjects\QuickStart1\QuickStartProject.WebUILayer\QuickStartProject.WebUILayer.csproj]
C:\Program Files\dotnet\sdk\10.0.201\Microsoft.Common.CurrentVersion.targets(5395,5): warning MSB3026: "C:\Users\lunap\OneDrive\Masa├╝st├╝\MyProjects\QuickStart1\QuickStart.WebApiLayer\obj\Debug\net9.0\apphost.exe", "bin\Debug\net9.0\QuickStart.WebApiLayer.exe" ├╝zerine kopyalanamad─▒. 8 numaral─▒ yeniden denemeye 1000 ms i├ğinde ba┼şlanacak. The process cannot access the file 'C:\Users\lunap\OneDrive\Masa├╝st├╝\MyProjects\QuickStart1\QuickStart.WebApiLayer\bin\Debug\net9.0\QuickStart.WebApiLayer.exe' because it is being used by another process. Dosya ┼şunun taraf─▒ndan kilitlendi: "QuickStart.WebApiLayer (33384)" [C:\Users\lunap\OneDrive\Masa├╝st├╝\MyProjects\QuickStart1\QuickStart.WebApiLayer\QuickStart.WebApiLayer.csproj]
C:\Program Files\dotnet\sdk\10.0.201\Microsoft.Common.CurrentVersion.targets(5395,5): warning MSB3026: "C:\Users\lunap\OneDrive\Masa├╝st├╝\MyProjects\QuickStart1\QuickStartProject.WebUILayer\obj\Debug\net9.0\apphost.exe", "bin\Debug\net9.0\QuickStartProject.WebUILayer.exe" ├╝zerine kopyalanamad─▒. 7 numaral─▒ yeniden denemeye 1000 ms i├ğinde ba┼şlanacak. The process cannot access the file 'C:\Users\lunap\OneDrive\Masa├╝st├╝\MyProjects\QuickStart1\QuickStartProject.WebUILayer\bin\Debug\net9.0\QuickStartProject.WebUILayer.exe' because it is being used by another process. Dosya ┼şunun taraf─▒ndan kilitlendi: "QuickStartProject.WebUILayer (28880)" [C:\Users\lunap\OneDrive\Masa├╝st├╝\MyProjects\QuickStart1\QuickStartProject.WebUILayer\QuickStartProject.WebUILayer.csproj]
C:\Program Files\dotnet\sdk\10.0.201\Microsoft.Common.CurrentVersion.targets(5395,5): warning MSB3026: "C:\Users\lunap\OneDrive\Masa├╝st├╝\MyProjects\QuickStart1\QuickStart.WebApiLayer\obj\Debug\net9.0\apphost.exe", "bin\Debug\net9.0\QuickStart.WebApiLayer.exe" ├╝zerine kopyalanamad─▒. 9 numaral─▒ yeniden denemeye 1000 ms i├ğinde ba┼şlanacak. The process cannot access the file 'C:\Users\lunap\OneDrive\Masa├╝st├╝\MyProjects\QuickStart1\QuickStart.WebApiLayer\bin\Debug\net9.0\QuickStart.WebApiLayer.exe' because it is being used by another process. Dosya ┼şunun taraf─▒ndan kilitlendi: "QuickStart.WebApiLayer (33384)" [C:\Users\lunap\OneDrive\Masa├╝st├╝\MyProjects\QuickStart1\QuickStart.WebApiLayer\QuickStart.WebApiLayer.csproj]
C:\Program Files\dotnet\sdk\10.0.201\Microsoft.Common.CurrentVersion.targets(5395,5): warning MSB3026: "C:\Users\lunap\OneDrive\Masa├╝st├╝\MyProjects\QuickStart1\QuickStartProject.WebUILayer\obj\Debug\net9.0\apphost.exe", "bin\Debug\net9.0\QuickStartProject.WebUILayer.exe" ├╝zerine kopyalanamad─▒. 8 numaral─▒ yeniden denemeye 1000 ms i├ğinde ba┼şlanacak. The process cannot access the file 'C:\Users\lunap\OneDrive\Masa├╝st├╝\MyProjects\QuickStart1\QuickStartProject.WebUILayer\bin\Debug\net9.0\QuickStartProject.WebUILayer.exe' because it is being used by another process. Dosya ┼şunun taraf─▒ndan kilitlendi: "QuickStartProject.WebUILayer (28880)" [C:\Users\lunap\OneDrive\Masa├╝st├╝\MyProjects\QuickStart1\QuickStartProject.WebUILayer\QuickStartProject.WebUILayer.csproj]
C:\Program Files\dotnet\sdk\10.0.201\Microsoft.Common.CurrentVersion.targets(5395,5): warning MSB3026: "C:\Users\lunap\OneDrive\Masa├╝st├╝\MyProjects\QuickStart1\QuickStart.WebApiLayer\obj\Debug\net9.0\apphost.exe", "bin\Debug\net9.0\QuickStart.WebApiLayer.exe" ├╝zerine kopyalanamad─▒. 10 numaral─▒ yeniden denemeye 1000 ms i├ğinde ba┼şlanacak. The process cannot access the file 'C:\Users\lunap\OneDrive\Masa├╝st├╝\MyProjects\QuickStart1\QuickStart.WebApiLayer\bin\Debug\net9.0\QuickStart.WebApiLayer.exe' because it is being used by another process. Dosya ┼şunun taraf─▒ndan kilitlendi: "QuickStart.WebApiLayer (33384)" [C:\Users\lunap\OneDrive\Masa├╝st├╝\MyProjects\QuickStart1\QuickStart.WebApiLayer\QuickStart.WebApiLayer.csproj]
C:\Program Files\dotnet\sdk\10.0.201\Microsoft.Common.CurrentVersion.targets(5395,5): warning MSB3026: "C:\Users\lunap\OneDrive\Masa├╝st├╝\MyProjects\QuickStart1\QuickStartProject.WebUILayer\obj\Debug\net9.0\apphost.exe", "bin\Debug\net9.0\QuickStartProject.WebUILayer.exe" ├╝zerine kopyalanamad─▒. 9 numaral─▒ yeniden denemeye 1000 ms i├ğinde ba┼şlanacak. The process cannot access the file 'C:\Users\lunap\OneDrive\Masa├╝st├╝\MyProjects\QuickStart1\QuickStartProject.WebUILayer\bin\Debug\net9.0\QuickStartProject.WebUILayer.exe' because it is being used by another process. Dosya ┼şunun taraf─▒ndan kilitlendi: "QuickStartProject.WebUILayer (28880)" [C:\Users\lunap\OneDrive\Masa├╝st├╝\MyProjects\QuickStart1\QuickStartProject.WebUILayer\QuickStartProject.WebUILayer.csproj]
C:\Program Files\dotnet\sdk\10.0.201\Microsoft.Common.CurrentVersion.targets(5395,5): error MSB3027: "C:\Users\lunap\OneDrive\Masa├╝st├╝\MyProjects\QuickStart1\QuickStart.WebApiLayer\obj\Debug\net9.0\apphost.exe", "bin\Debug\net9.0\QuickStart.WebApiLayer.exe" ├╝zerine kopyalanamad─▒. 10 yeniden deneme say─▒s─▒ a┼ş─▒ld─▒. Ba┼şar─▒s─▒z oldu. Dosya ┼şunun taraf─▒ndan kilitlendi: "QuickStart.WebApiLayer (33384)" [C:\Users\lunap\OneDrive\Masa├╝st├╝\MyProjects\QuickStart1\QuickStart.WebApiLayer\QuickStart.WebApiLayer.csproj]
C:\Program Files\dotnet\sdk\10.0.201\Microsoft.Common.CurrentVersion.targets(5395,5): error MSB3021: "C:\Users\lunap\OneDrive\Masa├╝st├╝\MyProjects\QuickStart1\QuickStart.WebApiLayer\obj\Debug\net9.0\apphost.exe" dosyas─▒ "bin\Debug\net9.0\QuickStart.WebApiLayer.exe" ├╝zerine kopyalanam─▒yor. The process cannot access the file 'C:\Users\lunap\OneDrive\Masa├╝st├╝\MyProjects\QuickStart1\QuickStart.WebApiLayer\bin\Debug\net9.0\QuickStart.WebApiLayer.exe' because it is being used by another process. [C:\Users\lunap\OneDrive\Masa├╝st├╝\MyProjects\QuickStart1\QuickStart.WebApiLayer\QuickStart.WebApiLayer.csproj]
C:\Program Files\dotnet\sdk\10.0.201\Microsoft.Common.CurrentVersion.targets(5395,5): warning MSB3026: "C:\Users\lunap\OneDrive\Masa├╝st├╝\MyProjects\QuickStart1\QuickStartProject.WebUILayer\obj\Debug\net9.0\apphost.exe", "bin\Debug\net9.0\QuickStartProject.WebUILayer.exe" ├╝zerine kopyalanamad─▒. 10 numaral─▒ yeniden denemeye 1000 ms i├ğinde ba┼şlanacak. The process cannot access the file 'C:\Users\lunap\OneDrive\Masa├╝st├╝\MyProjects\QuickStart1\QuickStartProject.WebUILayer\bin\Debug\net9.0\QuickStartProject.WebUILayer.exe' because it is being used by another process. Dosya ┼şunun taraf─▒ndan kilitlendi: "QuickStartProject.WebUILayer (28880)" [C:\Users\lunap\OneDrive\Masa├╝st├╝\MyProjects\QuickStart1\QuickStartProject.WebUILayer\QuickStartProject.WebUILayer.csproj]
C:\Program Files\dotnet\sdk\10.0.201\Microsoft.Common.CurrentVersion.targets(5395,5): error MSB3027: "C:\Users\lunap\OneDrive\Masa├╝st├╝\MyProjects\QuickStart1\QuickStartProject.WebUILayer\obj\Debug\net9.0\apphost.exe", "bin\Debug\net9.0\QuickStartProject.WebUILayer.exe" ├╝zerine kopyalanamad─▒. 10 yeniden deneme say─▒s─▒ a┼ş─▒ld─▒. Ba┼şar─▒s─▒z oldu. Dosya ┼şunun taraf─▒ndan kilitlendi: "QuickStartProject.WebUILayer (28880)" [C:\Users\lunap\OneDrive\Masa├╝st├╝\MyProjects\QuickStart1\QuickStartProject.WebUILayer\QuickStartProject.WebUILayer.csproj]
C:\Program Files\dotnet\sdk\10.0.201\Microsoft.Common.CurrentVersion.targets(5395,5): error MSB3021: "C:\Users\lunap\OneDrive\Masa├╝st├╝\MyProjects\QuickStart1\QuickStartProject.WebUILayer\obj\Debug\net9.0\apphost.exe" dosyas─▒ "bin\Debug\net9.0\QuickStartProject.WebUILayer.exe" ├╝zerine kopyalanam─▒yor. The process cannot access the file 'C:\Users\lunap\OneDrive\Masa├╝st├╝\MyProjects\QuickStart1\QuickStartProject.WebUILayer\bin\Debug\net9.0\QuickStartProject.WebUILayer.exe' because it is being used by another process. [C:\Users\lunap\OneDrive\Masa├╝st├╝\MyProjects\QuickStart1\QuickStartProject.WebUILayer\QuickStartProject.WebUILayer.csproj]

Olu┼şturma BA┼ŞARISIZ OLDU.

C:\Users\lunap\OneDrive\Masa├╝st├╝\MyProjects\QuickStart1\QuickStartProject.WebUILayer\QuickStartProject.WebUILayer.csproj : warning NU1603: QuickStartProject.WebUILayer, Microsoft.VisualStudio.Web.CodeGeneration.Design (>= 9.0.2) ├Â─şesine ba─şl─▒ ancak Microsoft.VisualStudio.Web.CodeGeneration.Design 9.0.2 bulunamad─▒. Bunun yerine Microsoft.VisualStudio.Web.CodeGeneration.Design 9.0.11 ├ğ├Âz├╝mlendi. [C:\Users\lunap\OneDrive\Masa├╝st├╝\MyProjects\QuickStart1\QuickStart1.sln]
C:\Users\lunap\OneDrive\Masa├╝st├╝\MyProjects\QuickStart1\QuickStartProject.WebUILayer\QuickStartProject.WebUILayer.csproj : warning NU1603: QuickStartProject.WebUILayer, Microsoft.VisualStudio.Web.CodeGeneration.Design (>= 9.0.2) ├Â─şesine ba─şl─▒ ancak Microsoft.VisualStudio.Web.CodeGeneration.Design 9.0.2 bulunamad─▒. Bunun yerine Microsoft.VisualStudio.Web.CodeGeneration.Design 9.0.11 ├ğ├Âz├╝mlendi.
C:\Users\lunap\OneDrive\Masa├╝st├╝\MyProjects\QuickStart1\QuickStart.WebApiLayer\DTOs\AboutDTOs\CreateAboutDto.cs(5,23): warning CS8618: Null atanamaz ├Âzellik 'Title', olu┼şturucudan ├ğ─▒k─▒┼ş yaparken null olmayan bir de─şer i├ğermelidir. 'Gerekli' de─şi┼ştiricisini ekleyin veya ├Âzellik de─şerini null atanabilir olarak bildirmeyi g├Âz ├Ân├╝nde bulundurun. [C:\Users\lunap\OneDrive\Masa├╝st├╝\MyProjects\QuickStart1\QuickStart.WebApiLayer\QuickStart.WebApiLayer.csproj]
C:\Users\lunap\OneDrive\Masa├╝st├╝\MyProjects\QuickStart1\QuickStart.WebApiLayer\DTOs\AboutDTOs\CreateAboutDto.cs(6,23): warning CS8618: Null atanamaz ├Âzellik 'Description', olu┼şturucudan ├ğ─▒k─▒┼ş yaparken null olmayan bir de─şer i├ğermelidir. 'Gerekli' de─şi┼ştiricisini ekleyin veya ├Âzellik de─şerini null atanabilir olarak bildirmeyi g├Âz ├Ân├╝nde bulundurun. [C:\Users\lunap\OneDrive\Masa├╝st├╝\MyProjects\QuickStart1\QuickStart.WebApiLayer\QuickStart.WebApiLayer.csproj]
C:\Users\lunap\OneDrive\Masa├╝st├╝\MyProjects\QuickStart1\QuickStart.WebApiLayer\DTOs\AboutDTOs\CreateAboutDto.cs(7,29): warning CS8618: Null atanamaz ├Âzellik 'Images', olu┼şturucudan ├ğ─▒k─▒┼ş yaparken null olmayan bir de─şer i├ğermelidir. 'Gerekli' de─şi┼ştiricisini ekleyin veya ├Âzellik de─şerini null atanabilir olarak bildirmeyi g├Âz ├Ân├╝nde bulundurun. [C:\Users\lunap\OneDrive\Masa├╝st├╝\MyProjects\QuickStart1\QuickStart.WebApiLayer\QuickStart.WebApiLayer.csproj]
C:\Users\lunap\OneDrive\Masa├╝st├╝\MyProjects\QuickStart1\QuickStart.WebApiLayer\DTOs\AboutDTOs\UpdateAboutDto.cs(6,23): warning CS8618: Null atanamaz ├Âzellik 'Title', olu┼şturucudan ├ğ─▒k─▒┼ş yaparken null olmayan bir de─şer i├ğermelidir. 'Gerekli' de─şi┼ştiricisini ekleyin veya ├Âzellik de─şerini null atanabilir olarak bildirmeyi g├Âz ├Ân├╝nde bulundurun. [C:\Users\lunap\OneDrive\Masa├╝st├╝\MyProjects\QuickStart1\QuickStart.WebApiLayer\QuickStart.WebApiLayer.csproj]
C:\Users\lunap\OneDrive\Masa├╝st├╝\MyProjects\QuickStart1\QuickStart.WebApiLayer\DTOs\AboutDTOs\UpdateAboutDto.cs(7,23): warning CS8618: Null atanamaz ├Âzellik 'Description', olu┼şturucudan ├ğ─▒k─▒┼ş yaparken null olmayan bir de─şer i├ğermelidir. 'Gerekli' de─şi┼ştiricisini ekleyin veya ├Âzellik de─şerini null atanabilir olarak bildirmeyi g├Âz ├Ân├╝nde bulundurun. [C:\Users\lunap\OneDrive\Masa├╝st├╝\MyProjects\QuickStart1\QuickStart.WebApiLayer\QuickStart.WebApiLayer.csproj]
C:\Users\lunap\OneDrive\Masa├╝st├╝\MyProjects\QuickStart1\QuickStart.WebApiLayer\DTOs\AboutDTOs\UpdateAboutDto.cs(8,29): warning CS8618: Null atanamaz ├Âzellik 'Images', olu┼şturucudan ├ğ─▒k─▒┼ş yaparken null olmayan bir de─şer i├ğermelidir. 'Gerekli' de─şi┼ştiricisini ekleyin veya ├Âzellik de─şerini null atanabilir olarak bildirmeyi g├Âz ├Ân├╝nde bulundurun. [C:\Users\lunap\OneDrive\Masa├╝st├╝\MyProjects\QuickStart1\QuickStart.WebApiLayer\QuickStart.WebApiLayer.csproj]
C:\Users\lunap\OneDrive\Masa├╝st├╝\MyProjects\QuickStart1\QuickStart.WebApiLayer\DTOs\TestimonialDTOs\UpdateTestimonialDto.cs(6,23): warning CS8618: Null atanamaz ├Âzellik 'Name', olu┼şturucudan ├ğ─▒k─▒┼ş yaparken null olmayan bir de─şer i├ğermelidir. 'Gerekli' de─şi┼ştiricisini ekleyin veya ├Âzellik de─şerini null atanabilir olarak bildirmeyi g├Âz ├Ân├╝nde bulundurun. [C:\Users\lunap\OneDrive\Masa├╝st├╝\MyProjects\QuickStart1\QuickStart.WebApiLayer\QuickStart.WebApiLayer.csproj]
C:\Users\lunap\OneDrive\Masa├╝st├╝\MyProjects\QuickStart1\QuickStart.WebApiLayer\DTOs\TestimonialDTOs\UpdateTestimonialDto.cs(7,23): warning CS8618: Null atanamaz ├Âzellik 'Role', olu┼şturucudan ├ğ─▒k─▒┼ş yaparken null olmayan bir de─şer i├ğermelidir. 'Gerekli' de─şi┼ştiricisini ekleyin veya ├Âzellik de─şerini null atanabilir olarak bildirmeyi g├Âz ├Ân├╝nde bulundurun. [C:\Users\lunap\OneDrive\Masa├╝st├╝\MyProjects\QuickStart1\QuickStart.WebApiLayer\QuickStart.WebApiLayer.csproj]
C:\Users\lunap\OneDrive\Masa├╝st├╝\MyProjects\QuickStart1\QuickStart.WebApiLayer\DTOs\TestimonialDTOs\UpdateTestimonialDto.cs(8,23): warning CS8618: Null atanamaz ├Âzellik 'ImageUrl', olu┼şturucudan ├ğ─▒k─▒┼ş yaparken null olmayan bir de─şer i├ğermelidir. 'Gerekli' de─şi┼ştiricisini ekleyin veya ├Âzellik de─şerini null atanabilir olarak bildirmeyi g├Âz ├Ân├╝nde bulundurun. [C:\Users\lunap\OneDrive\Masa├╝st├╝\MyProjects\QuickStart1\QuickStart.WebApiLayer\QuickStart.WebApiLayer.csproj]
C:\Users\lunap\OneDrive\Masa├╝st├╝\MyProjects\QuickStart1\QuickStart.WebApiLayer\DTOs\TestimonialDTOs\UpdateTestimonialDto.cs(9,23): warning CS8618: Null atanamaz ├Âzellik 'Content', olu┼şturucudan ├ğ─▒k─▒┼ş yaparken null olmayan bir de─şer i├ğermelidir. 'Gerekli' de─şi┼ştiricisini ekleyin veya ├Âzellik de─şerini null atanabilir olarak bildirmeyi g├Âz ├Ân├╝nde bulundurun. [C:\Users\lunap\OneDrive\Masa├╝st├╝\MyProjects\QuickStart1\QuickStart.WebApiLayer\QuickStart.WebApiLayer.csproj]
C:\Users\lunap\OneDrive\Masa├╝st├╝\MyProjects\QuickStart1\QuickStart.WebApiLayer\Entities\Testimonial.cs(6,23): warning CS8618: Null atanamaz ├Âzellik 'Name', olu┼şturucudan ├ğ─▒k─▒┼ş yaparken null olmayan bir de─şer i├ğermelidir. 'Gerekli' de─şi┼ştiricisini ekleyin veya ├Âzellik de─şerini null atanabilir olarak bildirmeyi g├Âz ├Ân├╝nde bulundurun. [C:\Users\lunap\OneDrive\Masa├╝st├╝\MyProjects\QuickStart1\QuickStart.WebApiLayer\QuickStart.WebApiLayer.csproj]
C:\Users\lunap\OneDrive\Masa├╝st├╝\MyProjects\QuickStart1\QuickStart.WebApiLayer\Entities\Testimonial.cs(7,23): warning CS8618: Null atanamaz ├Âzellik 'Role', olu┼şturucudan ├ğ─▒k─▒┼ş yaparken null olmayan bir de─şer i├ğermelidir. 'Gerekli' de─şi┼ştiricisini ekleyin veya ├Âzellik de─şerini null atanabilir olarak bildirmeyi g├Âz ├Ân├╝nde bulundurun. [C:\Users\lunap\OneDrive\Masa├╝st├╝\MyProjects\QuickStart1\QuickStart.WebApiLayer\QuickStart.WebApiLayer.csproj]
C:\Users\lunap\OneDrive\Masa├╝st├╝\MyProjects\QuickStart1\QuickStart.WebApiLayer\Entities\Testimonial.cs(8,23): warning CS8618: Null atanamaz ├Âzellik 'ImageUrl', olu┼şturucudan ├ğ─▒k─▒┼ş yaparken null olmayan bir de─şer i├ğermelidir. 'Gerekli' de─şi┼ştiricisini ekleyin veya ├Âzellik de─şerini null atanabilir olarak bildirmeyi g├Âz ├Ân├╝nde bulundurun. [C:\Users\lunap\OneDrive\Masa├╝st├╝\MyProjects\QuickStart1\QuickStart.WebApiLayer\QuickStart.WebApiLayer.csproj]
C:\Users\lunap\OneDrive\Masa├╝st├╝\MyProjects\QuickStart1\QuickStart.WebApiLayer\Entities\Testimonial.cs(9,23): warning CS8618: Null atanamaz ├Âzellik 'Content', olu┼şturucudan ├ğ─▒k─▒┼ş yaparken null olmayan bir de─şer i├ğermelidir. 'Gerekli' de─şi┼ştiricisini ekleyin veya ├Âzellik de─şerini null atanabilir olarak bildirmeyi g├Âz ├Ân├╝nde bulundurun. [C:\Users\lunap\OneDrive\Masa├╝st├╝\MyProjects\QuickStart1\QuickStart.WebApiLayer\QuickStart.WebApiLayer.csproj]
C:\Users\lunap\OneDrive\Masa├╝st├╝\MyProjects\QuickStart1\QuickStart.WebApiLayer\DTOs\TestimonialDTOs\ResultTestimonialDto.cs(6,23): warning CS8618: Null atanamaz ├Âzellik 'Name', olu┼şturucudan ├ğ─▒k─▒┼ş yaparken null olmayan bir de─şer i├ğermelidir. 'Gerekli' de─şi┼ştiricisini ekleyin veya ├Âzellik de─şerini null atanabilir olarak bildirmeyi g├Âz ├Ân├╝nde bulundurun. [C:\Users\lunap\OneDrive\Masa├╝st├╝\MyProjects\QuickStart1\QuickStart.WebApiLayer\QuickStart.WebApiLayer.csproj]
C:\Users\lunap\OneDrive\Masa├╝st├╝\MyProjects\QuickStart1\QuickStart.WebApiLayer\DTOs\TestimonialDTOs\ResultTestimonialDto.cs(7,23): warning CS8618: Null atanamaz ├Âzellik 'Role', olu┼şturucudan ├ğ─▒k─▒┼ş yaparken null olmayan bir de─şer i├ğermelidir. 'Gerekli' de─şi┼ştiricisini ekleyin veya ├Âzellik de─şerini null atanabilir olarak bildirmeyi g├Âz ├Ân├╝nde bulundurun. [C:\Users\lunap\OneDrive\Masa├╝st├╝\MyProjects\QuickStart1\QuickStart.WebApiLayer\QuickStart.WebApiLayer.csproj]
C:\Users\lunap\OneDrive\Masa├╝st├╝\MyProjects\QuickStart1\QuickStart.WebApiLayer\DTOs\TestimonialDTOs\ResultTestimonialDto.cs(8,23): warning CS8618: Null atanamaz ├Âzellik 'ImageUrl', olu┼şturucudan ├ğ─▒k─▒┼ş yaparken null olmayan bir de─şer i├ğermelidir. 'Gerekli' de─şi┼ştiricisini ekleyin veya ├Âzellik de─şerini null atanabilir olarak bildirmeyi g├Âz ├Ân├╝nde bulundurun. [C:\Users\lunap\OneDrive\Masa├╝st├╝\MyProjects\QuickStart1\QuickStart.WebApiLayer\QuickStart.WebApiLayer.csproj]
C:\Users\lunap\OneDrive\Masa├╝st├╝\MyProjects\QuickStart1\QuickStart.WebApiLayer\DTOs\TestimonialDTOs\ResultTestimonialDto.cs(9,23): warning CS8618: Null atanamaz ├Âzellik 'Content', olu┼şturucudan ├ğ─▒k─▒┼ş yaparken null olmayan bir de─şer i├ğermelidir. 'Gerekli' de─şi┼ştiricisini ekleyin veya ├Âzellik de─şerini null atanabilir olarak bildirmeyi g├Âz ├Ân├╝nde bulundurun. [C:\Users\lunap\OneDrive\Masa├╝st├╝\MyProjects\QuickStart1\QuickStart.WebApiLayer\QuickStart.WebApiLayer.csproj]
C:\Users\lunap\OneDrive\Masa├╝st├╝\MyProjects\QuickStart1\QuickStart.WebApiLayer\Entities\Service.cs(6,23): warning CS8618: Null atanamaz ├Âzellik 'Icon', olu┼şturucudan ├ğ─▒k─▒┼ş yaparken null olmayan bir de─şer i├ğermelidir. 'Gerekli' de─şi┼ştiricisini ekleyin veya ├Âzellik de─şerini null atanabilir olarak bildirmeyi g├Âz ├Ân├╝nde bulundurun. [C:\Users\lunap\OneDrive\Masa├╝st├╝\MyProjects\QuickStart1\QuickStart.WebApiLayer\QuickStart.WebApiLayer.csproj]
C:\Users\lunap\OneDrive\Masa├╝st├╝\MyProjects\QuickStart1\QuickStart.WebApiLayer\Entities\Service.cs(7,23): warning CS8618: Null atanamaz ├Âzellik 'Title', olu┼şturucudan ├ğ─▒k─▒┼ş yaparken null olmayan bir de─şer i├ğermelidir. 'Gerekli' de─şi┼ştiricisini ekleyin veya ├Âzellik de─şerini null atanabilir olarak bildirmeyi g├Âz ├Ân├╝nde bulundurun. [C:\Users\lunap\OneDrive\Masa├╝st├╝\MyProjects\QuickStart1\QuickStart.WebApiLayer\QuickStart.WebApiLayer.csproj]
C:\Users\lunap\OneDrive\Masa├╝st├╝\MyProjects\QuickStart1\QuickStart.WebApiLayer\Entities\Service.cs(8,23): warning CS8618: Null atanamaz ├Âzellik 'Description', olu┼şturucudan ├ğ─▒k─▒┼ş yaparken null olmayan bir de─şer i├ğermelidir. 'Gerekli' de─şi┼ştiricisini ekleyin veya ├Âzellik de─şerini null atanabilir olarak bildirmeyi g├Âz ├Ân├╝nde bulundurun. [C:\Users\lunap\OneDrive\Masa├╝st├╝\MyProjects\QuickStart1\QuickStart.WebApiLayer\QuickStart.WebApiLayer.csproj]
C:\Users\lunap\OneDrive\Masa├╝st├╝\MyProjects\QuickStart1\QuickStart.WebApiLayer\DTOs\AboutDTOs\ResultAboutDto.cs(6,23): warning CS8618: Null atanamaz ├Âzellik 'Title', olu┼şturucudan ├ğ─▒k─▒┼ş yaparken null olmayan bir de─şer i├ğermelidir. 'Gerekli' de─şi┼ştiricisini ekleyin veya ├Âzellik de─şerini null atanabilir olarak bildirmeyi g├Âz ├Ân├╝nde bulundurun. [C:\Users\lunap\OneDrive\Masa├╝st├╝\MyProjects\QuickStart1\QuickStart.WebApiLayer\QuickStart.WebApiLayer.csproj]
C:\Users\lunap\OneDrive\Masa├╝st├╝\MyProjects\QuickStart1\QuickStart.WebApiLayer\DTOs\AboutDTOs\ResultAboutDto.cs(7,23): warning CS8618: Null atanamaz ├Âzellik 'Description', olu┼şturucudan ├ğ─▒k─▒┼ş yaparken null olmayan bir de─şer i├ğermelidir. 'Gerekli' de─şi┼ştiricisini ekleyin veya ├Âzellik de─şerini null atanabilir olarak bildirmeyi g├Âz ├Ân├╝nde bulundurun. [C:\Users\lunap\OneDrive\Masa├╝st├╝\MyProjects\QuickStart1\QuickStart.WebApiLayer\QuickStart.WebApiLayer.csproj]
C:\Users\lunap\OneDrive\Masa├╝st├╝\MyProjects\QuickStart1\QuickStart.WebApiLayer\DTOs\AboutDTOs\ResultAboutDto.cs(8,29): warning CS8618: Null atanamaz ├Âzellik 'Images', olu┼şturucudan ├ğ─▒k─▒┼ş yaparken null olmayan bir de─şer i├ğermelidir. 'Gerekli' de─şi┼ştiricisini ekleyin veya ├Âzellik de─şerini null atanabilir olarak bildirmeyi g├Âz ├Ân├╝nde bulundurun. [C:\Users\lunap\OneDrive\Masa├╝st├╝\MyProjects\QuickStart1\QuickStart.WebApiLayer\QuickStart.WebApiLayer.csproj]
C:\Users\lunap\OneDrive\Masa├╝st├╝\MyProjects\QuickStart1\QuickStart.WebApiLayer\DTOs\TestimonialDTOs\CreateTestimonialDto.cs(5,23): warning CS8618: Null atanamaz ├Âzellik 'Name', olu┼şturucudan ├ğ─▒k─▒┼ş yaparken null olmayan bir de─şer i├ğermelidir. 'Gerekli' de─şi┼ştiricisini ekleyin veya ├Âzellik de─şerini null atanabilir olarak bildirmeyi g├Âz ├Ân├╝nde bulundurun. [C:\Users\lunap\OneDrive\Masa├╝st├╝\MyProjects\QuickStart1\QuickStart.WebApiLayer\QuickStart.WebApiLayer.csproj]
C:\Users\lunap\OneDrive\Masa├╝st├╝\MyProjects\QuickStart1\QuickStart.WebApiLayer\DTOs\TestimonialDTOs\CreateTestimonialDto.cs(6,23): warning CS8618: Null atanamaz ├Âzellik 'Role', olu┼şturucudan ├ğ─▒k─▒┼ş yaparken null olmayan bir de─şer i├ğermelidir. 'Gerekli' de─şi┼ştiricisini ekleyin veya ├Âzellik de─şerini null atanabilir olarak bildirmeyi g├Âz ├Ân├╝nde bulundurun. [C:\Users\lunap\OneDrive\Masa├╝st├╝\MyProjects\QuickStart1\QuickStart.WebApiLayer\QuickStart.WebApiLayer.csproj]
C:\Users\lunap\OneDrive\Masa├╝st├╝\MyProjects\QuickStart1\QuickStart.WebApiLayer\DTOs\TestimonialDTOs\CreateTestimonialDto.cs(7,23): warning CS8618: Null atanamaz ├Âzellik 'ImageUrl', olu┼şturucudan ├ğ─▒k─▒┼ş yaparken null olmayan bir de─şer i├ğermelidir. 'Gerekli' de─şi┼ştiricisini ekleyin veya ├Âzellik de─şerini null atanabilir olarak bildirmeyi g├Âz ├Ân├╝nde bulundurun. [C:\Users\lunap\OneDrive\Masa├╝st├╝\MyProjects\QuickStart1\QuickStart.WebApiLayer\QuickStart.WebApiLayer.csproj]
C:\Users\lunap\OneDrive\Masa├╝st├╝\MyProjects\QuickStart1\QuickStart.WebApiLayer\DTOs\TestimonialDTOs\CreateTestimonialDto.cs(8,23): warning CS8618: Null atanamaz ├Âzellik 'Content', olu┼şturucudan ├ğ─▒k─▒┼ş yaparken null olmayan bir de─şer i├ğermelidir. 'Gerekli' de─şi┼ştiricisini ekleyin veya ├Âzellik de─şerini null atanabilir olarak bildirmeyi g├Âz ├Ân├╝nde bulundurun. [C:\Users\lunap\OneDrive\Masa├╝st├╝\MyProjects\QuickStart1\QuickStart.WebApiLayer\QuickStart.WebApiLayer.csproj]
C:\Users\lunap\OneDrive\Masa├╝st├╝\MyProjects\QuickStart1\QuickStart.WebApiLayer\DTOs\FaqDTOs\UpdateFaqDto.cs(6,23): warning CS8618: Null atanamaz ├Âzellik 'Question', olu┼şturucudan ├ğ─▒k─▒┼ş yaparken null olmayan bir de─şer i├ğermelidir. 'Gerekli' de─şi┼ştiricisini ekleyin veya ├Âzellik de─şerini null atanabilir olarak bildirmeyi g├Âz ├Ân├╝nde bulundurun. [C:\Users\lunap\OneDrive\Masa├╝st├╝\MyProjects\QuickStart1\QuickStart.WebApiLayer\QuickStart.WebApiLayer.csproj]
C:\Users\lunap\OneDrive\Masa├╝st├╝\MyProjects\QuickStart1\QuickStart.WebApiLayer\DTOs\FaqDTOs\UpdateFaqDto.cs(7,23): warning CS8618: Null atanamaz ├Âzellik 'Answer', olu┼şturucudan ├ğ─▒k─▒┼ş yaparken null olmayan bir de─şer i├ğermelidir. 'Gerekli' de─şi┼ştiricisini ekleyin veya ├Âzellik de─şerini null atanabilir olarak bildirmeyi g├Âz ├Ân├╝nde bulundurun. [C:\Users\lunap\OneDrive\Masa├╝st├╝\MyProjects\QuickStart1\QuickStart.WebApiLayer\QuickStart.WebApiLayer.csproj]
C:\Users\lunap\OneDrive\Masa├╝st├╝\MyProjects\QuickStart1\QuickStart.WebApiLayer\Entities\Pricing.cs(6,23): warning CS8618: Null atanamaz ├Âzellik 'Name', olu┼şturucudan ├ğ─▒k─▒┼ş yaparken null olmayan bir de─şer i├ğermelidir. 'Gerekli' de─şi┼ştiricisini ekleyin veya ├Âzellik de─şerini null atanabilir olarak bildirmeyi g├Âz ├Ân├╝nde bulundurun. [C:\Users\lunap\OneDrive\Masa├╝st├╝\MyProjects\QuickStart1\QuickStart.WebApiLayer\QuickStart.WebApiLayer.csproj]
C:\Users\lunap\OneDrive\Masa├╝st├╝\MyProjects\QuickStart1\QuickStart.WebApiLayer\Entities\Pricing.cs(7,23): warning CS8618: Null atanamaz ├Âzellik 'Description', olu┼şturucudan ├ğ─▒k─▒┼ş yaparken null olmayan bir de─şer i├ğermelidir. 'Gerekli' de─şi┼ştiricisini ekleyin veya ├Âzellik de─şerini null atanabilir olarak bildirmeyi g├Âz ├Ân├╝nde bulundurun. [C:\Users\lunap\OneDrive\Masa├╝st├╝\MyProjects\QuickStart1\QuickStart.WebApiLayer\QuickStart.WebApiLayer.csproj]
C:\Users\lunap\OneDrive\Masa├╝st├╝\MyProjects\QuickStart1\QuickStart.WebApiLayer\Entities\Pricing.cs(8,23): warning CS8618: Null atanamaz ├Âzellik 'Price', olu┼şturucudan ├ğ─▒k─▒┼ş yaparken null olmayan bir de─şer i├ğermelidir. 'Gerekli' de─şi┼ştiricisini ekleyin veya ├Âzellik de─şerini null atanabilir olarak bildirmeyi g├Âz ├Ân├╝nde bulundurun. [C:\Users\lunap\OneDrive\Masa├╝st├╝\MyProjects\QuickStart1\QuickStart.WebApiLayer\QuickStart.WebApiLayer.csproj]
C:\Users\lunap\OneDrive\Masa├╝st├╝\MyProjects\QuickStart1\QuickStart.WebApiLayer\Entities\Pricing.cs(9,23): warning CS8618: Null atanamaz ├Âzellik 'Period', olu┼şturucudan ├ğ─▒k─▒┼ş yaparken null olmayan bir de─şer i├ğermelidir. 'Gerekli' de─şi┼ştiricisini ekleyin veya ├Âzellik de─şerini null atanabilir olarak bildirmeyi g├Âz ├Ân├╝nde bulundurun. [C:\Users\lunap\OneDrive\Masa├╝st├╝\MyProjects\QuickStart1\QuickStart.WebApiLayer\QuickStart.WebApiLayer.csproj]
C:\Users\lunap\OneDrive\Masa├╝st├╝\MyProjects\QuickStart1\QuickStart.WebApiLayer\Entities\Pricing.cs(11,29): warning CS8618: Null atanamaz ├Âzellik 'Features', olu┼şturucudan ├ğ─▒k─▒┼ş yaparken null olmayan bir de─şer i├ğermelidir. 'Gerekli' de─şi┼ştiricisini ekleyin veya ├Âzellik de─şerini null atanabilir olarak bildirmeyi g├Âz ├Ân├╝nde bulundurun. [C:\Users\lunap\OneDrive\Masa├╝st├╝\MyProjects\QuickStart1\QuickStart.WebApiLayer\QuickStart.WebApiLayer.csproj]
C:\Users\lunap\OneDrive\Masa├╝st├╝\MyProjects\QuickStart1\QuickStart.WebApiLayer\DTOs\ServiceDTOs\UpdateServiceDto.cs(6,23): warning CS8618: Null atanamaz ├Âzellik 'Icon', olu┼şturucudan ├ğ─▒k─▒┼ş yaparken null olmayan bir de─şer i├ğermelidir. 'Gerekli' de─şi┼ştiricisini ekleyin veya ├Âzellik de─şerini null atanabilir olarak bildirmeyi g├Âz ├Ân├╝nde bulundurun. [C:\Users\lunap\OneDrive\Masa├╝st├╝\MyProjects\QuickStart1\QuickStart.WebApiLayer\QuickStart.WebApiLayer.csproj]
C:\Users\lunap\OneDrive\Masa├╝st├╝\MyProjects\QuickStart1\QuickStart.WebApiLayer\DTOs\ServiceDTOs\UpdateServiceDto.cs(7,23): warning CS8618: Null atanamaz ├Âzellik 'Title', olu┼şturucudan ├ğ─▒k─▒┼ş yaparken null olmayan bir de─şer i├ğermelidir. 'Gerekli' de─şi┼ştiricisini ekleyin veya ├Âzellik de─şerini null atanabilir olarak bildirmeyi g├Âz ├Ân├╝nde bulundurun. [C:\Users\lunap\OneDrive\Masa├╝st├╝\MyProjects\QuickStart1\QuickStart.WebApiLayer\QuickStart.WebApiLayer.csproj]
C:\Users\lunap\OneDrive\Masa├╝st├╝\MyProjects\QuickStart1\QuickStart.WebApiLayer\DTOs\ServiceDTOs\UpdateServiceDto.cs(8,23): warning CS8618: Null atanamaz ├Âzellik 'Description', olu┼şturucudan ├ğ─▒k─▒┼ş yaparken null olmayan bir de─şer i├ğermelidir. 'Gerekli' de─şi┼ştiricisini ekleyin veya ├Âzellik de─şerini null atanabilir olarak bildirmeyi g├Âz ├Ân├╝nde bulundurun. [C:\Users\lunap\OneDrive\Masa├╝st├╝\MyProjects\QuickStart1\QuickStart.WebApiLayer\QuickStart.WebApiLayer.csproj]
C:\Users\lunap\OneDrive\Masa├╝st├╝\MyProjects\QuickStart1\QuickStart.WebApiLayer\Entities\Newsletter.cs(6,23): warning CS8618: Null atanamaz ├Âzellik 'Email', olu┼şturucudan ├ğ─▒k─▒┼ş yaparken null olmayan bir de─şer i├ğermelidir. 'Gerekli' de─şi┼ştiricisini ekleyin veya ├Âzellik de─şerini null atanabilir olarak bildirmeyi g├Âz ├Ân├╝nde bulundurun. [C:\Users\lunap\OneDrive\Masa├╝st├╝\MyProjects\QuickStart1\QuickStart.WebApiLayer\QuickStart.WebApiLayer.csproj]
C:\Users\lunap\OneDrive\Masa├╝st├╝\MyProjects\QuickStart1\QuickStart.WebApiLayer\DTOs\ServiceDTOs\ResultServiceDto.cs(6,23): warning CS8618: Null atanamaz ├Âzellik 'Icon', olu┼şturucudan ├ğ─▒k─▒┼ş yaparken null olmayan bir de─şer i├ğermelidir. 'Gerekli' de─şi┼ştiricisini ekleyin veya ├Âzellik de─şerini null atanabilir olarak bildirmeyi g├Âz ├Ân├╝nde bulundurun. [C:\Users\lunap\OneDrive\Masa├╝st├╝\MyProjects\QuickStart1\QuickStart.WebApiLayer\QuickStart.WebApiLayer.csproj]
C:\Users\lunap\OneDrive\Masa├╝st├╝\MyProjects\QuickStart1\QuickStart.WebApiLayer\DTOs\ServiceDTOs\ResultServiceDto.cs(7,23): warning CS8618: Null atanamaz ├Âzellik 'Title', olu┼şturucudan ├ğ─▒k─▒┼ş yaparken null olmayan bir de─şer i├ğermelidir. 'Gerekli' de─şi┼ştiricisini ekleyin veya ├Âzellik de─şerini null atanabilir olarak bildirmeyi g├Âz ├Ân├╝nde bulundurun. [C:\Users\lunap\OneDrive\Masa├╝st├╝\MyProjects\QuickStart1\QuickStart.WebApiLayer\QuickStart.WebApiLayer.csproj]
C:\Users\lunap\OneDrive\Masa├╝st├╝\MyProjects\QuickStart1\QuickStart.WebApiLayer\DTOs\ServiceDTOs\ResultServiceDto.cs(8,23): warning CS8618: Null atanamaz ├Âzellik 'Description', olu┼şturucudan ├ğ─▒k─▒┼ş yaparken null olmayan bir de─şer i├ğermelidir. 'Gerekli' de─şi┼ştiricisini ekleyin veya ├Âzellik de─şerini null atanabilir olarak bildirmeyi g├Âz ├Ân├╝nde bulundurun. [C:\Users\lunap\OneDrive\Masa├╝st├╝\MyProjects\QuickStart1\QuickStart.WebApiLayer\QuickStart.WebApiLayer.csproj]
C:\Users\lunap\OneDrive\Masa├╝st├╝\MyProjects\QuickStart1\QuickStart.WebApiLayer\Entities\Message.cs(6,23): warning CS8618: Null atanamaz ├Âzellik 'Name', olu┼şturucudan ├ğ─▒k─▒┼ş yaparken null olmayan bir de─şer i├ğermelidir. 'Gerekli' de─şi┼ştiricisini ekleyin veya ├Âzellik de─şerini null atanabilir olarak bildirmeyi g├Âz ├Ân├╝nde bulundurun. [C:\Users\lunap\OneDrive\Masa├╝st├╝\MyProjects\QuickStart1\QuickStart.WebApiLayer\QuickStart.WebApiLayer.csproj]
C:\Users\lunap\OneDrive\Masa├╝st├╝\MyProjects\QuickStart1\QuickStart.WebApiLayer\Entities\Message.cs(7,23): warning CS8618: Null atanamaz ├Âzellik 'Email', olu┼şturucudan ├ğ─▒k─▒┼ş yaparken null olmayan bir de─şer i├ğermelidir. 'Gerekli' de─şi┼ştiricisini ekleyin veya ├Âzellik de─şerini null atanabilir olarak bildirmeyi g├Âz ├Ân├╝nde bulundurun. [C:\Users\lunap\OneDrive\Masa├╝st├╝\MyProjects\QuickStart1\QuickStart.WebApiLayer\QuickStart.WebApiLayer.csproj]
C:\Users\lunap\OneDrive\Masa├╝st├╝\MyProjects\QuickStart1\QuickStart.WebApiLayer\Entities\Message.cs(8,23): warning CS8618: Null atanamaz ├Âzellik 'Subject', olu┼şturucudan ├ğ─▒k─▒┼ş yaparken null olmayan bir de─şer i├ğermelidir. 'Gerekli' de─şi┼ştiricisini ekleyin veya ├Âzellik de─şerini null atanabilir olarak bildirmeyi g├Âz ├Ân├╝nde bulundurun. [C:\Users\lunap\OneDrive\Masa├╝st├╝\MyProjects\QuickStart1\QuickStart.WebApiLayer\QuickStart.WebApiLayer.csproj]
C:\Users\lunap\OneDrive\Masa├╝st├╝\MyProjects\QuickStart1\QuickStart.WebApiLayer\Entities\Message.cs(9,23): warning CS8618: Null atanamaz ├Âzellik 'Content', olu┼şturucudan ├ğ─▒k─▒┼ş yaparken null olmayan bir de─şer i├ğermelidir. 'Gerekli' de─şi┼ştiricisini ekleyin veya ├Âzellik de─şerini null atanabilir olarak bildirmeyi g├Âz ├Ân├╝nde bulundurun. [C:\Users\lunap\OneDrive\Masa├╝st├╝\MyProjects\QuickStart1\QuickStart.WebApiLayer\QuickStart.WebApiLayer.csproj]
C:\Users\lunap\OneDrive\Masa├╝st├╝\MyProjects\QuickStart1\QuickStart.WebApiLayer\DTOs\ContactDTOs\UpdateContactDto.cs(6,23): warning CS8618: Null atanamaz ├Âzellik 'Title', olu┼şturucudan ├ğ─▒k─▒┼ş yaparken null olmayan bir de─şer i├ğermelidir. 'Gerekli' de─şi┼ştiricisini ekleyin veya ├Âzellik de─şerini null atanabilir olarak bildirmeyi g├Âz ├Ân├╝nde bulundurun. [C:\Users\lunap\OneDrive\Masa├╝st├╝\MyProjects\QuickStart1\QuickStart.WebApiLayer\QuickStart.WebApiLayer.csproj]
C:\Users\lunap\OneDrive\Masa├╝st├╝\MyProjects\QuickStart1\QuickStart.WebApiLayer\DTOs\ContactDTOs\UpdateContactDto.cs(7,23): warning CS8618: Null atanamaz ├Âzellik 'Description', olu┼şturucudan ├ğ─▒k─▒┼ş yaparken null olmayan bir de─şer i├ğermelidir. 'Gerekli' de─şi┼ştiricisini ekleyin veya ├Âzellik de─şerini null atanabilir olarak bildirmeyi g├Âz ├Ân├╝nde bulundurun. [C:\Users\lunap\OneDrive\Masa├╝st├╝\MyProjects\QuickStart1\QuickStart.WebApiLayer\QuickStart.WebApiLayer.csproj]
C:\Users\lunap\OneDrive\Masa├╝st├╝\MyProjects\QuickStart1\QuickStart.WebApiLayer\DTOs\ContactDTOs\UpdateContactDto.cs(8,23): warning CS8618: Null atanamaz ├Âzellik 'Address', olu┼şturucudan ├ğ─▒k─▒┼ş yaparken null olmayan bir de─şer i├ğermelidir. 'Gerekli' de─şi┼ştiricisini ekleyin veya ├Âzellik de─şerini null atanabilir olarak bildirmeyi g├Âz ├Ân├╝nde bulundurun. [C:\Users\lunap\OneDrive\Masa├╝st├╝\MyProjects\QuickStart1\QuickStart.WebApiLayer\QuickStart.WebApiLayer.csproj]
C:\Users\lunap\OneDrive\Masa├╝st├╝\MyProjects\QuickStart1\QuickStart.WebApiLayer\DTOs\ContactDTOs\UpdateContactDto.cs(9,23): warning CS8618: Null atanamaz ├Âzellik 'Phone', olu┼şturucudan ├ğ─▒k─▒┼ş yaparken null olmayan bir de─şer i├ğermelidir. 'Gerekli' de─şi┼ştiricisini ekleyin veya ├Âzellik de─şerini null atanabilir olarak bildirmeyi g├Âz ├Ân├╝nde bulundurun. [C:\Users\lunap\OneDrive\Masa├╝st├╝\MyProjects\QuickStart1\QuickStart.WebApiLayer\QuickStart.WebApiLayer.csproj]
C:\Users\lunap\OneDrive\Masa├╝st├╝\MyProjects\QuickStart1\QuickStart.WebApiLayer\DTOs\ContactDTOs\UpdateContactDto.cs(10,23): warning CS8618: Null atanamaz ├Âzellik 'Email', olu┼şturucudan ├ğ─▒k─▒┼ş yaparken null olmayan bir de─şer i├ğermelidir. 'Gerekli' de─şi┼ştiricisini ekleyin veya ├Âzellik de─şerini null atanabilir olarak bildirmeyi g├Âz ├Ân├╝nde bulundurun. [C:\Users\lunap\OneDrive\Masa├╝st├╝\MyProjects\QuickStart1\QuickStart.WebApiLayer\QuickStart.WebApiLayer.csproj]
C:\Users\lunap\OneDrive\Masa├╝st├╝\MyProjects\QuickStart1\QuickStart.WebApiLayer\Entities\FeaturedService.cs(6,23): warning CS8618: Null atanamaz ├Âzellik 'Icon', olu┼şturucudan ├ğ─▒k─▒┼ş yaparken null olmayan bir de─şer i├ğermelidir. 'Gerekli' de─şi┼ştiricisini ekleyin veya ├Âzellik de─şerini null atanabilir olarak bildirmeyi g├Âz ├Ân├╝nde bulundurun. [C:\Users\lunap\OneDrive\Masa├╝st├╝\MyProjects\QuickStart1\QuickStart.WebApiLayer\QuickStart.WebApiLayer.csproj]
C:\Users\lunap\OneDrive\Masa├╝st├╝\MyProjects\QuickStart1\QuickStart.WebApiLayer\Entities\FeaturedService.cs(7,23): warning CS8618: Null atanamaz ├Âzellik 'Title', olu┼şturucudan ├ğ─▒k─▒┼ş yaparken null olmayan bir de─şer i├ğermelidir. 'Gerekli' de─şi┼ştiricisini ekleyin veya ├Âzellik de─şerini null atanabilir olarak bildirmeyi g├Âz ├Ân├╝nde bulundurun. [C:\Users\lunap\OneDrive\Masa├╝st├╝\MyProjects\QuickStart1\QuickStart.WebApiLayer\QuickStart.WebApiLayer.csproj]
C:\Users\lunap\OneDrive\Masa├╝st├╝\MyProjects\QuickStart1\QuickStart.WebApiLayer\DTOs\ServiceDTOs\CreateServiceDto.cs(5,23): warning CS8618: Null atanamaz ├Âzellik 'Icon', olu┼şturucudan ├ğ─▒k─▒┼ş yaparken null olmayan bir de─şer i├ğermelidir. 'Gerekli' de─şi┼ştiricisini ekleyin veya ├Âzellik de─şerini null atanabilir olarak bildirmeyi g├Âz ├Ân├╝nde bulundurun. [C:\Users\lunap\OneDrive\Masa├╝st├╝\MyProjects\QuickStart1\QuickStart.WebApiLayer\QuickStart.WebApiLayer.csproj]
C:\Users\lunap\OneDrive\Masa├╝st├╝\MyProjects\QuickStart1\QuickStart.WebApiLayer\Entities\FeaturedService.cs(8,23): warning CS8618: Null atanamaz ├Âzellik 'Description', olu┼şturucudan ├ğ─▒k─▒┼ş yaparken null olmayan bir de─şer i├ğermelidir. 'Gerekli' de─şi┼ştiricisini ekleyin veya ├Âzellik de─şerini null atanabilir olarak bildirmeyi g├Âz ├Ân├╝nde bulundurun. [C:\Users\lunap\OneDrive\Masa├╝st├╝\MyProjects\QuickStart1\QuickStart.WebApiLayer\QuickStart.WebApiLayer.csproj]
C:\Users\lunap\OneDrive\Masa├╝st├╝\MyProjects\QuickStart1\QuickStart.WebApiLayer\DTOs\ServiceDTOs\CreateServiceDto.cs(6,23): warning CS8618: Null atanamaz ├Âzellik 'Title', olu┼şturucudan ├ğ─▒k─▒┼ş yaparken null olmayan bir de─şer i├ğermelidir. 'Gerekli' de─şi┼ştiricisini ekleyin veya ├Âzellik de─şerini null atanabilir olarak bildirmeyi g├Âz ├Ân├╝nde bulundurun. [C:\Users\lunap\OneDrive\Masa├╝st├╝\MyProjects\QuickStart1\QuickStart.WebApiLayer\QuickStart.WebApiLayer.csproj]
C:\Users\lunap\OneDrive\Masa├╝st├╝\MyProjects\QuickStart1\QuickStart.WebApiLayer\DTOs\ServiceDTOs\CreateServiceDto.cs(7,23): warning CS8618: Null atanamaz ├Âzellik 'Description', olu┼şturucudan ├ğ─▒k─▒┼ş yaparken null olmayan bir de─şer i├ğermelidir. 'Gerekli' de─şi┼ştiricisini ekleyin veya ├Âzellik de─şerini null atanabilir olarak bildirmeyi g├Âz ├Ân├╝nde bulundurun. [C:\Users\lunap\OneDrive\Masa├╝st├╝\MyProjects\QuickStart1\QuickStart.WebApiLayer\QuickStart.WebApiLayer.csproj]
C:\Users\lunap\OneDrive\Masa├╝st├╝\MyProjects\QuickStart1\QuickStart.WebApiLayer\Entities\Feature.cs(6,23): warning CS8618: Null atanamaz ├Âzellik 'Icon', olu┼şturucudan ├ğ─▒k─▒┼ş yaparken null olmayan bir de─şer i├ğermelidir. 'Gerekli' de─şi┼ştiricisini ekleyin veya ├Âzellik de─şerini null atanabilir olarak bildirmeyi g├Âz ├Ân├╝nde bulundurun. [C:\Users\lunap\OneDrive\Masa├╝st├╝\MyProjects\QuickStart1\QuickStart.WebApiLayer\QuickStart.WebApiLayer.csproj]
C:\Users\lunap\OneDrive\Masa├╝st├╝\MyProjects\QuickStart1\QuickStart.WebApiLayer\Entities\Feature.cs(7,23): warning CS8618: Null atanamaz ├Âzellik 'Title', olu┼şturucudan ├ğ─▒k─▒┼ş yaparken null olmayan bir de─şer i├ğermelidir. 'Gerekli' de─şi┼ştiricisini ekleyin veya ├Âzellik de─şerini null atanabilir olarak bildirmeyi g├Âz ├Ân├╝nde bulundurun. [C:\Users\lunap\OneDrive\Masa├╝st├╝\MyProjects\QuickStart1\QuickStart.WebApiLayer\QuickStart.WebApiLayer.csproj]
C:\Users\lunap\OneDrive\Masa├╝st├╝\MyProjects\QuickStart1\QuickStart.WebApiLayer\Entities\Feature.cs(8,23): warning CS8618: Null atanamaz ├Âzellik 'Description', olu┼şturucudan ├ğ─▒k─▒┼ş yaparken null olmayan bir de─şer i├ğermelidir. 'Gerekli' de─şi┼ştiricisini ekleyin veya ├Âzellik de─şerini null atanabilir olarak bildirmeyi g├Âz ├Ân├╝nde bulundurun. [C:\Users\lunap\OneDrive\Masa├╝st├╝\MyProjects\QuickStart1\QuickStart.WebApiLayer\QuickStart.WebApiLayer.csproj]
C:\Users\lunap\OneDrive\Masa├╝st├╝\MyProjects\QuickStart1\QuickStart.WebApiLayer\Entities\Feature.cs(9,23): warning CS8618: Null atanamaz ├Âzellik 'ImageUrl', olu┼şturucudan ├ğ─▒k─▒┼ş yaparken null olmayan bir de─şer i├ğermelidir. 'Gerekli' de─şi┼ştiricisini ekleyin veya ├Âzellik de─şerini null atanabilir olarak bildirmeyi g├Âz ├Ân├╝nde bulundurun. [C:\Users\lunap\OneDrive\Masa├╝st├╝\MyProjects\QuickStart1\QuickStart.WebApiLayer\QuickStart.WebApiLayer.csproj]
C:\Users\lunap\OneDrive\Masa├╝st├╝\MyProjects\QuickStart1\QuickStart.WebApiLayer\DTOs\FaqDTOs\ResultFaqDto.cs(6,23): warning CS8618: Null atanamaz ├Âzellik 'Question', olu┼şturucudan ├ğ─▒k─▒┼ş yaparken null olmayan bir de─şer i├ğermelidir. 'Gerekli' de─şi┼ştiricisini ekleyin veya ├Âzellik de─şerini null atanabilir olarak bildirmeyi g├Âz ├Ân├╝nde bulundurun. [C:\Users\lunap\OneDrive\Masa├╝st├╝\MyProjects\QuickStart1\QuickStart.WebApiLayer\QuickStart.WebApiLayer.csproj]
C:\Users\lunap\OneDrive\Masa├╝st├╝\MyProjects\QuickStart1\QuickStart.WebApiLayer\DTOs\FaqDTOs\ResultFaqDto.cs(7,23): warning CS8618: Null atanamaz ├Âzellik 'Answer', olu┼şturucudan ├ğ─▒k─▒┼ş yaparken null olmayan bir de─şer i├ğermelidir. 'Gerekli' de─şi┼ştiricisini ekleyin veya ├Âzellik de─şerini null atanabilir olarak bildirmeyi g├Âz ├Ân├╝nde bulundurun. [C:\Users\lunap\OneDrive\Masa├╝st├╝\MyProjects\QuickStart1\QuickStart.WebApiLayer\QuickStart.WebApiLayer.csproj]
C:\Users\lunap\OneDrive\Masa├╝st├╝\MyProjects\QuickStart1\QuickStart.WebApiLayer\DTOs\PricingDTOs\UpdatePricingDto.cs(6,23): warning CS8618: Null atanamaz ├Âzellik 'Name', olu┼şturucudan ├ğ─▒k─▒┼ş yaparken null olmayan bir de─şer i├ğermelidir. 'Gerekli' de─şi┼ştiricisini ekleyin veya ├Âzellik de─şerini null atanabilir olarak bildirmeyi g├Âz ├Ân├╝nde bulundurun. [C:\Users\lunap\OneDrive\Masa├╝st├╝\MyProjects\QuickStart1\QuickStart.WebApiLayer\QuickStart.WebApiLayer.csproj]
C:\Users\lunap\OneDrive\Masa├╝st├╝\MyProjects\QuickStart1\QuickStart.WebApiLayer\DTOs\PricingDTOs\UpdatePricingDto.cs(7,23): warning CS8618: Null atanamaz ├Âzellik 'Description', olu┼şturucudan ├ğ─▒k─▒┼ş yaparken null olmayan bir de─şer i├ğermelidir. 'Gerekli' de─şi┼ştiricisini ekleyin veya ├Âzellik de─şerini null atanabilir olarak bildirmeyi g├Âz ├Ân├╝nde bulundurun. [C:\Users\lunap\OneDrive\Masa├╝st├╝\MyProjects\QuickStart1\QuickStart.WebApiLayer\QuickStart.WebApiLayer.csproj]
C:\Users\lunap\OneDrive\Masa├╝st├╝\MyProjects\QuickStart1\QuickStart.WebApiLayer\DTOs\PricingDTOs\UpdatePricingDto.cs(8,23): warning CS8618: Null atanamaz ├Âzellik 'Price', olu┼şturucudan ├ğ─▒k─▒┼ş yaparken null olmayan bir de─şer i├ğermelidir. 'Gerekli' de─şi┼ştiricisini ekleyin veya ├Âzellik de─şerini null atanabilir olarak bildirmeyi g├Âz ├Ân├╝nde bulundurun. [C:\Users\lunap\OneDrive\Masa├╝st├╝\MyProjects\QuickStart1\QuickStart.WebApiLayer\QuickStart.WebApiLayer.csproj]
C:\Users\lunap\OneDrive\Masa├╝st├╝\MyProjects\QuickStart1\QuickStart.WebApiLayer\DTOs\PricingDTOs\UpdatePricingDto.cs(9,23): warning CS8618: Null atanamaz ├Âzellik 'Period', olu┼şturucudan ├ğ─▒k─▒┼ş yaparken null olmayan bir de─şer i├ğermelidir. 'Gerekli' de─şi┼ştiricisini ekleyin veya ├Âzellik de─şerini null atanabilir olarak bildirmeyi g├Âz ├Ân├╝nde bulundurun. [C:\Users\lunap\OneDrive\Masa├╝st├╝\MyProjects\QuickStart1\QuickStart.WebApiLayer\QuickStart.WebApiLayer.csproj]
C:\Users\lunap\OneDrive\Masa├╝st├╝\MyProjects\QuickStart1\QuickStart.WebApiLayer\DTOs\PricingDTOs\UpdatePricingDto.cs(11,29): warning CS8618: Null atanamaz ├Âzellik 'Features', olu┼şturucudan ├ğ─▒k─▒┼ş yaparken null olmayan bir de─şer i├ğermelidir. 'Gerekli' de─şi┼ştiricisini ekleyin veya ├Âzellik de─şerini null atanabilir olarak bildirmeyi g├Âz ├Ân├╝nde bulundurun. [C:\Users\lunap\OneDrive\Masa├╝st├╝\MyProjects\QuickStart1\QuickStart.WebApiLayer\QuickStart.WebApiLayer.csproj]
C:\Users\lunap\OneDrive\Masa├╝st├╝\MyProjects\QuickStart1\QuickStart.WebApiLayer\Entities\FAQ.cs(6,23): warning CS8618: Null atanamaz ├Âzellik 'Question', olu┼şturucudan ├ğ─▒k─▒┼ş yaparken null olmayan bir de─şer i├ğermelidir. 'Gerekli' de─şi┼ştiricisini ekleyin veya ├Âzellik de─şerini null atanabilir olarak bildirmeyi g├Âz ├Ân├╝nde bulundurun. [C:\Users\lunap\OneDrive\Masa├╝st├╝\MyProjects\QuickStart1\QuickStart.WebApiLayer\QuickStart.WebApiLayer.csproj]
C:\Users\lunap\OneDrive\Masa├╝st├╝\MyProjects\QuickStart1\QuickStart.WebApiLayer\Entities\FAQ.cs(7,23): warning CS8618: Null atanamaz ├Âzellik 'Answer', olu┼şturucudan ├ğ─▒k─▒┼ş yaparken null olmayan bir de─şer i├ğermelidir. 'Gerekli' de─şi┼ştiricisini ekleyin veya ├Âzellik de─şerini null atanabilir olarak bildirmeyi g├Âz ├Ân├╝nde bulundurun. [C:\Users\lunap\OneDrive\Masa├╝st├╝\MyProjects\QuickStart1\QuickStart.WebApiLayer\QuickStart.WebApiLayer.csproj]
C:\Users\lunap\OneDrive\Masa├╝st├╝\MyProjects\QuickStart1\QuickStart.WebApiLayer\DTOs\PricingDTOs\ResultPricingDto.cs(6,23): warning CS8618: Null atanamaz ├Âzellik 'Name', olu┼şturucudan ├ğ─▒k─▒┼ş yaparken null olmayan bir de─şer i├ğermelidir. 'Gerekli' de─şi┼ştiricisini ekleyin veya ├Âzellik de─şerini null atanabilir olarak bildirmeyi g├Âz ├Ân├╝nde bulundurun. [C:\Users\lunap\OneDrive\Masa├╝st├╝\MyProjects\QuickStart1\QuickStart.WebApiLayer\QuickStart.WebApiLayer.csproj]
C:\Users\lunap\OneDrive\Masa├╝st├╝\MyProjects\QuickStart1\QuickStart.WebApiLayer\DTOs\PricingDTOs\ResultPricingDto.cs(7,23): warning CS8618: Null atanamaz ├Âzellik 'Description', olu┼şturucudan ├ğ─▒k─▒┼ş yaparken null olmayan bir de─şer i├ğermelidir. 'Gerekli' de─şi┼ştiricisini ekleyin veya ├Âzellik de─şerini null atanabilir olarak bildirmeyi g├Âz ├Ân├╝nde bulundurun. [C:\Users\lunap\OneDrive\Masa├╝st├╝\MyProjects\QuickStart1\QuickStart.WebApiLayer\QuickStart.WebApiLayer.csproj]
C:\Users\lunap\OneDrive\Masa├╝st├╝\MyProjects\QuickStart1\QuickStart.WebApiLayer\DTOs\PricingDTOs\ResultPricingDto.cs(8,23): warning CS8618: Null atanamaz ├Âzellik 'Price', olu┼şturucudan ├ğ─▒k─▒┼ş yaparken null olmayan bir de─şer i├ğermelidir. 'Gerekli' de─şi┼ştiricisini ekleyin veya ├Âzellik de─şerini null atanabilir olarak bildirmeyi g├Âz ├Ân├╝nde bulundurun. [C:\Users\lunap\OneDrive\Masa├╝st├╝\MyProjects\QuickStart1\QuickStart.WebApiLayer\QuickStart.WebApiLayer.csproj]
C:\Users\lunap\OneDrive\Masa├╝st├╝\MyProjects\QuickStart1\QuickStart.WebApiLayer\DTOs\PricingDTOs\ResultPricingDto.cs(9,23): warning CS8618: Null atanamaz ├Âzellik 'Period', olu┼şturucudan ├ğ─▒k─▒┼ş yaparken null olmayan bir de─şer i├ğermelidir. 'Gerekli' de─şi┼ştiricisini ekleyin veya ├Âzellik de─şerini null atanabilir olarak bildirmeyi g├Âz ├Ân├╝nde bulundurun. [C:\Users\lunap\OneDrive\Masa├╝st├╝\MyProjects\QuickStart1\QuickStart.WebApiLayer\QuickStart.WebApiLayer.csproj]
C:\Users\lunap\OneDrive\Masa├╝st├╝\MyProjects\QuickStart1\QuickStart.WebApiLayer\DTOs\PricingDTOs\ResultPricingDto.cs(11,29): warning CS8618: Null atanamaz ├Âzellik 'Features', olu┼şturucudan ├ğ─▒k─▒┼ş yaparken null olmayan bir de─şer i├ğermelidir. 'Gerekli' de─şi┼ştiricisini ekleyin veya ├Âzellik de─şerini null atanabilir olarak bildirmeyi g├Âz ├Ân├╝nde bulundurun. [C:\Users\lunap\OneDrive\Masa├╝st├╝\MyProjects\QuickStart1\QuickStart.WebApiLayer\QuickStart.WebApiLayer.csproj]
C:\Users\lunap\OneDrive\Masa├╝st├╝\MyProjects\QuickStart1\QuickStart.WebApiLayer\Entities\Contact.cs(6,23): warning CS8618: Null atanamaz ├Âzellik 'Title', olu┼şturucudan ├ğ─▒k─▒┼ş yaparken null olmayan bir de─şer i├ğermelidir. 'Gerekli' de─şi┼ştiricisini ekleyin veya ├Âzellik de─şerini null atanabilir olarak bildirmeyi g├Âz ├Ân├╝nde bulundurun. [C:\Users\lunap\OneDrive\Masa├╝st├╝\MyProjects\QuickStart1\QuickStart.WebApiLayer\QuickStart.WebApiLayer.csproj]
C:\Users\lunap\OneDrive\Masa├╝st├╝\MyProjects\QuickStart1\QuickStart.WebApiLayer\Entities\Contact.cs(7,23): warning CS8618: Null atanamaz ├Âzellik 'Description', olu┼şturucudan ├ğ─▒k─▒┼ş yaparken null olmayan bir de─şer i├ğermelidir. 'Gerekli' de─şi┼ştiricisini ekleyin veya ├Âzellik de─şerini null atanabilir olarak bildirmeyi g├Âz ├Ân├╝nde bulundurun. [C:\Users\lunap\OneDrive\Masa├╝st├╝\MyProjects\QuickStart1\QuickStart.WebApiLayer\QuickStart.WebApiLayer.csproj]
C:\Users\lunap\OneDrive\Masa├╝st├╝\MyProjects\QuickStart1\QuickStart.WebApiLayer\Entities\Contact.cs(8,23): warning CS8618: Null atanamaz ├Âzellik 'Address', olu┼şturucudan ├ğ─▒k─▒┼ş yaparken null olmayan bir de─şer i├ğermelidir. 'Gerekli' de─şi┼ştiricisini ekleyin veya ├Âzellik de─şerini null atanabilir olarak bildirmeyi g├Âz ├Ân├╝nde bulundurun. [C:\Users\lunap\OneDrive\Masa├╝st├╝\MyProjects\QuickStart1\QuickStart.WebApiLayer\QuickStart.WebApiLayer.csproj]
C:\Users\lunap\OneDrive\Masa├╝st├╝\MyProjects\QuickStart1\QuickStart.WebApiLayer\Entities\Contact.cs(9,23): warning CS8618: Null atanamaz ├Âzellik 'Phone', olu┼şturucudan ├ğ─▒k─▒┼ş yaparken null olmayan bir de─şer i├ğermelidir. 'Gerekli' de─şi┼ştiricisini ekleyin veya ├Âzellik de─şerini null atanabilir olarak bildirmeyi g├Âz ├Ân├╝nde bulundurun. [C:\Users\lunap\OneDrive\Masa├╝st├╝\MyProjects\QuickStart1\QuickStart.WebApiLayer\QuickStart.WebApiLayer.csproj]
C:\Users\lunap\OneDrive\Masa├╝st├╝\MyProjects\QuickStart1\QuickStart.WebApiLayer\Entities\Contact.cs(10,23): warning CS8618: Null atanamaz ├Âzellik 'Email', olu┼şturucudan ├ğ─▒k─▒┼ş yaparken null olmayan bir de─şer i├ğermelidir. 'Gerekli' de─şi┼ştiricisini ekleyin veya ├Âzellik de─şerini null atanabilir olarak bildirmeyi g├Âz ├Ân├╝nde bulundurun. [C:\Users\lunap\OneDrive\Masa├╝st├╝\MyProjects\QuickStart1\QuickStart.WebApiLayer\QuickStart.WebApiLayer.csproj]
C:\Users\lunap\OneDrive\Masa├╝st├╝\MyProjects\QuickStart1\QuickStart.WebApiLayer\DTOs\FaqDTOs\CreateFaqDto.cs(5,23): warning CS8618: Null atanamaz ├Âzellik 'Question', olu┼şturucudan ├ğ─▒k─▒┼ş yaparken null olmayan bir de─şer i├ğermelidir. 'Gerekli' de─şi┼ştiricisini ekleyin veya ├Âzellik de─şerini null atanabilir olarak bildirmeyi g├Âz ├Ân├╝nde bulundurun. [C:\Users\lunap\OneDrive\Masa├╝st├╝\MyProjects\QuickStart1\QuickStart.WebApiLayer\QuickStart.WebApiLayer.csproj]
C:\Users\lunap\OneDrive\Masa├╝st├╝\MyProjects\QuickStart1\QuickStart.WebApiLayer\DTOs\FaqDTOs\CreateFaqDto.cs(6,23): warning CS8618: Null atanamaz ├Âzellik 'Answer', olu┼şturucudan ├ğ─▒k─▒┼ş yaparken null olmayan bir de─şer i├ğermelidir. 'Gerekli' de─şi┼ştiricisini ekleyin veya ├Âzellik de─şerini null atanabilir olarak bildirmeyi g├Âz ├Ân├╝nde bulundurun. [C:\Users\lunap\OneDrive\Masa├╝st├╝\MyProjects\QuickStart1\QuickStart.WebApiLayer\QuickStart.WebApiLayer.csproj]
C:\Users\lunap\OneDrive\Masa├╝st├╝\MyProjects\QuickStart1\QuickStart.WebApiLayer\DTOs\ContactDTOs\ResultContactDto.cs(6,23): warning CS8618: Null atanamaz ├Âzellik 'Title', olu┼şturucudan ├ğ─▒k─▒┼ş yaparken null olmayan bir de─şer i├ğermelidir. 'Gerekli' de─şi┼ştiricisini ekleyin veya ├Âzellik de─şerini null atanabilir olarak bildirmeyi g├Âz ├Ân├╝nde bulundurun. [C:\Users\lunap\OneDrive\Masa├╝st├╝\MyProjects\QuickStart1\QuickStart.WebApiLayer\QuickStart.WebApiLayer.csproj]
C:\Users\lunap\OneDrive\Masa├╝st├╝\MyProjects\QuickStart1\QuickStart.WebApiLayer\DTOs\ContactDTOs\ResultContactDto.cs(7,23): warning CS8618: Null atanamaz ├Âzellik 'Description', olu┼şturucudan ├ğ─▒k─▒┼ş yaparken null olmayan bir de─şer i├ğermelidir. 'Gerekli' de─şi┼ştiricisini ekleyin veya ├Âzellik de─şerini null atanabilir olarak bildirmeyi g├Âz ├Ân├╝nde bulundurun. [C:\Users\lunap\OneDrive\Masa├╝st├╝\MyProjects\QuickStart1\QuickStart.WebApiLayer\QuickStart.WebApiLayer.csproj]
C:\Users\lunap\OneDrive\Masa├╝st├╝\MyProjects\QuickStart1\QuickStart.WebApiLayer\DTOs\ContactDTOs\ResultContactDto.cs(8,23): warning CS8618: Null atanamaz ├Âzellik 'Address', olu┼şturucudan ├ğ─▒k─▒┼ş yaparken null olmayan bir de─şer i├ğermelidir. 'Gerekli' de─şi┼ştiricisini ekleyin veya ├Âzellik de─şerini null atanabilir olarak bildirmeyi g├Âz ├Ân├╝nde bulundurun. [C:\Users\lunap\OneDrive\Masa├╝st├╝\MyProjects\QuickStart1\QuickStart.WebApiLayer\QuickStart.WebApiLayer.csproj]
C:\Users\lunap\OneDrive\Masa├╝st├╝\MyProjects\QuickStart1\QuickStart.WebApiLayer\DTOs\ContactDTOs\ResultContactDto.cs(9,23): warning CS8618: Null atanamaz ├Âzellik 'Phone', olu┼şturucudan ├ğ─▒k─▒┼ş yaparken null olmayan bir de─şer i├ğermelidir. 'Gerekli' de─şi┼ştiricisini ekleyin veya ├Âzellik de─şerini null atanabilir olarak bildirmeyi g├Âz ├Ân├╝nde bulundurun. [C:\Users\lunap\OneDrive\Masa├╝st├╝\MyProjects\QuickStart1\QuickStart.WebApiLayer\QuickStart.WebApiLayer.csproj]
C:\Users\lunap\OneDrive\Masa├╝st├╝\MyProjects\QuickStart1\QuickStart.WebApiLayer\DTOs\ContactDTOs\ResultContactDto.cs(10,23): warning CS8618: Null atanamaz ├Âzellik 'Email', olu┼şturucudan ├ğ─▒k─▒┼ş yaparken null olmayan bir de─şer i├ğermelidir. 'Gerekli' de─şi┼ştiricisini ekleyin veya ├Âzellik de─şerini null atanabilir olarak bildirmeyi g├Âz ├Ân├╝nde bulundurun. [C:\Users\lunap\OneDrive\Masa├╝st├╝\MyProjects\QuickStart1\QuickStart.WebApiLayer\QuickStart.WebApiLayer.csproj]
C:\Users\lunap\OneDrive\Masa├╝st├╝\MyProjects\QuickStart1\QuickStart.WebApiLayer\Entities\About.cs(6,23): warning CS8618: Null atanamaz ├Âzellik 'Title', olu┼şturucudan ├ğ─▒k─▒┼ş yaparken null olmayan bir de─şer i├ğermelidir. 'Gerekli' de─şi┼ştiricisini ekleyin veya ├Âzellik de─şerini null atanabilir olarak bildirmeyi g├Âz ├Ân├╝nde bulundurun. [C:\Users\lunap\OneDrive\Masa├╝st├╝\MyProjects\QuickStart1\QuickStart.WebApiLayer\QuickStart.WebApiLayer.csproj]
C:\Users\lunap\OneDrive\Masa├╝st├╝\MyProjects\QuickStart1\QuickStart.WebApiLayer\Entities\About.cs(7,23): warning CS8618: Null atanamaz ├Âzellik 'Description', olu┼şturucudan ├ğ─▒k─▒┼ş yaparken null olmayan bir de─şer i├ğermelidir. 'Gerekli' de─şi┼ştiricisini ekleyin veya ├Âzellik de─şerini null atanabilir olarak bildirmeyi g├Âz ├Ân├╝nde bulundurun. [C:\Users\lunap\OneDrive\Masa├╝st├╝\MyProjects\QuickStart1\QuickStart.WebApiLayer\QuickStart.WebApiLayer.csproj]
C:\Users\lunap\OneDrive\Masa├╝st├╝\MyProjects\QuickStart1\QuickStart.WebApiLayer\Entities\About.cs(8,29): warning CS8618: Null atanamaz ├Âzellik 'Images', olu┼şturucudan ├ğ─▒k─▒┼ş yaparken null olmayan bir de─şer i├ğermelidir. 'Gerekli' de─şi┼ştiricisini ekleyin veya ├Âzellik de─şerini null atanabilir olarak bildirmeyi g├Âz ├Ân├╝nde bulundurun. [C:\Users\lunap\OneDrive\Masa├╝st├╝\MyProjects\QuickStart1\QuickStart.WebApiLayer\QuickStart.WebApiLayer.csproj]
C:\Users\lunap\OneDrive\Masa├╝st├╝\MyProjects\QuickStart1\QuickStart.WebApiLayer\DTOs\PricingDTOs\CreatePricingDto.cs(5,23): warning CS8618: Null atanamaz ├Âzellik 'Name', olu┼şturucudan ├ğ─▒k─▒┼ş yaparken null olmayan bir de─şer i├ğermelidir. 'Gerekli' de─şi┼ştiricisini ekleyin veya ├Âzellik de─şerini null atanabilir olarak bildirmeyi g├Âz ├Ân├╝nde bulundurun. [C:\Users\lunap\OneDrive\Masa├╝st├╝\MyProjects\QuickStart1\QuickStart.WebApiLayer\QuickStart.WebApiLayer.csproj]
C:\Users\lunap\OneDrive\Masa├╝st├╝\MyProjects\QuickStart1\QuickStart.WebApiLayer\DTOs\PricingDTOs\CreatePricingDto.cs(6,23): warning CS8618: Null atanamaz ├Âzellik 'Description', olu┼şturucudan ├ğ─▒k─▒┼ş yaparken null olmayan bir de─şer i├ğermelidir. 'Gerekli' de─şi┼ştiricisini ekleyin veya ├Âzellik de─şerini null atanabilir olarak bildirmeyi g├Âz ├Ân├╝nde bulundurun. [C:\Users\lunap\OneDrive\Masa├╝st├╝\MyProjects\QuickStart1\QuickStart.WebApiLayer\QuickStart.WebApiLayer.csproj]
C:\Users\lunap\OneDrive\Masa├╝st├╝\MyProjects\QuickStart1\QuickStart.WebApiLayer\DTOs\PricingDTOs\CreatePricingDto.cs(7,23): warning CS8618: Null atanamaz ├Âzellik 'Price', olu┼şturucudan ├ğ─▒k─▒┼ş yaparken null olmayan bir de─şer i├ğermelidir. 'Gerekli' de─şi┼ştiricisini ekleyin veya ├Âzellik de─şerini null atanabilir olarak bildirmeyi g├Âz ├Ân├╝nde bulundurun. [C:\Users\lunap\OneDrive\Masa├╝st├╝\MyProjects\QuickStart1\QuickStart.WebApiLayer\QuickStart.WebApiLayer.csproj]
C:\Users\lunap\OneDrive\Masa├╝st├╝\MyProjects\QuickStart1\QuickStart.WebApiLayer\DTOs\PricingDTOs\CreatePricingDto.cs(8,23): warning CS8618: Null atanamaz ├Âzellik 'Period', olu┼şturucudan ├ğ─▒k─▒┼ş yaparken null olmayan bir de─şer i├ğermelidir. 'Gerekli' de─şi┼ştiricisini ekleyin veya ├Âzellik de─şerini null atanabilir olarak bildirmeyi g├Âz ├Ân├╝nde bulundurun. [C:\Users\lunap\OneDrive\Masa├╝st├╝\MyProjects\QuickStart1\QuickStart.WebApiLayer\QuickStart.WebApiLayer.csproj]
C:\Users\lunap\OneDrive\Masa├╝st├╝\MyProjects\QuickStart1\QuickStart.WebApiLayer\DTOs\PricingDTOs\CreatePricingDto.cs(10,29): warning CS8618: Null atanamaz ├Âzellik 'Features', olu┼şturucudan ├ğ─▒k─▒┼ş yaparken null olmayan bir de─şer i├ğermelidir. 'Gerekli' de─şi┼ştiricisini ekleyin veya ├Âzellik de─şerini null atanabilir olarak bildirmeyi g├Âz ├Ân├╝nde bulundurun. [C:\Users\lunap\OneDrive\Masa├╝st├╝\MyProjects\QuickStart1\QuickStart.WebApiLayer\QuickStart.WebApiLayer.csproj]
C:\Users\lunap\OneDrive\Masa├╝st├╝\MyProjects\QuickStart1\QuickStart.WebApiLayer\DTOs\ContactDTOs\CreateContactDto.cs(5,23): warning CS8618: Null atanamaz ├Âzellik 'Title', olu┼şturucudan ├ğ─▒k─▒┼ş yaparken null olmayan bir de─şer i├ğermelidir. 'Gerekli' de─şi┼ştiricisini ekleyin veya ├Âzellik de─şerini null atanabilir olarak bildirmeyi g├Âz ├Ân├╝nde bulundurun. [C:\Users\lunap\OneDrive\Masa├╝st├╝\MyProjects\QuickStart1\QuickStart.WebApiLayer\QuickStart.WebApiLayer.csproj]
C:\Users\lunap\OneDrive\Masa├╝st├╝\MyProjects\QuickStart1\QuickStart.WebApiLayer\DTOs\ContactDTOs\CreateContactDto.cs(6,23): warning CS8618: Null atanamaz ├Âzellik 'Description', olu┼şturucudan ├ğ─▒k─▒┼ş yaparken null olmayan bir de─şer i├ğermelidir. 'Gerekli' de─şi┼ştiricisini ekleyin veya ├Âzellik de─şerini null atanabilir olarak bildirmeyi g├Âz ├Ân├╝nde bulundurun. [C:\Users\lunap\OneDrive\Masa├╝st├╝\MyProjects\QuickStart1\QuickStart.WebApiLayer\QuickStart.WebApiLayer.csproj]
C:\Users\lunap\OneDrive\Masa├╝st├╝\MyProjects\QuickStart1\QuickStart.WebApiLayer\DTOs\ContactDTOs\CreateContactDto.cs(7,23): warning CS8618: Null atanamaz ├Âzellik 'Address', olu┼şturucudan ├ğ─▒k─▒┼ş yaparken null olmayan bir de─şer i├ğermelidir. 'Gerekli' de─şi┼ştiricisini ekleyin veya ├Âzellik de─şerini null atanabilir olarak bildirmeyi g├Âz ├Ân├╝nde bulundurun. [C:\Users\lunap\OneDrive\Masa├╝st├╝\MyProjects\QuickStart1\QuickStart.WebApiLayer\QuickStart.WebApiLayer.csproj]
C:\Users\lunap\OneDrive\Masa├╝st├╝\MyProjects\QuickStart1\QuickStart.WebApiLayer\DTOs\ContactDTOs\CreateContactDto.cs(8,23): warning CS8618: Null atanamaz ├Âzellik 'Phone', olu┼şturucudan ├ğ─▒k─▒┼ş yaparken null olmayan bir de─şer i├ğermelidir. 'Gerekli' de─şi┼ştiricisini ekleyin veya ├Âzellik de─şerini null atanabilir olarak bildirmeyi g├Âz ├Ân├╝nde bulundurun. [C:\Users\lunap\OneDrive\Masa├╝st├╝\MyProjects\QuickStart1\QuickStart.WebApiLayer\QuickStart.WebApiLayer.csproj]
C:\Users\lunap\OneDrive\Masa├╝st├╝\MyProjects\QuickStart1\QuickStart.WebApiLayer\DTOs\ContactDTOs\CreateContactDto.cs(9,23): warning CS8618: Null atanamaz ├Âzellik 'Email', olu┼şturucudan ├ğ─▒k─▒┼ş yaparken null olmayan bir de─şer i├ğermelidir. 'Gerekli' de─şi┼ştiricisini ekleyin veya ├Âzellik de─şerini null atanabilir olarak bildirmeyi g├Âz ├Ân├╝nde bulundurun. [C:\Users\lunap\OneDrive\Masa├╝st├╝\MyProjects\QuickStart1\QuickStart.WebApiLayer\QuickStart.WebApiLayer.csproj]
C:\Users\lunap\OneDrive\Masa├╝st├╝\MyProjects\QuickStart1\QuickStart.WebApiLayer\DTOs\FeaturedServiceDTOs\CreateFeaturedServiceDto.cs(5,23): warning CS8618: Null atanamaz ├Âzellik 'Icon', olu┼şturucudan ├ğ─▒k─▒┼ş yaparken null olmayan bir de─şer i├ğermelidir. 'Gerekli' de─şi┼ştiricisini ekleyin veya ├Âzellik de─şerini null atanabilir olarak bildirmeyi g├Âz ├Ân├╝nde bulundurun. [C:\Users\lunap\OneDrive\Masa├╝st├╝\MyProjects\QuickStart1\QuickStart.WebApiLayer\QuickStart.WebApiLayer.csproj]
C:\Users\lunap\OneDrive\Masa├╝st├╝\MyProjects\QuickStart1\QuickStart.WebApiLayer\DTOs\FeaturedServiceDTOs\CreateFeaturedServiceDto.cs(6,23): warning CS8618: Null atanamaz ├Âzellik 'Title', olu┼şturucudan ├ğ─▒k─▒┼ş yaparken null olmayan bir de─şer i├ğermelidir. 'Gerekli' de─şi┼ştiricisini ekleyin veya ├Âzellik de─şerini null atanabilir olarak bildirmeyi g├Âz ├Ân├╝nde bulundurun. [C:\Users\lunap\OneDrive\Masa├╝st├╝\MyProjects\QuickStart1\QuickStart.WebApiLayer\QuickStart.WebApiLayer.csproj]
C:\Users\lunap\OneDrive\Masa├╝st├╝\MyProjects\QuickStart1\QuickStart.WebApiLayer\DTOs\FeaturedServiceDTOs\CreateFeaturedServiceDto.cs(7,23): warning CS8618: Null atanamaz ├Âzellik 'Description', olu┼şturucudan ├ğ─▒k─▒┼ş yaparken null olmayan bir de─şer i├ğermelidir. 'Gerekli' de─şi┼ştiricisini ekleyin veya ├Âzellik de─şerini null atanabilir olarak bildirmeyi g├Âz ├Ân├╝nde bulundurun. [C:\Users\lunap\OneDrive\Masa├╝st├╝\MyProjects\QuickStart1\QuickStart.WebApiLayer\QuickStart.WebApiLayer.csproj]
C:\Users\lunap\OneDrive\Masa├╝st├╝\MyProjects\QuickStart1\QuickStart.WebApiLayer\DTOs\MessageDTOs\UpdateMessageDto.cs(6,23): warning CS8618: Null atanamaz ├Âzellik 'Name', olu┼şturucudan ├ğ─▒k─▒┼ş yaparken null olmayan bir de─şer i├ğermelidir. 'Gerekli' de─şi┼ştiricisini ekleyin veya ├Âzellik de─şerini null atanabilir olarak bildirmeyi g├Âz ├Ân├╝nde bulundurun. [C:\Users\lunap\OneDrive\Masa├╝st├╝\MyProjects\QuickStart1\QuickStart.WebApiLayer\QuickStart.WebApiLayer.csproj]
C:\Users\lunap\OneDrive\Masa├╝st├╝\MyProjects\QuickStart1\QuickStart.WebApiLayer\DTOs\MessageDTOs\UpdateMessageDto.cs(7,23): warning CS8618: Null atanamaz ├Âzellik 'Email', olu┼şturucudan ├ğ─▒k─▒┼ş yaparken null olmayan bir de─şer i├ğermelidir. 'Gerekli' de─şi┼ştiricisini ekleyin veya ├Âzellik de─şerini null atanabilir olarak bildirmeyi g├Âz ├Ân├╝nde bulundurun. [C:\Users\lunap\OneDrive\Masa├╝st├╝\MyProjects\QuickStart1\QuickStart.WebApiLayer\QuickStart.WebApiLayer.csproj]
C:\Users\lunap\OneDrive\Masa├╝st├╝\MyProjects\QuickStart1\QuickStart.WebApiLayer\DTOs\MessageDTOs\UpdateMessageDto.cs(8,23): warning CS8618: Null atanamaz ├Âzellik 'Subject', olu┼şturucudan ├ğ─▒k─▒┼ş yaparken null olmayan bir de─şer i├ğermelidir. 'Gerekli' de─şi┼ştiricisini ekleyin veya ├Âzellik de─şerini null atanabilir olarak bildirmeyi g├Âz ├Ân├╝nde bulundurun. [C:\Users\lunap\OneDrive\Masa├╝st├╝\MyProjects\QuickStart1\QuickStart.WebApiLayer\QuickStart.WebApiLayer.csproj]
C:\Users\lunap\OneDrive\Masa├╝st├╝\MyProjects\QuickStart1\QuickStart.WebApiLayer\DTOs\MessageDTOs\UpdateMessageDto.cs(9,23): warning CS8618: Null atanamaz ├Âzellik 'Content', olu┼şturucudan ├ğ─▒k─▒┼ş yaparken null olmayan bir de─şer i├ğermelidir. 'Gerekli' de─şi┼ştiricisini ekleyin veya ├Âzellik de─şerini null atanabilir olarak bildirmeyi g├Âz ├Ân├╝nde bulundurun. [C:\Users\lunap\OneDrive\Masa├╝st├╝\MyProjects\QuickStart1\QuickStart.WebApiLayer\QuickStart.WebApiLayer.csproj]
C:\Users\lunap\OneDrive\Masa├╝st├╝\MyProjects\QuickStart1\QuickStart.WebApiLayer\DTOs\FeaturedServiceDTOs\UpdateFeaturedServiceDto.cs(6,23): warning CS8618: Null atanamaz ├Âzellik 'Icon', olu┼şturucudan ├ğ─▒k─▒┼ş yaparken null olmayan bir de─şer i├ğermelidir. 'Gerekli' de─şi┼ştiricisini ekleyin veya ├Âzellik de─şerini null atanabilir olarak bildirmeyi g├Âz ├Ân├╝nde bulundurun. [C:\Users\lunap\OneDrive\Masa├╝st├╝\MyProjects\QuickStart1\QuickStart.WebApiLayer\QuickStart.WebApiLayer.csproj]
C:\Users\lunap\OneDrive\Masa├╝st├╝\MyProjects\QuickStart1\QuickStart.WebApiLayer\DTOs\FeaturedServiceDTOs\UpdateFeaturedServiceDto.cs(7,23): warning CS8618: Null atanamaz ├Âzellik 'Title', olu┼şturucudan ├ğ─▒k─▒┼ş yaparken null olmayan bir de─şer i├ğermelidir. 'Gerekli' de─şi┼ştiricisini ekleyin veya ├Âzellik de─şerini null atanabilir olarak bildirmeyi g├Âz ├Ân├╝nde bulundurun. [C:\Users\lunap\OneDrive\Masa├╝st├╝\MyProjects\QuickStart1\QuickStart.WebApiLayer\QuickStart.WebApiLayer.csproj]
C:\Users\lunap\OneDrive\Masa├╝st├╝\MyProjects\QuickStart1\QuickStart.WebApiLayer\DTOs\FeaturedServiceDTOs\UpdateFeaturedServiceDto.cs(8,23): warning CS8618: Null atanamaz ├Âzellik 'Description', olu┼şturucudan ├ğ─▒k─▒┼ş yaparken null olmayan bir de─şer i├ğermelidir. 'Gerekli' de─şi┼ştiricisini ekleyin veya ├Âzellik de─şerini null atanabilir olarak bildirmeyi g├Âz ├Ân├╝nde bulundurun. [C:\Users\lunap\OneDrive\Masa├╝st├╝\MyProjects\QuickStart1\QuickStart.WebApiLayer\QuickStart.WebApiLayer.csproj]
C:\Users\lunap\OneDrive\Masa├╝st├╝\MyProjects\QuickStart1\QuickStart.WebApiLayer\DTOs\NewsletterDTOs\UpdateNewsletterDto.cs(6,23): warning CS8618: Null atanamaz ├Âzellik 'Email', olu┼şturucudan ├ğ─▒k─▒┼ş yaparken null olmayan bir de─şer i├ğermelidir. 'Gerekli' de─şi┼ştiricisini ekleyin veya ├Âzellik de─şerini null atanabilir olarak bildirmeyi g├Âz ├Ân├╝nde bulundurun. [C:\Users\lunap\OneDrive\Masa├╝st├╝\MyProjects\QuickStart1\QuickStart.WebApiLayer\QuickStart.WebApiLayer.csproj]
C:\Users\lunap\OneDrive\Masa├╝st├╝\MyProjects\QuickStart1\QuickStart.WebApiLayer\DTOs\MessageDTOs\ResultMessageDto.cs(6,23): warning CS8618: Null atanamaz ├Âzellik 'Name', olu┼şturucudan ├ğ─▒k─▒┼ş yaparken null olmayan bir de─şer i├ğermelidir. 'Gerekli' de─şi┼ştiricisini ekleyin veya ├Âzellik de─şerini null atanabilir olarak bildirmeyi g├Âz ├Ân├╝nde bulundurun. [C:\Users\lunap\OneDrive\Masa├╝st├╝\MyProjects\QuickStart1\QuickStart.WebApiLayer\QuickStart.WebApiLayer.csproj]
C:\Users\lunap\OneDrive\Masa├╝st├╝\MyProjects\QuickStart1\QuickStart.WebApiLayer\DTOs\MessageDTOs\ResultMessageDto.cs(7,23): warning CS8618: Null atanamaz ├Âzellik 'Email', olu┼şturucudan ├ğ─▒k─▒┼ş yaparken null olmayan bir de─şer i├ğermelidir. 'Gerekli' de─şi┼ştiricisini ekleyin veya ├Âzellik de─şerini null atanabilir olarak bildirmeyi g├Âz ├Ân├╝nde bulundurun. [C:\Users\lunap\OneDrive\Masa├╝st├╝\MyProjects\QuickStart1\QuickStart.WebApiLayer\QuickStart.WebApiLayer.csproj]
C:\Users\lunap\OneDrive\Masa├╝st├╝\MyProjects\QuickStart1\QuickStart.WebApiLayer\DTOs\MessageDTOs\ResultMessageDto.cs(8,23): warning CS8618: Null atanamaz ├Âzellik 'Subject', olu┼şturucudan ├ğ─▒k─▒┼ş yaparken null olmayan bir de─şer i├ğermelidir. 'Gerekli' de─şi┼ştiricisini ekleyin veya ├Âzellik de─şerini null atanabilir olarak bildirmeyi g├Âz ├Ân├╝nde bulundurun. [C:\Users\lunap\OneDrive\Masa├╝st├╝\MyProjects\QuickStart1\QuickStart.WebApiLayer\QuickStart.WebApiLayer.csproj]
C:\Users\lunap\OneDrive\Masa├╝st├╝\MyProjects\QuickStart1\QuickStart.WebApiLayer\DTOs\MessageDTOs\ResultMessageDto.cs(9,23): warning CS8618: Null atanamaz ├Âzellik 'Content', olu┼şturucudan ├ğ─▒k─▒┼ş yaparken null olmayan bir de─şer i├ğermelidir. 'Gerekli' de─şi┼ştiricisini ekleyin veya ├Âzellik de─şerini null atanabilir olarak bildirmeyi g├Âz ├Ân├╝nde bulundurun. [C:\Users\lunap\OneDrive\Masa├╝st├╝\MyProjects\QuickStart1\QuickStart.WebApiLayer\QuickStart.WebApiLayer.csproj]
C:\Users\lunap\OneDrive\Masa├╝st├╝\MyProjects\QuickStart1\QuickStart.WebApiLayer\DTOs\FeaturedServiceDTOs\ResultFeaturedServiceDto.cs(6,23): warning CS8618: Null atanamaz ├Âzellik 'Icon', olu┼şturucudan ├ğ─▒k─▒┼ş yaparken null olmayan bir de─şer i├ğermelidir. 'Gerekli' de─şi┼ştiricisini ekleyin veya ├Âzellik de─şerini null atanabilir olarak bildirmeyi g├Âz ├Ân├╝nde bulundurun. [C:\Users\lunap\OneDrive\Masa├╝st├╝\MyProjects\QuickStart1\QuickStart.WebApiLayer\QuickStart.WebApiLayer.csproj]
C:\Users\lunap\OneDrive\Masa├╝st├╝\MyProjects\QuickStart1\QuickStart.WebApiLayer\DTOs\FeaturedServiceDTOs\ResultFeaturedServiceDto.cs(7,23): warning CS8618: Null atanamaz ├Âzellik 'Title', olu┼şturucudan ├ğ─▒k─▒┼ş yaparken null olmayan bir de─şer i├ğermelidir. 'Gerekli' de─şi┼ştiricisini ekleyin veya ├Âzellik de─şerini null atanabilir olarak bildirmeyi g├Âz ├Ân├╝nde bulundurun. [C:\Users\lunap\OneDrive\Masa├╝st├╝\MyProjects\QuickStart1\QuickStart.WebApiLayer\QuickStart.WebApiLayer.csproj]
C:\Users\lunap\OneDrive\Masa├╝st├╝\MyProjects\QuickStart1\QuickStart.WebApiLayer\DTOs\FeaturedServiceDTOs\ResultFeaturedServiceDto.cs(8,23): warning CS8618: Null atanamaz ├Âzellik 'Description', olu┼şturucudan ├ğ─▒k─▒┼ş yaparken null olmayan bir de─şer i├ğermelidir. 'Gerekli' de─şi┼ştiricisini ekleyin veya ├Âzellik de─şerini null atanabilir olarak bildirmeyi g├Âz ├Ân├╝nde bulundurun. [C:\Users\lunap\OneDrive\Masa├╝st├╝\MyProjects\QuickStart1\QuickStart.WebApiLayer\QuickStart.WebApiLayer.csproj]
C:\Users\lunap\OneDrive\Masa├╝st├╝\MyProjects\QuickStart1\QuickStart.WebApiLayer\DTOs\FeatureDTOs\UpdateFeatureDto.cs(6,23): warning CS8618: Null atanamaz ├Âzellik 'Icon', olu┼şturucudan ├ğ─▒k─▒┼ş yaparken null olmayan bir de─şer i├ğermelidir. 'Gerekli' de─şi┼ştiricisini ekleyin veya ├Âzellik de─şerini null atanabilir olarak bildirmeyi g├Âz ├Ân├╝nde bulundurun. [C:\Users\lunap\OneDrive\Masa├╝st├╝\MyProjects\QuickStart1\QuickStart.WebApiLayer\QuickStart.WebApiLayer.csproj]
C:\Users\lunap\OneDrive\Masa├╝st├╝\MyProjects\QuickStart1\QuickStart.WebApiLayer\DTOs\FeatureDTOs\UpdateFeatureDto.cs(7,23): warning CS8618: Null atanamaz ├Âzellik 'Title', olu┼şturucudan ├ğ─▒k─▒┼ş yaparken null olmayan bir de─şer i├ğermelidir. 'Gerekli' de─şi┼ştiricisini ekleyin veya ├Âzellik de─şerini null atanabilir olarak bildirmeyi g├Âz ├Ân├╝nde bulundurun. [C:\Users\lunap\OneDrive\Masa├╝st├╝\MyProjects\QuickStart1\QuickStart.WebApiLayer\QuickStart.WebApiLayer.csproj]
C:\Users\lunap\OneDrive\Masa├╝st├╝\MyProjects\QuickStart1\QuickStart.WebApiLayer\DTOs\FeatureDTOs\UpdateFeatureDto.cs(8,23): warning CS8618: Null atanamaz ├Âzellik 'Description', olu┼şturucudan ├ğ─▒k─▒┼ş yaparken null olmayan bir de─şer i├ğermelidir. 'Gerekli' de─şi┼ştiricisini ekleyin veya ├Âzellik de─şerini null atanabilir olarak bildirmeyi g├Âz ├Ân├╝nde bulundurun. [C:\Users\lunap\OneDrive\Masa├╝st├╝\MyProjects\QuickStart1\QuickStart.WebApiLayer\QuickStart.WebApiLayer.csproj]
C:\Users\lunap\OneDrive\Masa├╝st├╝\MyProjects\QuickStart1\QuickStart.WebApiLayer\DTOs\FeatureDTOs\UpdateFeatureDto.cs(9,23): warning CS8618: Null atanamaz ├Âzellik 'ImageUrl', olu┼şturucudan ├ğ─▒k─▒┼ş yaparken null olmayan bir de─şer i├ğermelidir. 'Gerekli' de─şi┼ştiricisini ekleyin veya ├Âzellik de─şerini null atanabilir olarak bildirmeyi g├Âz ├Ân├╝nde bulundurun. [C:\Users\lunap\OneDrive\Masa├╝st├╝\MyProjects\QuickStart1\QuickStart.WebApiLayer\QuickStart.WebApiLayer.csproj]
C:\Users\lunap\OneDrive\Masa├╝st├╝\MyProjects\QuickStart1\QuickStart.WebApiLayer\DTOs\MessageDTOs\CreateMessageDto.cs(5,23): warning CS8618: Null atanamaz ├Âzellik 'Name', olu┼şturucudan ├ğ─▒k─▒┼ş yaparken null olmayan bir de─şer i├ğermelidir. 'Gerekli' de─şi┼ştiricisini ekleyin veya ├Âzellik de─şerini null atanabilir olarak bildirmeyi g├Âz ├Ân├╝nde bulundurun. [C:\Users\lunap\OneDrive\Masa├╝st├╝\MyProjects\QuickStart1\QuickStart.WebApiLayer\QuickStart.WebApiLayer.csproj]
C:\Users\lunap\OneDrive\Masa├╝st├╝\MyProjects\QuickStart1\QuickStart.WebApiLayer\DTOs\MessageDTOs\CreateMessageDto.cs(6,23): warning CS8618: Null atanamaz ├Âzellik 'Email', olu┼şturucudan ├ğ─▒k─▒┼ş yaparken null olmayan bir de─şer i├ğermelidir. 'Gerekli' de─şi┼ştiricisini ekleyin veya ├Âzellik de─şerini null atanabilir olarak bildirmeyi g├Âz ├Ân├╝nde bulundurun. [C:\Users\lunap\OneDrive\Masa├╝st├╝\MyProjects\QuickStart1\QuickStart.WebApiLayer\QuickStart.WebApiLayer.csproj]
C:\Users\lunap\OneDrive\Masa├╝st├╝\MyProjects\QuickStart1\QuickStart.WebApiLayer\DTOs\MessageDTOs\CreateMessageDto.cs(7,23): warning CS8618: Null atanamaz ├Âzellik 'Subject', olu┼şturucudan ├ğ─▒k─▒┼ş yaparken null olmayan bir de─şer i├ğermelidir. 'Gerekli' de─şi┼ştiricisini ekleyin veya ├Âzellik de─şerini null atanabilir olarak bildirmeyi g├Âz ├Ân├╝nde bulundurun. [C:\Users\lunap\OneDrive\Masa├╝st├╝\MyProjects\QuickStart1\QuickStart.WebApiLayer\QuickStart.WebApiLayer.csproj]
C:\Users\lunap\OneDrive\Masa├╝st├╝\MyProjects\QuickStart1\QuickStart.WebApiLayer\DTOs\MessageDTOs\CreateMessageDto.cs(8,23): warning CS8618: Null atanamaz ├Âzellik 'Content', olu┼şturucudan ├ğ─▒k─▒┼ş yaparken null olmayan bir de─şer i├ğermelidir. 'Gerekli' de─şi┼ştiricisini ekleyin veya ├Âzellik de─şerini null atanabilir olarak bildirmeyi g├Âz ├Ân├╝nde bulundurun. [C:\Users\lunap\OneDrive\Masa├╝st├╝\MyProjects\QuickStart1\QuickStart.WebApiLayer\QuickStart.WebApiLayer.csproj]
C:\Users\lunap\OneDrive\Masa├╝st├╝\MyProjects\QuickStart1\QuickStart.WebApiLayer\DTOs\FeatureDTOs\CreateFeatureDto.cs(5,23): warning CS8618: Null atanamaz ├Âzellik 'Icon', olu┼şturucudan ├ğ─▒k─▒┼ş yaparken null olmayan bir de─şer i├ğermelidir. 'Gerekli' de─şi┼ştiricisini ekleyin veya ├Âzellik de─şerini null atanabilir olarak bildirmeyi g├Âz ├Ân├╝nde bulundurun. [C:\Users\lunap\OneDrive\Masa├╝st├╝\MyProjects\QuickStart1\QuickStart.WebApiLayer\QuickStart.WebApiLayer.csproj]
C:\Users\lunap\OneDrive\Masa├╝st├╝\MyProjects\QuickStart1\QuickStart.WebApiLayer\DTOs\FeatureDTOs\CreateFeatureDto.cs(6,23): warning CS8618: Null atanamaz ├Âzellik 'Title', olu┼şturucudan ├ğ─▒k─▒┼ş yaparken null olmayan bir de─şer i├ğermelidir. 'Gerekli' de─şi┼ştiricisini ekleyin veya ├Âzellik de─şerini null atanabilir olarak bildirmeyi g├Âz ├Ân├╝nde bulundurun. [C:\Users\lunap\OneDrive\Masa├╝st├╝\MyProjects\QuickStart1\QuickStart.WebApiLayer\QuickStart.WebApiLayer.csproj]
C:\Users\lunap\OneDrive\Masa├╝st├╝\MyProjects\QuickStart1\QuickStart.WebApiLayer\DTOs\FeatureDTOs\CreateFeatureDto.cs(7,23): warning CS8618: Null atanamaz ├Âzellik 'Description', olu┼şturucudan ├ğ─▒k─▒┼ş yaparken null olmayan bir de─şer i├ğermelidir. 'Gerekli' de─şi┼ştiricisini ekleyin veya ├Âzellik de─şerini null atanabilir olarak bildirmeyi g├Âz ├Ân├╝nde bulundurun. [C:\Users\lunap\OneDrive\Masa├╝st├╝\MyProjects\QuickStart1\QuickStart.WebApiLayer\QuickStart.WebApiLayer.csproj]
C:\Users\lunap\OneDrive\Masa├╝st├╝\MyProjects\QuickStart1\QuickStart.WebApiLayer\DTOs\FeatureDTOs\CreateFeatureDto.cs(8,23): warning CS8618: Null atanamaz ├Âzellik 'ImageUrl', olu┼şturucudan ├ğ─▒k─▒┼ş yaparken null olmayan bir de─şer i├ğermelidir. 'Gerekli' de─şi┼ştiricisini ekleyin veya ├Âzellik de─şerini null atanabilir olarak bildirmeyi g├Âz ├Ân├╝nde bulundurun. [C:\Users\lunap\OneDrive\Masa├╝st├╝\MyProjects\QuickStart1\QuickStart.WebApiLayer\QuickStart.WebApiLayer.csproj]
C:\Users\lunap\OneDrive\Masa├╝st├╝\MyProjects\QuickStart1\QuickStart.WebApiLayer\DTOs\NewsletterDTOs\ResultNewsletterDto.cs(6,23): warning CS8618: Null atanamaz ├Âzellik 'Email', olu┼şturucudan ├ğ─▒k─▒┼ş yaparken null olmayan bir de─şer i├ğermelidir. 'Gerekli' de─şi┼ştiricisini ekleyin veya ├Âzellik de─şerini null atanabilir olarak bildirmeyi g├Âz ├Ân├╝nde bulundurun. [C:\Users\lunap\OneDrive\Masa├╝st├╝\MyProjects\QuickStart1\QuickStart.WebApiLayer\QuickStart.WebApiLayer.csproj]
C:\Users\lunap\OneDrive\Masa├╝st├╝\MyProjects\QuickStart1\QuickStart.WebApiLayer\DTOs\NewsletterDTOs\CreateNewsletterDto.cs(5,23): warning CS8618: Null atanamaz ├Âzellik 'Email', olu┼şturucudan ├ğ─▒k─▒┼ş yaparken null olmayan bir de─şer i├ğermelidir. 'Gerekli' de─şi┼ştiricisini ekleyin veya ├Âzellik de─şerini null atanabilir olarak bildirmeyi g├Âz ├Ân├╝nde bulundurun. [C:\Users\lunap\OneDrive\Masa├╝st├╝\MyProjects\QuickStart1\QuickStart.WebApiLayer\QuickStart.WebApiLayer.csproj]
C:\Users\lunap\OneDrive\Masa├╝st├╝\MyProjects\QuickStart1\QuickStart.WebApiLayer\DTOs\FeatureDTOs\ResultFeatureDto.cs(6,23): warning CS8618: Null atanamaz ├Âzellik 'Icon', olu┼şturucudan ├ğ─▒k─▒┼ş yaparken null olmayan bir de─şer i├ğermelidir. 'Gerekli' de─şi┼ştiricisini ekleyin veya ├Âzellik de─şerini null atanabilir olarak bildirmeyi g├Âz ├Ân├╝nde bulundurun. [C:\Users\lunap\OneDrive\Masa├╝st├╝\MyProjects\QuickStart1\QuickStart.WebApiLayer\QuickStart.WebApiLayer.csproj]
C:\Users\lunap\OneDrive\Masa├╝st├╝\MyProjects\QuickStart1\QuickStart.WebApiLayer\DTOs\FeatureDTOs\ResultFeatureDto.cs(7,23): warning CS8618: Null atanamaz ├Âzellik 'Title', olu┼şturucudan ├ğ─▒k─▒┼ş yaparken null olmayan bir de─şer i├ğermelidir. 'Gerekli' de─şi┼ştiricisini ekleyin veya ├Âzellik de─şerini null atanabilir olarak bildirmeyi g├Âz ├Ân├╝nde bulundurun. [C:\Users\lunap\OneDrive\Masa├╝st├╝\MyProjects\QuickStart1\QuickStart.WebApiLayer\QuickStart.WebApiLayer.csproj]
C:\Users\lunap\OneDrive\Masa├╝st├╝\MyProjects\QuickStart1\QuickStart.WebApiLayer\DTOs\FeatureDTOs\ResultFeatureDto.cs(8,23): warning CS8618: Null atanamaz ├Âzellik 'Description', olu┼şturucudan ├ğ─▒k─▒┼ş yaparken null olmayan bir de─şer i├ğermelidir. 'Gerekli' de─şi┼ştiricisini ekleyin veya ├Âzellik de─şerini null atanabilir olarak bildirmeyi g├Âz ├Ân├╝nde bulundurun. [C:\Users\lunap\OneDrive\Masa├╝st├╝\MyProjects\QuickStart1\QuickStart.WebApiLayer\QuickStart.WebApiLayer.csproj]
C:\Users\lunap\OneDrive\Masa├╝st├╝\MyProjects\QuickStart1\QuickStart.WebApiLayer\DTOs\FeatureDTOs\ResultFeatureDto.cs(9,23): warning CS8618: Null atanamaz ├Âzellik 'ImageUrl', olu┼şturucudan ├ğ─▒k─▒┼ş yaparken null olmayan bir de─şer i├ğermelidir. 'Gerekli' de─şi┼ştiricisini ekleyin veya ├Âzellik de─şerini null atanabilir olarak bildirmeyi g├Âz ├Ân├╝nde bulundurun. [C:\Users\lunap\OneDrive\Masa├╝st├╝\MyProjects\QuickStart1\QuickStart.WebApiLayer\QuickStart.WebApiLayer.csproj]
C:\Users\lunap\OneDrive\Masa├╝st├╝\MyProjects\QuickStart1\QuickStart.WebApiLayer\Controller\FeaturedServicesController.cs(45,46): warning CS8604: 'EntityEntry<FeaturedService> DbSet<FeaturedService>.Remove(FeaturedService entity)' i├ğindeki 'entity' parametresi i├ğin olas─▒ null ba┼şvuru ba─ş─▒ms─▒z de─şi┼şkeni. [C:\Users\lunap\OneDrive\Masa├╝st├╝\MyProjects\QuickStart1\QuickStart.WebApiLayer\QuickStart.WebApiLayer.csproj]
C:\Users\lunap\OneDrive\Masa├╝st├╝\MyProjects\QuickStart1\QuickStart.WebApiLayer\Controller\FeaturesController.cs(46,38): warning CS8604: 'EntityEntry<Feature> DbSet<Feature>.Remove(Feature entity)' i├ğindeki 'entity' parametresi i├ğin olas─▒ null ba┼şvuru ba─ş─▒ms─▒z de─şi┼şkeni. [C:\Users\lunap\OneDrive\Masa├╝st├╝\MyProjects\QuickStart1\QuickStart.WebApiLayer\QuickStart.WebApiLayer.csproj]
C:\Users\lunap\OneDrive\Masa├╝st├╝\MyProjects\QuickStart1\QuickStart.WebApiLayer\Controller\ServicesController.cs(45,38): warning CS8604: 'EntityEntry<Service> DbSet<Service>.Remove(Service entity)' i├ğindeki 'entity' parametresi i├ğin olas─▒ null ba┼şvuru ba─ş─▒ms─▒z de─şi┼şkeni. [C:\Users\lunap\OneDrive\Masa├╝st├╝\MyProjects\QuickStart1\QuickStart.WebApiLayer\QuickStart.WebApiLayer.csproj]
C:\Users\lunap\OneDrive\Masa├╝st├╝\MyProjects\QuickStart1\QuickStart.WebApiLayer\Controller\AboutsController.cs(45,36): warning CS8604: 'EntityEntry<About> DbSet<About>.Remove(About entity)' i├ğindeki 'entity' parametresi i├ğin olas─▒ null ba┼şvuru ba─ş─▒ms─▒z de─şi┼şkeni. [C:\Users\lunap\OneDrive\Masa├╝st├╝\MyProjects\QuickStart1\QuickStart.WebApiLayer\QuickStart.WebApiLayer.csproj]
C:\Users\lunap\OneDrive\Masa├╝st├╝\MyProjects\QuickStart1\QuickStart.WebApiLayer\Controller\TestimonialsController.cs(46,42): warning CS8604: 'EntityEntry<Testimonial> DbSet<Testimonial>.Remove(Testimonial entity)' i├ğindeki 'entity' parametresi i├ğin olas─▒ null ba┼şvuru ba─ş─▒ms─▒z de─şi┼şkeni. [C:\Users\lunap\OneDrive\Masa├╝st├╝\MyProjects\QuickStart1\QuickStart.WebApiLayer\QuickStart.WebApiLayer.csproj]
C:\Users\lunap\OneDrive\Masa├╝st├╝\MyProjects\QuickStart1\QuickStart.WebApiLayer\Controller\FaqsController.cs(44,34): warning CS8604: 'EntityEntry<FAQ> DbSet<FAQ>.Remove(FAQ entity)' i├ğindeki 'entity' parametresi i├ğin olas─▒ null ba┼şvuru ba─ş─▒ms─▒z de─şi┼şkeni. [C:\Users\lunap\OneDrive\Masa├╝st├╝\MyProjects\QuickStart1\QuickStart.WebApiLayer\QuickStart.WebApiLayer.csproj]
C:\Users\lunap\OneDrive\Masa├╝st├╝\MyProjects\QuickStart1\QuickStart.WebApiLayer\Controller\FeaturedServicesController.cs(54,13): warning CS8602: Olas─▒ bir null ba┼şvurunun ba┼şvurma i┼şlemi. [C:\Users\lunap\OneDrive\Masa├╝st├╝\MyProjects\QuickStart1\QuickStart.WebApiLayer\QuickStart.WebApiLayer.csproj]
C:\Users\lunap\OneDrive\Masa├╝st├╝\MyProjects\QuickStart1\QuickStart.WebApiLayer\Controller\ServicesController.cs(54,13): warning CS8602: Olas─▒ bir null ba┼şvurunun ba┼şvurma i┼şlemi. [C:\Users\lunap\OneDrive\Masa├╝st├╝\MyProjects\QuickStart1\QuickStart.WebApiLayer\QuickStart.WebApiLayer.csproj]
C:\Users\lunap\OneDrive\Masa├╝st├╝\MyProjects\QuickStart1\QuickStart.WebApiLayer\Controller\AboutsController.cs(54,13): warning CS8602: Olas─▒ bir null ba┼şvurunun ba┼şvurma i┼şlemi. [C:\Users\lunap\OneDrive\Masa├╝st├╝\MyProjects\QuickStart1\QuickStart.WebApiLayer\QuickStart.WebApiLayer.csproj]
C:\Users\lunap\OneDrive\Masa├╝st├╝\MyProjects\QuickStart1\QuickStart.WebApiLayer\Controller\FeaturesController.cs(55,13): warning CS8602: Olas─▒ bir null ba┼şvurunun ba┼şvurma i┼şlemi. [C:\Users\lunap\OneDrive\Masa├╝st├╝\MyProjects\QuickStart1\QuickStart.WebApiLayer\QuickStart.WebApiLayer.csproj]
C:\Users\lunap\OneDrive\Masa├╝st├╝\MyProjects\QuickStart1\QuickStart.WebApiLayer\Controller\TestimonialsController.cs(55,13): warning CS8602: Olas─▒ bir null ba┼şvurunun ba┼şvurma i┼şlemi. [C:\Users\lunap\OneDrive\Masa├╝st├╝\MyProjects\QuickStart1\QuickStart.WebApiLayer\QuickStart.WebApiLayer.csproj]
C:\Users\lunap\OneDrive\Masa├╝st├╝\MyProjects\QuickStart1\QuickStart.WebApiLayer\Controller\FaqsController.cs(53,13): warning CS8602: Olas─▒ bir null ba┼şvurunun ba┼şvurma i┼şlemi. [C:\Users\lunap\OneDrive\Masa├╝st├╝\MyProjects\QuickStart1\QuickStart.WebApiLayer\QuickStart.WebApiLayer.csproj]
C:\Users\lunap\OneDrive\Masa├╝st├╝\MyProjects\QuickStart1\QuickStart.WebApiLayer\Controller\NewslettersController.cs(43,41): warning CS8604: 'EntityEntry<Newsletter> DbSet<Newsletter>.Remove(Newsletter entity)' i├ğindeki 'entity' parametresi i├ğin olas─▒ null ba┼şvuru ba─ş─▒ms─▒z de─şi┼şkeni. [C:\Users\lunap\OneDrive\Masa├╝st├╝\MyProjects\QuickStart1\QuickStart.WebApiLayer\QuickStart.WebApiLayer.csproj]
C:\Users\lunap\OneDrive\Masa├╝st├╝\MyProjects\QuickStart1\QuickStart.WebApiLayer\Controller\FeaturedServicesController.cs(63,59): warning CS8602: Olas─▒ bir null ba┼şvurunun ba┼şvurma i┼şlemi. [C:\Users\lunap\OneDrive\Masa├╝st├╝\MyProjects\QuickStart1\QuickStart.WebApiLayer\QuickStart.WebApiLayer.csproj]
C:\Users\lunap\OneDrive\Masa├╝st├╝\MyProjects\QuickStart1\QuickStart.WebApiLayer\Controller\PricingsController.cs(48,38): warning CS8604: 'EntityEntry<Pricing> DbSet<Pricing>.Remove(Pricing entity)' i├ğindeki 'entity' parametresi i├ğin olas─▒ null ba┼şvuru ba─ş─▒ms─▒z de─şi┼şkeni. [C:\Users\lunap\OneDrive\Masa├╝st├╝\MyProjects\QuickStart1\QuickStart.WebApiLayer\QuickStart.WebApiLayer.csproj]
C:\Users\lunap\OneDrive\Masa├╝st├╝\MyProjects\QuickStart1\QuickStart.WebApiLayer\Controller\ServicesController.cs(63,51): warning CS8602: Olas─▒ bir null ba┼şvurunun ba┼şvurma i┼şlemi. [C:\Users\lunap\OneDrive\Masa├╝st├╝\MyProjects\QuickStart1\QuickStart.WebApiLayer\QuickStart.WebApiLayer.csproj]
C:\Users\lunap\OneDrive\Masa├╝st├╝\MyProjects\QuickStart1\QuickStart.WebApiLayer\Controller\AboutsController.cs(63,49): warning CS8602: Olas─▒ bir null ba┼şvurunun ba┼şvurma i┼şlemi. [C:\Users\lunap\OneDrive\Masa├╝st├╝\MyProjects\QuickStart1\QuickStart.WebApiLayer\QuickStart.WebApiLayer.csproj]
C:\Users\lunap\OneDrive\Masa├╝st├╝\MyProjects\QuickStart1\QuickStart.WebApiLayer\Controller\FeaturesController.cs(64,51): warning CS8602: Olas─▒ bir null ba┼şvurunun ba┼şvurma i┼şlemi. [C:\Users\lunap\OneDrive\Masa├╝st├╝\MyProjects\QuickStart1\QuickStart.WebApiLayer\QuickStart.WebApiLayer.csproj]
C:\Users\lunap\OneDrive\Masa├╝st├╝\MyProjects\QuickStart1\QuickStart.WebApiLayer\Controller\TestimonialsController.cs(64,55): warning CS8602: Olas─▒ bir null ba┼şvurunun ba┼şvurma i┼şlemi. [C:\Users\lunap\OneDrive\Masa├╝st├╝\MyProjects\QuickStart1\QuickStart.WebApiLayer\QuickStart.WebApiLayer.csproj]
C:\Users\lunap\OneDrive\Masa├╝st├╝\MyProjects\QuickStart1\QuickStart.WebApiLayer\Controller\FaqsController.cs(62,47): warning CS8602: Olas─▒ bir null ba┼şvurunun ba┼şvurma i┼şlemi. [C:\Users\lunap\OneDrive\Masa├╝st├╝\MyProjects\QuickStart1\QuickStart.WebApiLayer\QuickStart.WebApiLayer.csproj]
C:\Users\lunap\OneDrive\Masa├╝st├╝\MyProjects\QuickStart1\QuickStart.WebApiLayer\Controller\NewslettersController.cs(52,13): warning CS8602: Olas─▒ bir null ba┼şvurunun ba┼şvurma i┼şlemi. [C:\Users\lunap\OneDrive\Masa├╝st├╝\MyProjects\QuickStart1\QuickStart.WebApiLayer\QuickStart.WebApiLayer.csproj]
C:\Users\lunap\OneDrive\Masa├╝st├╝\MyProjects\QuickStart1\QuickStart.WebApiLayer\Controller\NewslettersController.cs(61,54): warning CS8602: Olas─▒ bir null ba┼şvurunun ba┼şvurma i┼şlemi. [C:\Users\lunap\OneDrive\Masa├╝st├╝\MyProjects\QuickStart1\QuickStart.WebApiLayer\QuickStart.WebApiLayer.csproj]
C:\Users\lunap\OneDrive\Masa├╝st├╝\MyProjects\QuickStart1\QuickStart.WebApiLayer\Controller\PricingsController.cs(57,13): warning CS8602: Olas─▒ bir null ba┼şvurunun ba┼şvurma i┼şlemi. [C:\Users\lunap\OneDrive\Masa├╝st├╝\MyProjects\QuickStart1\QuickStart.WebApiLayer\QuickStart.WebApiLayer.csproj]
C:\Users\lunap\OneDrive\Masa├╝st├╝\MyProjects\QuickStart1\QuickStart.WebApiLayer\Controller\PricingsController.cs(66,51): warning CS8602: Olas─▒ bir null ba┼şvurunun ba┼şvurma i┼şlemi. [C:\Users\lunap\OneDrive\Masa├╝st├╝\MyProjects\QuickStart1\QuickStart.WebApiLayer\QuickStart.WebApiLayer.csproj]
C:\Users\lunap\OneDrive\Masa├╝st├╝\MyProjects\QuickStart1\QuickStart.WebApiLayer\Controller\MessagesController.cs(46,38): warning CS8604: 'EntityEntry<Message> DbSet<Message>.Remove(Message entity)' i├ğindeki 'entity' parametresi i├ğin olas─▒ null ba┼şvuru ba─ş─▒ms─▒z de─şi┼şkeni. [C:\Users\lunap\OneDrive\Masa├╝st├╝\MyProjects\QuickStart1\QuickStart.WebApiLayer\QuickStart.WebApiLayer.csproj]
C:\Users\lunap\OneDrive\Masa├╝st├╝\MyProjects\QuickStart1\QuickStart.WebApiLayer\Controller\ContactsController.cs(47,38): warning CS8604: 'EntityEntry<Contact> DbSet<Contact>.Remove(Contact entity)' i├ğindeki 'entity' parametresi i├ğin olas─▒ null ba┼şvuru ba─ş─▒ms─▒z de─şi┼şkeni. [C:\Users\lunap\OneDrive\Masa├╝st├╝\MyProjects\QuickStart1\QuickStart.WebApiLayer\QuickStart.WebApiLayer.csproj]
C:\Users\lunap\OneDrive\Masa├╝st├╝\MyProjects\QuickStart1\QuickStart.WebApiLayer\Controller\MessagesController.cs(55,13): warning CS8602: Olas─▒ bir null ba┼şvurunun ba┼şvurma i┼şlemi. [C:\Users\lunap\OneDrive\Masa├╝st├╝\MyProjects\QuickStart1\QuickStart.WebApiLayer\QuickStart.WebApiLayer.csproj]
C:\Users\lunap\OneDrive\Masa├╝st├╝\MyProjects\QuickStart1\QuickStart.WebApiLayer\Controller\ContactsController.cs(56,13): warning CS8602: Olas─▒ bir null ba┼şvurunun ba┼şvurma i┼şlemi. [C:\Users\lunap\OneDrive\Masa├╝st├╝\MyProjects\QuickStart1\QuickStart.WebApiLayer\QuickStart.WebApiLayer.csproj]
C:\Users\lunap\OneDrive\Masa├╝st├╝\MyProjects\QuickStart1\QuickStart.WebApiLayer\Controller\ContactsController.cs(65,51): warning CS8602: Olas─▒ bir null ba┼şvurunun ba┼şvurma i┼şlemi. [C:\Users\lunap\OneDrive\Masa├╝st├╝\MyProjects\QuickStart1\QuickStart.WebApiLayer\QuickStart.WebApiLayer.csproj]
C:\Users\lunap\OneDrive\Masa├╝st├╝\MyProjects\QuickStart1\QuickStart.WebApiLayer\Controller\MessagesController.cs(64,51): warning CS8602: Olas─▒ bir null ba┼şvurunun ba┼şvurma i┼şlemi. [C:\Users\lunap\OneDrive\Masa├╝st├╝\MyProjects\QuickStart1\QuickStart.WebApiLayer\QuickStart.WebApiLayer.csproj]
C:\Program Files\dotnet\sdk\10.0.201\Microsoft.Common.CurrentVersion.targets(5395,5): warning MSB3026: "C:\Users\lunap\OneDrive\Masa├╝st├╝\MyProjects\QuickStart1\QuickStart.WebApiLayer\obj\Debug\net9.0\apphost.exe", "bin\Debug\net9.0\QuickStart.WebApiLayer.exe" ├╝zerine kopyalanamad─▒. 1 numaral─▒ yeniden denemeye 1000 ms i├ğinde ba┼şlanacak. The process cannot access the file 'C:\Users\lunap\OneDrive\Masa├╝st├╝\MyProjects\QuickStart1\QuickStart.WebApiLayer\bin\Debug\net9.0\QuickStart.WebApiLayer.exe' because it is being used by another process. Dosya ┼şunun taraf─▒ndan kilitlendi: "QuickStart.WebApiLayer (33384)" [C:\Users\lunap\OneDrive\Masa├╝st├╝\MyProjects\QuickStart1\QuickStart.WebApiLayer\QuickStart.WebApiLayer.csproj]
C:\Users\lunap\OneDrive\Masa├╝st├╝\MyProjects\QuickStart1\QuickStartProject.WebUILayer\Areas\Admin\Models\News.cs(30,23): warning CS8618: Null atanamaz ├Âzellik 'topic_id', olu┼şturucudan ├ğ─▒k─▒┼ş yaparken null olmayan bir de─şer i├ğermelidir. 'Gerekli' de─şi┼ştiricisini ekleyin veya ├Âzellik de─şerini null atanabilir olarak bildirmeyi g├Âz ├Ân├╝nde bulundurun. [C:\Users\lunap\OneDrive\Masa├╝st├╝\MyProjects\QuickStart1\QuickStartProject.WebUILayer\QuickStartProject.WebUILayer.csproj]
C:\Users\lunap\OneDrive\Masa├╝st├╝\MyProjects\QuickStart1\QuickStartProject.WebUILayer\Areas\Admin\Models\News.cs(31,23): warning CS8618: Null atanamaz ├Âzellik 'topic_name', olu┼şturucudan ├ğ─▒k─▒┼ş yaparken null olmayan bir de─şer i├ğermelidir. 'Gerekli' de─şi┼ştiricisini ekleyin veya ├Âzellik de─şerini null atanabilir olarak bildirmeyi g├Âz ├Ân├╝nde bulundurun. [C:\Users\lunap\OneDrive\Masa├╝st├╝\MyProjects\QuickStart1\QuickStartProject.WebUILayer\QuickStartProject.WebUILayer.csproj]
C:\Users\lunap\OneDrive\Masa├╝st├╝\MyProjects\QuickStart1\QuickStartProject.WebUILayer\Areas\Admin\Models\News.cs(12,23): warning CS8618: Null atanamaz ├Âzellik 'article_id', olu┼şturucudan ├ğ─▒k─▒┼ş yaparken null olmayan bir de─şer i├ğermelidir. 'Gerekli' de─şi┼ştiricisini ekleyin veya ├Âzellik de─şerini null atanabilir olarak bildirmeyi g├Âz ├Ân├╝nde bulundurun. [C:\Users\lunap\OneDrive\Masa├╝st├╝\MyProjects\QuickStart1\QuickStartProject.WebUILayer\QuickStartProject.WebUILayer.csproj]
C:\Users\lunap\OneDrive\Masa├╝st├╝\MyProjects\QuickStart1\QuickStartProject.WebUILayer\Areas\Admin\Models\News.cs(13,23): warning CS8618: Null atanamaz ├Âzellik 'title', olu┼şturucudan ├ğ─▒k─▒┼ş yaparken null olmayan bir de─şer i├ğermelidir. 'Gerekli' de─şi┼ştiricisini ekleyin veya ├Âzellik de─şerini null atanabilir olarak bildirmeyi g├Âz ├Ân├╝nde bulundurun. [C:\Users\lunap\OneDrive\Masa├╝st├╝\MyProjects\QuickStart1\QuickStartProject.WebUILayer\QuickStartProject.WebUILayer.csproj]
C:\Users\lunap\OneDrive\Masa├╝st├╝\MyProjects\QuickStart1\QuickStartProject.WebUILayer\Areas\Admin\Models\News.cs(14,23): warning CS8618: Null atanamaz ├Âzellik 'link', olu┼şturucudan ├ğ─▒k─▒┼ş yaparken null olmayan bir de─şer i├ğermelidir. 'Gerekli' de─şi┼ştiricisini ekleyin veya ├Âzellik de─şerini null atanabilir olarak bildirmeyi g├Âz ├Ân├╝nde bulundurun. [C:\Users\lunap\OneDrive\Masa├╝st├╝\MyProjects\QuickStart1\QuickStartProject.WebUILayer\QuickStartProject.WebUILayer.csproj]
C:\Users\lunap\OneDrive\Masa├╝st├╝\MyProjects\QuickStart1\QuickStartProject.WebUILayer\Areas\Admin\Models\News.cs(15,23): warning CS8618: Null atanamaz ├Âzellik 'snippet', olu┼şturucudan ├ğ─▒k─▒┼ş yaparken null olmayan bir de─şer i├ğermelidir. 'Gerekli' de─şi┼ştiricisini ekleyin veya ├Âzellik de─şerini null atanabilir olarak bildirmeyi g├Âz ├Ân├╝nde bulundurun. [C:\Users\lunap\OneDrive\Masa├╝st├╝\MyProjects\QuickStart1\QuickStartProject.WebUILayer\QuickStartProject.WebUILayer.csproj]
C:\Users\lunap\OneDrive\Masa├╝st├╝\MyProjects\QuickStart1\QuickStartProject.WebUILayer\Areas\Admin\Models\News.cs(16,23): warning CS8618: Null atanamaz ├Âzellik 'photo_url', olu┼şturucudan ├ğ─▒k─▒┼ş yaparken null olmayan bir de─şer i├ğermelidir. 'Gerekli' de─şi┼ştiricisini ekleyin veya ├Âzellik de─şerini null atanabilir olarak bildirmeyi g├Âz ├Ân├╝nde bulundurun. [C:\Users\lunap\OneDrive\Masa├╝st├╝\MyProjects\QuickStart1\QuickStartProject.WebUILayer\QuickStartProject.WebUILayer.csproj]
C:\Users\lunap\OneDrive\Masa├╝st├╝\MyProjects\QuickStart1\QuickStartProject.WebUILayer\Areas\Admin\Models\News.cs(17,23): warning CS8618: Null atanamaz ├Âzellik 'thumbnail_url', olu┼şturucudan ├ğ─▒k─▒┼ş yaparken null olmayan bir de─şer i├ğermelidir. 'Gerekli' de─şi┼ştiricisini ekleyin veya ├Âzellik de─şerini null atanabilir olarak bildirmeyi g├Âz ├Ân├╝nde bulundurun. [C:\Users\lunap\OneDrive\Masa├╝st├╝\MyProjects\QuickStart1\QuickStartProject.WebUILayer\QuickStartProject.WebUILayer.csproj]
C:\Users\lunap\OneDrive\Masa├╝st├╝\MyProjects\QuickStart1\QuickStartProject.WebUILayer\Areas\Admin\Models\News.cs(19,25): warning CS8618: Null atanamaz ├Âzellik 'authors', olu┼şturucudan ├ğ─▒k─▒┼ş yaparken null olmayan bir de─şer i├ğermelidir. 'Gerekli' de─şi┼ştiricisini ekleyin veya ├Âzellik de─şerini null atanabilir olarak bildirmeyi g├Âz ├Ân├╝nde bulundurun. [C:\Users\lunap\OneDrive\Masa├╝st├╝\MyProjects\QuickStart1\QuickStartProject.WebUILayer\QuickStartProject.WebUILayer.csproj]
C:\Users\lunap\OneDrive\Masa├╝st├╝\MyProjects\QuickStart1\QuickStartProject.WebUILayer\Areas\Admin\Models\News.cs(20,23): warning CS8618: Null atanamaz ├Âzellik 'source_url', olu┼şturucudan ├ğ─▒k─▒┼ş yaparken null olmayan bir de─şer i├ğermelidir. 'Gerekli' de─şi┼ştiricisini ekleyin veya ├Âzellik de─şerini null atanabilir olarak bildirmeyi g├Âz ├Ân├╝nde bulundurun. [C:\Users\lunap\OneDrive\Masa├╝st├╝\MyProjects\QuickStart1\QuickStartProject.WebUILayer\QuickStartProject.WebUILayer.csproj]
C:\Users\lunap\OneDrive\Masa├╝st├╝\MyProjects\QuickStart1\QuickStartProject.WebUILayer\Areas\Admin\Models\News.cs(21,23): warning CS8618: Null atanamaz ├Âzellik 'source_name', olu┼şturucudan ├ğ─▒k─▒┼ş yaparken null olmayan bir de─şer i├ğermelidir. 'Gerekli' de─şi┼ştiricisini ekleyin veya ├Âzellik de─şerini null atanabilir olarak bildirmeyi g├Âz ├Ân├╝nde bulundurun. [C:\Users\lunap\OneDrive\Masa├╝st├╝\MyProjects\QuickStart1\QuickStartProject.WebUILayer\QuickStartProject.WebUILayer.csproj]
C:\Users\lunap\OneDrive\Masa├╝st├╝\MyProjects\QuickStart1\QuickStartProject.WebUILayer\Areas\Admin\Models\News.cs(22,23): warning CS8618: Null atanamaz ├Âzellik 'source_logo_url', olu┼şturucudan ├ğ─▒k─▒┼ş yaparken null olmayan bir de─şer i├ğermelidir. 'Gerekli' de─şi┼ştiricisini ekleyin veya ├Âzellik de─şerini null atanabilir olarak bildirmeyi g├Âz ├Ân├╝nde bulundurun. [C:\Users\lunap\OneDrive\Masa├╝st├╝\MyProjects\QuickStart1\QuickStartProject.WebUILayer\QuickStartProject.WebUILayer.csproj]
C:\Users\lunap\OneDrive\Masa├╝st├╝\MyProjects\QuickStart1\QuickStartProject.WebUILayer\Areas\Admin\Models\News.cs(23,23): warning CS8618: Null atanamaz ├Âzellik 'source_favicon_url', olu┼şturucudan ├ğ─▒k─▒┼ş yaparken null olmayan bir de─şer i├ğermelidir. 'Gerekli' de─şi┼ştiricisini ekleyin veya ├Âzellik de─şerini null atanabilir olarak bildirmeyi g├Âz ├Ân├╝nde bulundurun. [C:\Users\lunap\OneDrive\Masa├╝st├╝\MyProjects\QuickStart1\QuickStartProject.WebUILayer\QuickStartProject.WebUILayer.csproj]
C:\Users\lunap\OneDrive\Masa├╝st├╝\MyProjects\QuickStart1\QuickStartProject.WebUILayer\Areas\Admin\Models\News.cs(24,23): warning CS8618: Null atanamaz ├Âzellik 'source_publication_id', olu┼şturucudan ├ğ─▒k─▒┼ş yaparken null olmayan bir de─şer i├ğermelidir. 'Gerekli' de─şi┼ştiricisini ekleyin veya ├Âzellik de─şerini null atanabilir olarak bildirmeyi g├Âz ├Ân├╝nde bulundurun. [C:\Users\lunap\OneDrive\Masa├╝st├╝\MyProjects\QuickStart1\QuickStartProject.WebUILayer\QuickStartProject.WebUILayer.csproj]
C:\Users\lunap\OneDrive\Masa├╝st├╝\MyProjects\QuickStart1\QuickStartProject.WebUILayer\Areas\Admin\Models\News.cs(25,33): warning CS8618: Null atanamaz ├Âzellik 'related_topics', olu┼şturucudan ├ğ─▒k─▒┼ş yaparken null olmayan bir de─şer i├ğermelidir. 'Gerekli' de─şi┼ştiricisini ekleyin veya ├Âzellik de─şerini null atanabilir olarak bildirmeyi g├Âz ├Ân├╝nde bulundurun. [C:\Users\lunap\OneDrive\Masa├╝st├╝\MyProjects\QuickStart1\QuickStartProject.WebUILayer\QuickStartProject.WebUILayer.csproj]
C:\Users\lunap\OneDrive\Masa├╝st├╝\MyProjects\QuickStart1\QuickStartProject.WebUILayer\Areas\Admin\Models\News.cs(5,23): warning CS8618: Null atanamaz ├Âzellik 'status', olu┼şturucudan ├ğ─▒k─▒┼ş yaparken null olmayan bir de─şer i├ğermelidir. 'Gerekli' de─şi┼ştiricisini ekleyin veya ├Âzellik de─şerini null atanabilir olarak bildirmeyi g├Âz ├Ân├╝nde bulundurun. [C:\Users\lunap\OneDrive\Masa├╝st├╝\MyProjects\QuickStart1\QuickStartProject.WebUILayer\QuickStartProject.WebUILayer.csproj]
C:\Users\lunap\OneDrive\Masa├╝st├╝\MyProjects\QuickStart1\QuickStartProject.WebUILayer\Areas\Admin\Models\News.cs(6,23): warning CS8618: Null atanamaz ├Âzellik 'request_id', olu┼şturucudan ├ğ─▒k─▒┼ş yaparken null olmayan bir de─şer i├ğermelidir. 'Gerekli' de─şi┼ştiricisini ekleyin veya ├Âzellik de─şerini null atanabilir olarak bildirmeyi g├Âz ├Ân├╝nde bulundurun. [C:\Users\lunap\OneDrive\Masa├╝st├╝\MyProjects\QuickStart1\QuickStartProject.WebUILayer\QuickStartProject.WebUILayer.csproj]
C:\Users\lunap\OneDrive\Masa├╝st├╝\MyProjects\QuickStart1\QuickStartProject.WebUILayer\Areas\Admin\Models\News.cs(7,24): warning CS8618: Null atanamaz ├Âzellik 'data', olu┼şturucudan ├ğ─▒k─▒┼ş yaparken null olmayan bir de─şer i├ğermelidir. 'Gerekli' de─şi┼ştiricisini ekleyin veya ├Âzellik de─şerini null atanabilir olarak bildirmeyi g├Âz ├Ân├╝nde bulundurun. [C:\Users\lunap\OneDrive\Masa├╝st├╝\MyProjects\QuickStart1\QuickStartProject.WebUILayer\QuickStartProject.WebUILayer.csproj]
C:\Users\lunap\OneDrive\Masa├╝st├╝\MyProjects\QuickStart1\QuickStartProject.WebUILayer\Areas\Admin\Views\Dashboard\Index.cshtml(80,59): warning CS8602: Olas─▒ bir null ba┼şvurunun ba┼şvurma i┼şlemi. [C:\Users\lunap\OneDrive\Masa├╝st├╝\MyProjects\QuickStart1\QuickStartProject.WebUILayer\QuickStartProject.WebUILayer.csproj]
C:\Users\lunap\OneDrive\Masa├╝st├╝\MyProjects\QuickStart1\QuickStartProject.WebUILayer\DTOs\TestimonialDTOs\UpdateTestimonialDTO.cs(6,19): warning CS8618: Null atanamaz ├Âzellik 'Name', olu┼şturucudan ├ğ─▒k─▒┼ş yaparken null olmayan bir de─şer i├ğermelidir. 'Gerekli' de─şi┼ştiricisini ekleyin veya ├Âzellik de─şerini null atanabilir olarak bildirmeyi g├Âz ├Ân├╝nde bulundurun. [C:\Users\lunap\OneDrive\Masa├╝st├╝\MyProjects\QuickStart1\QuickStartProject.WebUILayer\QuickStartProject.WebUILayer.csproj]
C:\Users\lunap\OneDrive\Masa├╝st├╝\MyProjects\QuickStart1\QuickStartProject.WebUILayer\DTOs\TestimonialDTOs\UpdateTestimonialDTO.cs(7,19): warning CS8618: Null atanamaz ├Âzellik 'Role', olu┼şturucudan ├ğ─▒k─▒┼ş yaparken null olmayan bir de─şer i├ğermelidir. 'Gerekli' de─şi┼ştiricisini ekleyin veya ├Âzellik de─şerini null atanabilir olarak bildirmeyi g├Âz ├Ân├╝nde bulundurun. [C:\Users\lunap\OneDrive\Masa├╝st├╝\MyProjects\QuickStart1\QuickStartProject.WebUILayer\QuickStartProject.WebUILayer.csproj]
C:\Users\lunap\OneDrive\Masa├╝st├╝\MyProjects\QuickStart1\QuickStartProject.WebUILayer\DTOs\TestimonialDTOs\UpdateTestimonialDTO.cs(8,19): warning CS8618: Null atanamaz ├Âzellik 'ImageUrl', olu┼şturucudan ├ğ─▒k─▒┼ş yaparken null olmayan bir de─şer i├ğermelidir. 'Gerekli' de─şi┼ştiricisini ekleyin veya ├Âzellik de─şerini null atanabilir olarak bildirmeyi g├Âz ├Ân├╝nde bulundurun. [C:\Users\lunap\OneDrive\Masa├╝st├╝\MyProjects\QuickStart1\QuickStartProject.WebUILayer\QuickStartProject.WebUILayer.csproj]
C:\Users\lunap\OneDrive\Masa├╝st├╝\MyProjects\QuickStart1\QuickStartProject.WebUILayer\DTOs\TestimonialDTOs\UpdateTestimonialDTO.cs(9,19): warning CS8618: Null atanamaz ├Âzellik 'Content', olu┼şturucudan ├ğ─▒k─▒┼ş yaparken null olmayan bir de─şer i├ğermelidir. 'Gerekli' de─şi┼ştiricisini ekleyin veya ├Âzellik de─şerini null atanabilir olarak bildirmeyi g├Âz ├Ân├╝nde bulundurun. [C:\Users\lunap\OneDrive\Masa├╝st├╝\MyProjects\QuickStart1\QuickStartProject.WebUILayer\QuickStartProject.WebUILayer.csproj]
C:\Users\lunap\OneDrive\Masa├╝st├╝\MyProjects\QuickStart1\QuickStartProject.WebUILayer\DTOs\TestimonialDTOs\ResultTestimonialDTO.cs(6,19): warning CS8618: Null atanamaz ├Âzellik 'Name', olu┼şturucudan ├ğ─▒k─▒┼ş yaparken null olmayan bir de─şer i├ğermelidir. 'Gerekli' de─şi┼ştiricisini ekleyin veya ├Âzellik de─şerini null atanabilir olarak bildirmeyi g├Âz ├Ân├╝nde bulundurun. [C:\Users\lunap\OneDrive\Masa├╝st├╝\MyProjects\QuickStart1\QuickStartProject.WebUILayer\QuickStartProject.WebUILayer.csproj]
C:\Users\lunap\OneDrive\Masa├╝st├╝\MyProjects\QuickStart1\QuickStartProject.WebUILayer\DTOs\TestimonialDTOs\ResultTestimonialDTO.cs(7,19): warning CS8618: Null atanamaz ├Âzellik 'Role', olu┼şturucudan ├ğ─▒k─▒┼ş yaparken null olmayan bir de─şer i├ğermelidir. 'Gerekli' de─şi┼ştiricisini ekleyin veya ├Âzellik de─şerini null atanabilir olarak bildirmeyi g├Âz ├Ân├╝nde bulundurun. [C:\Users\lunap\OneDrive\Masa├╝st├╝\MyProjects\QuickStart1\QuickStartProject.WebUILayer\QuickStartProject.WebUILayer.csproj]
C:\Users\lunap\OneDrive\Masa├╝st├╝\MyProjects\QuickStart1\QuickStartProject.WebUILayer\DTOs\TestimonialDTOs\ResultTestimonialDTO.cs(8,19): warning CS8618: Null atanamaz ├Âzellik 'ImageUrl', olu┼şturucudan ├ğ─▒k─▒┼ş yaparken null olmayan bir de─şer i├ğermelidir. 'Gerekli' de─şi┼ştiricisini ekleyin veya ├Âzellik de─şerini null atanabilir olarak bildirmeyi g├Âz ├Ân├╝nde bulundurun. [C:\Users\lunap\OneDrive\Masa├╝st├╝\MyProjects\QuickStart1\QuickStartProject.WebUILayer\QuickStartProject.WebUILayer.csproj]
C:\Users\lunap\OneDrive\Masa├╝st├╝\MyProjects\QuickStart1\QuickStartProject.WebUILayer\DTOs\TestimonialDTOs\ResultTestimonialDTO.cs(9,19): warning CS8618: Null atanamaz ├Âzellik 'Content', olu┼şturucudan ├ğ─▒k─▒┼ş yaparken null olmayan bir de─şer i├ğermelidir. 'Gerekli' de─şi┼ştiricisini ekleyin veya ├Âzellik de─şerini null atanabilir olarak bildirmeyi g├Âz ├Ân├╝nde bulundurun. [C:\Users\lunap\OneDrive\Masa├╝st├╝\MyProjects\QuickStart1\QuickStartProject.WebUILayer\QuickStartProject.WebUILayer.csproj]
C:\Users\lunap\OneDrive\Masa├╝st├╝\MyProjects\QuickStart1\QuickStartProject.WebUILayer\DTOs\AboutDTOs\UpdateAboutDTO.cs(6,19): warning CS8618: Null atanamaz ├Âzellik 'Title', olu┼şturucudan ├ğ─▒k─▒┼ş yaparken null olmayan bir de─şer i├ğermelidir. 'Gerekli' de─şi┼ştiricisini ekleyin veya ├Âzellik de─şerini null atanabilir olarak bildirmeyi g├Âz ├Ân├╝nde bulundurun. [C:\Users\lunap\OneDrive\Masa├╝st├╝\MyProjects\QuickStart1\QuickStartProject.WebUILayer\QuickStartProject.WebUILayer.csproj]
C:\Users\lunap\OneDrive\Masa├╝st├╝\MyProjects\QuickStart1\QuickStartProject.WebUILayer\DTOs\AboutDTOs\UpdateAboutDTO.cs(7,19): warning CS8618: Null atanamaz ├Âzellik 'Description', olu┼şturucudan ├ğ─▒k─▒┼ş yaparken null olmayan bir de─şer i├ğermelidir. 'Gerekli' de─şi┼ştiricisini ekleyin veya ├Âzellik de─şerini null atanabilir olarak bildirmeyi g├Âz ├Ân├╝nde bulundurun. [C:\Users\lunap\OneDrive\Masa├╝st├╝\MyProjects\QuickStart1\QuickStartProject.WebUILayer\QuickStartProject.WebUILayer.csproj]
C:\Users\lunap\OneDrive\Masa├╝st├╝\MyProjects\QuickStart1\QuickStartProject.WebUILayer\DTOs\AboutDTOs\UpdateAboutDTO.cs(8,25): warning CS8618: Null atanamaz ├Âzellik 'Images', olu┼şturucudan ├ğ─▒k─▒┼ş yaparken null olmayan bir de─şer i├ğermelidir. 'Gerekli' de─şi┼ştiricisini ekleyin veya ├Âzellik de─şerini null atanabilir olarak bildirmeyi g├Âz ├Ân├╝nde bulundurun. [C:\Users\lunap\OneDrive\Masa├╝st├╝\MyProjects\QuickStart1\QuickStartProject.WebUILayer\QuickStartProject.WebUILayer.csproj]
C:\Users\lunap\OneDrive\Masa├╝st├╝\MyProjects\QuickStart1\QuickStartProject.WebUILayer\DTOs\TestimonialDTOs\CreateTestimonialDTO.cs(5,19): warning CS8618: Null atanamaz ├Âzellik 'Name', olu┼şturucudan ├ğ─▒k─▒┼ş yaparken null olmayan bir de─şer i├ğermelidir. 'Gerekli' de─şi┼ştiricisini ekleyin veya ├Âzellik de─şerini null atanabilir olarak bildirmeyi g├Âz ├Ân├╝nde bulundurun. [C:\Users\lunap\OneDrive\Masa├╝st├╝\MyProjects\QuickStart1\QuickStartProject.WebUILayer\QuickStartProject.WebUILayer.csproj]
C:\Users\lunap\OneDrive\Masa├╝st├╝\MyProjects\QuickStart1\QuickStartProject.WebUILayer\DTOs\TestimonialDTOs\CreateTestimonialDTO.cs(6,19): warning CS8618: Null atanamaz ├Âzellik 'Role', olu┼şturucudan ├ğ─▒k─▒┼ş yaparken null olmayan bir de─şer i├ğermelidir. 'Gerekli' de─şi┼ştiricisini ekleyin veya ├Âzellik de─şerini null atanabilir olarak bildirmeyi g├Âz ├Ân├╝nde bulundurun. [C:\Users\lunap\OneDrive\Masa├╝st├╝\MyProjects\QuickStart1\QuickStartProject.WebUILayer\QuickStartProject.WebUILayer.csproj]
C:\Users\lunap\OneDrive\Masa├╝st├╝\MyProjects\QuickStart1\QuickStartProject.WebUILayer\DTOs\TestimonialDTOs\CreateTestimonialDTO.cs(7,19): warning CS8618: Null atanamaz ├Âzellik 'ImageUrl', olu┼şturucudan ├ğ─▒k─▒┼ş yaparken null olmayan bir de─şer i├ğermelidir. 'Gerekli' de─şi┼ştiricisini ekleyin veya ├Âzellik de─şerini null atanabilir olarak bildirmeyi g├Âz ├Ân├╝nde bulundurun. [C:\Users\lunap\OneDrive\Masa├╝st├╝\MyProjects\QuickStart1\QuickStartProject.WebUILayer\QuickStartProject.WebUILayer.csproj]
C:\Users\lunap\OneDrive\Masa├╝st├╝\MyProjects\QuickStart1\QuickStartProject.WebUILayer\DTOs\TestimonialDTOs\CreateTestimonialDTO.cs(8,19): warning CS8618: Null atanamaz ├Âzellik 'Content', olu┼şturucudan ├ğ─▒k─▒┼ş yaparken null olmayan bir de─şer i├ğermelidir. 'Gerekli' de─şi┼ştiricisini ekleyin veya ├Âzellik de─şerini null atanabilir olarak bildirmeyi g├Âz ├Ân├╝nde bulundurun. [C:\Users\lunap\OneDrive\Masa├╝st├╝\MyProjects\QuickStart1\QuickStartProject.WebUILayer\QuickStartProject.WebUILayer.csproj]
C:\Users\lunap\OneDrive\Masa├╝st├╝\MyProjects\QuickStart1\QuickStartProject.WebUILayer\DTOs\AboutDTOs\ResultAboutDTO.cs(6,19): warning CS8618: Null atanamaz ├Âzellik 'Title', olu┼şturucudan ├ğ─▒k─▒┼ş yaparken null olmayan bir de─şer i├ğermelidir. 'Gerekli' de─şi┼ştiricisini ekleyin veya ├Âzellik de─şerini null atanabilir olarak bildirmeyi g├Âz ├Ân├╝nde bulundurun. [C:\Users\lunap\OneDrive\Masa├╝st├╝\MyProjects\QuickStart1\QuickStartProject.WebUILayer\QuickStartProject.WebUILayer.csproj]
C:\Users\lunap\OneDrive\Masa├╝st├╝\MyProjects\QuickStart1\QuickStartProject.WebUILayer\DTOs\AboutDTOs\ResultAboutDTO.cs(7,19): warning CS8618: Null atanamaz ├Âzellik 'Description', olu┼şturucudan ├ğ─▒k─▒┼ş yaparken null olmayan bir de─şer i├ğermelidir. 'Gerekli' de─şi┼ştiricisini ekleyin veya ├Âzellik de─şerini null atanabilir olarak bildirmeyi g├Âz ├Ân├╝nde bulundurun. [C:\Users\lunap\OneDrive\Masa├╝st├╝\MyProjects\QuickStart1\QuickStartProject.WebUILayer\QuickStartProject.WebUILayer.csproj]
C:\Users\lunap\OneDrive\Masa├╝st├╝\MyProjects\QuickStart1\QuickStartProject.WebUILayer\DTOs\AboutDTOs\ResultAboutDTO.cs(8,25): warning CS8618: Null atanamaz ├Âzellik 'Images', olu┼şturucudan ├ğ─▒k─▒┼ş yaparken null olmayan bir de─şer i├ğermelidir. 'Gerekli' de─şi┼ştiricisini ekleyin veya ├Âzellik de─şerini null atanabilir olarak bildirmeyi g├Âz ├Ân├╝nde bulundurun. [C:\Users\lunap\OneDrive\Masa├╝st├╝\MyProjects\QuickStart1\QuickStartProject.WebUILayer\QuickStartProject.WebUILayer.csproj]
C:\Users\lunap\OneDrive\Masa├╝st├╝\MyProjects\QuickStart1\QuickStartProject.WebUILayer\DTOs\ContactDTOs\UpdateContactDTO.cs(6,19): warning CS8618: Null atanamaz ├Âzellik 'Title', olu┼şturucudan ├ğ─▒k─▒┼ş yaparken null olmayan bir de─şer i├ğermelidir. 'Gerekli' de─şi┼ştiricisini ekleyin veya ├Âzellik de─şerini null atanabilir olarak bildirmeyi g├Âz ├Ân├╝nde bulundurun. [C:\Users\lunap\OneDrive\Masa├╝st├╝\MyProjects\QuickStart1\QuickStartProject.WebUILayer\QuickStartProject.WebUILayer.csproj]
C:\Users\lunap\OneDrive\Masa├╝st├╝\MyProjects\QuickStart1\QuickStartProject.WebUILayer\DTOs\ContactDTOs\UpdateContactDTO.cs(7,19): warning CS8618: Null atanamaz ├Âzellik 'Description', olu┼şturucudan ├ğ─▒k─▒┼ş yaparken null olmayan bir de─şer i├ğermelidir. 'Gerekli' de─şi┼ştiricisini ekleyin veya ├Âzellik de─şerini null atanabilir olarak bildirmeyi g├Âz ├Ân├╝nde bulundurun. [C:\Users\lunap\OneDrive\Masa├╝st├╝\MyProjects\QuickStart1\QuickStartProject.WebUILayer\QuickStartProject.WebUILayer.csproj]
C:\Users\lunap\OneDrive\Masa├╝st├╝\MyProjects\QuickStart1\QuickStartProject.WebUILayer\DTOs\ContactDTOs\UpdateContactDTO.cs(8,19): warning CS8618: Null atanamaz ├Âzellik 'Address', olu┼şturucudan ├ğ─▒k─▒┼ş yaparken null olmayan bir de─şer i├ğermelidir. 'Gerekli' de─şi┼ştiricisini ekleyin veya ├Âzellik de─şerini null atanabilir olarak bildirmeyi g├Âz ├Ân├╝nde bulundurun. [C:\Users\lunap\OneDrive\Masa├╝st├╝\MyProjects\QuickStart1\QuickStartProject.WebUILayer\QuickStartProject.WebUILayer.csproj]
C:\Users\lunap\OneDrive\Masa├╝st├╝\MyProjects\QuickStart1\QuickStartProject.WebUILayer\DTOs\ContactDTOs\UpdateContactDTO.cs(9,19): warning CS8618: Null atanamaz ├Âzellik 'Phone', olu┼şturucudan ├ğ─▒k─▒┼ş yaparken null olmayan bir de─şer i├ğermelidir. 'Gerekli' de─şi┼ştiricisini ekleyin veya ├Âzellik de─şerini null atanabilir olarak bildirmeyi g├Âz ├Ân├╝nde bulundurun. [C:\Users\lunap\OneDrive\Masa├╝st├╝\MyProjects\QuickStart1\QuickStartProject.WebUILayer\QuickStartProject.WebUILayer.csproj]
C:\Users\lunap\OneDrive\Masa├╝st├╝\MyProjects\QuickStart1\QuickStartProject.WebUILayer\DTOs\ContactDTOs\UpdateContactDTO.cs(10,19): warning CS8618: Null atanamaz ├Âzellik 'Email', olu┼şturucudan ├ğ─▒k─▒┼ş yaparken null olmayan bir de─şer i├ğermelidir. 'Gerekli' de─şi┼ştiricisini ekleyin veya ├Âzellik de─şerini null atanabilir olarak bildirmeyi g├Âz ├Ân├╝nde bulundurun. [C:\Users\lunap\OneDrive\Masa├╝st├╝\MyProjects\QuickStart1\QuickStartProject.WebUILayer\QuickStartProject.WebUILayer.csproj]
C:\Users\lunap\OneDrive\Masa├╝st├╝\MyProjects\QuickStart1\QuickStartProject.WebUILayer\DTOs\AboutDTOs\CreateAboutDTO.cs(5,19): warning CS8618: Null atanamaz ├Âzellik 'Title', olu┼şturucudan ├ğ─▒k─▒┼ş yaparken null olmayan bir de─şer i├ğermelidir. 'Gerekli' de─şi┼ştiricisini ekleyin veya ├Âzellik de─şerini null atanabilir olarak bildirmeyi g├Âz ├Ân├╝nde bulundurun. [C:\Users\lunap\OneDrive\Masa├╝st├╝\MyProjects\QuickStart1\QuickStartProject.WebUILayer\QuickStartProject.WebUILayer.csproj]
C:\Users\lunap\OneDrive\Masa├╝st├╝\MyProjects\QuickStart1\QuickStartProject.WebUILayer\DTOs\AboutDTOs\CreateAboutDTO.cs(6,19): warning CS8618: Null atanamaz ├Âzellik 'Description', olu┼şturucudan ├ğ─▒k─▒┼ş yaparken null olmayan bir de─şer i├ğermelidir. 'Gerekli' de─şi┼ştiricisini ekleyin veya ├Âzellik de─şerini null atanabilir olarak bildirmeyi g├Âz ├Ân├╝nde bulundurun. [C:\Users\lunap\OneDrive\Masa├╝st├╝\MyProjects\QuickStart1\QuickStartProject.WebUILayer\QuickStartProject.WebUILayer.csproj]
C:\Users\lunap\OneDrive\Masa├╝st├╝\MyProjects\QuickStart1\QuickStartProject.WebUILayer\DTOs\AboutDTOs\CreateAboutDTO.cs(7,25): warning CS8618: Null atanamaz ├Âzellik 'Images', olu┼şturucudan ├ğ─▒k─▒┼ş yaparken null olmayan bir de─şer i├ğermelidir. 'Gerekli' de─şi┼ştiricisini ekleyin veya ├Âzellik de─şerini null atanabilir olarak bildirmeyi g├Âz ├Ân├╝nde bulundurun. [C:\Users\lunap\OneDrive\Masa├╝st├╝\MyProjects\QuickStart1\QuickStartProject.WebUILayer\QuickStartProject.WebUILayer.csproj]
C:\Users\lunap\OneDrive\Masa├╝st├╝\MyProjects\QuickStart1\QuickStartProject.WebUILayer\DTOs\ServiceDTOs\UpdateServiceDTO.cs(6,19): warning CS8618: Null atanamaz ├Âzellik 'Icon', olu┼şturucudan ├ğ─▒k─▒┼ş yaparken null olmayan bir de─şer i├ğermelidir. 'Gerekli' de─şi┼ştiricisini ekleyin veya ├Âzellik de─şerini null atanabilir olarak bildirmeyi g├Âz ├Ân├╝nde bulundurun. [C:\Users\lunap\OneDrive\Masa├╝st├╝\MyProjects\QuickStart1\QuickStartProject.WebUILayer\QuickStartProject.WebUILayer.csproj]
C:\Users\lunap\OneDrive\Masa├╝st├╝\MyProjects\QuickStart1\QuickStartProject.WebUILayer\DTOs\ServiceDTOs\UpdateServiceDTO.cs(7,19): warning CS8618: Null atanamaz ├Âzellik 'Title', olu┼şturucudan ├ğ─▒k─▒┼ş yaparken null olmayan bir de─şer i├ğermelidir. 'Gerekli' de─şi┼ştiricisini ekleyin veya ├Âzellik de─şerini null atanabilir olarak bildirmeyi g├Âz ├Ân├╝nde bulundurun. [C:\Users\lunap\OneDrive\Masa├╝st├╝\MyProjects\QuickStart1\QuickStartProject.WebUILayer\QuickStartProject.WebUILayer.csproj]
C:\Users\lunap\OneDrive\Masa├╝st├╝\MyProjects\QuickStart1\QuickStartProject.WebUILayer\DTOs\ServiceDTOs\UpdateServiceDTO.cs(8,19): warning CS8618: Null atanamaz ├Âzellik 'Description', olu┼şturucudan ├ğ─▒k─▒┼ş yaparken null olmayan bir de─şer i├ğermelidir. 'Gerekli' de─şi┼ştiricisini ekleyin veya ├Âzellik de─şerini null atanabilir olarak bildirmeyi g├Âz ├Ân├╝nde bulundurun. [C:\Users\lunap\OneDrive\Masa├╝st├╝\MyProjects\QuickStart1\QuickStartProject.WebUILayer\QuickStartProject.WebUILayer.csproj]
C:\Users\lunap\OneDrive\Masa├╝st├╝\MyProjects\QuickStart1\QuickStartProject.WebUILayer\DTOs\ContactDTOs\ResultContactDTO.cs(6,19): warning CS8618: Null atanamaz ├Âzellik 'Title', olu┼şturucudan ├ğ─▒k─▒┼ş yaparken null olmayan bir de─şer i├ğermelidir. 'Gerekli' de─şi┼ştiricisini ekleyin veya ├Âzellik de─şerini null atanabilir olarak bildirmeyi g├Âz ├Ân├╝nde bulundurun. [C:\Users\lunap\OneDrive\Masa├╝st├╝\MyProjects\QuickStart1\QuickStartProject.WebUILayer\QuickStartProject.WebUILayer.csproj]
C:\Users\lunap\OneDrive\Masa├╝st├╝\MyProjects\QuickStart1\QuickStartProject.WebUILayer\DTOs\ContactDTOs\ResultContactDTO.cs(7,19): warning CS8618: Null atanamaz ├Âzellik 'Description', olu┼şturucudan ├ğ─▒k─▒┼ş yaparken null olmayan bir de─şer i├ğermelidir. 'Gerekli' de─şi┼ştiricisini ekleyin veya ├Âzellik de─şerini null atanabilir olarak bildirmeyi g├Âz ├Ân├╝nde bulundurun. [C:\Users\lunap\OneDrive\Masa├╝st├╝\MyProjects\QuickStart1\QuickStartProject.WebUILayer\QuickStartProject.WebUILayer.csproj]
C:\Users\lunap\OneDrive\Masa├╝st├╝\MyProjects\QuickStart1\QuickStartProject.WebUILayer\DTOs\ContactDTOs\ResultContactDTO.cs(8,19): warning CS8618: Null atanamaz ├Âzellik 'Address', olu┼şturucudan ├ğ─▒k─▒┼ş yaparken null olmayan bir de─şer i├ğermelidir. 'Gerekli' de─şi┼ştiricisini ekleyin veya ├Âzellik de─şerini null atanabilir olarak bildirmeyi g├Âz ├Ân├╝nde bulundurun. [C:\Users\lunap\OneDrive\Masa├╝st├╝\MyProjects\QuickStart1\QuickStartProject.WebUILayer\QuickStartProject.WebUILayer.csproj]
C:\Users\lunap\OneDrive\Masa├╝st├╝\MyProjects\QuickStart1\QuickStartProject.WebUILayer\DTOs\ContactDTOs\ResultContactDTO.cs(9,19): warning CS8618: Null atanamaz ├Âzellik 'Phone', olu┼şturucudan ├ğ─▒k─▒┼ş yaparken null olmayan bir de─şer i├ğermelidir. 'Gerekli' de─şi┼ştiricisini ekleyin veya ├Âzellik de─şerini null atanabilir olarak bildirmeyi g├Âz ├Ân├╝nde bulundurun. [C:\Users\lunap\OneDrive\Masa├╝st├╝\MyProjects\QuickStart1\QuickStartProject.WebUILayer\QuickStartProject.WebUILayer.csproj]
C:\Users\lunap\OneDrive\Masa├╝st├╝\MyProjects\QuickStart1\QuickStartProject.WebUILayer\DTOs\ContactDTOs\ResultContactDTO.cs(10,19): warning CS8618: Null atanamaz ├Âzellik 'Email', olu┼şturucudan ├ğ─▒k─▒┼ş yaparken null olmayan bir de─şer i├ğermelidir. 'Gerekli' de─şi┼ştiricisini ekleyin veya ├Âzellik de─şerini null atanabilir olarak bildirmeyi g├Âz ├Ân├╝nde bulundurun. [C:\Users\lunap\OneDrive\Masa├╝st├╝\MyProjects\QuickStart1\QuickStartProject.WebUILayer\QuickStartProject.WebUILayer.csproj]
C:\Users\lunap\OneDrive\Masa├╝st├╝\MyProjects\QuickStart1\QuickStartProject.WebUILayer\DTOs\FaqDTOs\UpdateFaqDTO.cs(6,19): warning CS8618: Null atanamaz ├Âzellik 'Question', olu┼şturucudan ├ğ─▒k─▒┼ş yaparken null olmayan bir de─şer i├ğermelidir. 'Gerekli' de─şi┼ştiricisini ekleyin veya ├Âzellik de─şerini null atanabilir olarak bildirmeyi g├Âz ├Ân├╝nde bulundurun. [C:\Users\lunap\OneDrive\Masa├╝st├╝\MyProjects\QuickStart1\QuickStartProject.WebUILayer\QuickStartProject.WebUILayer.csproj]
C:\Users\lunap\OneDrive\Masa├╝st├╝\MyProjects\QuickStart1\QuickStartProject.WebUILayer\DTOs\FaqDTOs\UpdateFaqDTO.cs(7,19): warning CS8618: Null atanamaz ├Âzellik 'Answer', olu┼şturucudan ├ğ─▒k─▒┼ş yaparken null olmayan bir de─şer i├ğermelidir. 'Gerekli' de─şi┼ştiricisini ekleyin veya ├Âzellik de─şerini null atanabilir olarak bildirmeyi g├Âz ├Ân├╝nde bulundurun. [C:\Users\lunap\OneDrive\Masa├╝st├╝\MyProjects\QuickStart1\QuickStartProject.WebUILayer\QuickStartProject.WebUILayer.csproj]
C:\Users\lunap\OneDrive\Masa├╝st├╝\MyProjects\QuickStart1\QuickStartProject.WebUILayer\DTOs\ServiceDTOs\ResultServiceDTO.cs(6,19): warning CS8618: Null atanamaz ├Âzellik 'Icon', olu┼şturucudan ├ğ─▒k─▒┼ş yaparken null olmayan bir de─şer i├ğermelidir. 'Gerekli' de─şi┼ştiricisini ekleyin veya ├Âzellik de─şerini null atanabilir olarak bildirmeyi g├Âz ├Ân├╝nde bulundurun. [C:\Users\lunap\OneDrive\Masa├╝st├╝\MyProjects\QuickStart1\QuickStartProject.WebUILayer\QuickStartProject.WebUILayer.csproj]
C:\Users\lunap\OneDrive\Masa├╝st├╝\MyProjects\QuickStart1\QuickStartProject.WebUILayer\DTOs\ServiceDTOs\ResultServiceDTO.cs(7,19): warning CS8618: Null atanamaz ├Âzellik 'Title', olu┼şturucudan ├ğ─▒k─▒┼ş yaparken null olmayan bir de─şer i├ğermelidir. 'Gerekli' de─şi┼ştiricisini ekleyin veya ├Âzellik de─şerini null atanabilir olarak bildirmeyi g├Âz ├Ân├╝nde bulundurun. [C:\Users\lunap\OneDrive\Masa├╝st├╝\MyProjects\QuickStart1\QuickStartProject.WebUILayer\QuickStartProject.WebUILayer.csproj]
C:\Users\lunap\OneDrive\Masa├╝st├╝\MyProjects\QuickStart1\QuickStartProject.WebUILayer\DTOs\ServiceDTOs\ResultServiceDTO.cs(8,19): warning CS8618: Null atanamaz ├Âzellik 'Description', olu┼şturucudan ├ğ─▒k─▒┼ş yaparken null olmayan bir de─şer i├ğermelidir. 'Gerekli' de─şi┼ştiricisini ekleyin veya ├Âzellik de─şerini null atanabilir olarak bildirmeyi g├Âz ├Ân├╝nde bulundurun. [C:\Users\lunap\OneDrive\Masa├╝st├╝\MyProjects\QuickStart1\QuickStartProject.WebUILayer\QuickStartProject.WebUILayer.csproj]
C:\Users\lunap\OneDrive\Masa├╝st├╝\MyProjects\QuickStart1\QuickStartProject.WebUILayer\DTOs\FaqDTOs\ResultFaqDTO.cs(6,19): warning CS8618: Null atanamaz ├Âzellik 'Question', olu┼şturucudan ├ğ─▒k─▒┼ş yaparken null olmayan bir de─şer i├ğermelidir. 'Gerekli' de─şi┼ştiricisini ekleyin veya ├Âzellik de─şerini null atanabilir olarak bildirmeyi g├Âz ├Ân├╝nde bulundurun. [C:\Users\lunap\OneDrive\Masa├╝st├╝\MyProjects\QuickStart1\QuickStartProject.WebUILayer\QuickStartProject.WebUILayer.csproj]
C:\Users\lunap\OneDrive\Masa├╝st├╝\MyProjects\QuickStart1\QuickStartProject.WebUILayer\DTOs\FaqDTOs\ResultFaqDTO.cs(7,19): warning CS8618: Null atanamaz ├Âzellik 'Answer', olu┼şturucudan ├ğ─▒k─▒┼ş yaparken null olmayan bir de─şer i├ğermelidir. 'Gerekli' de─şi┼ştiricisini ekleyin veya ├Âzellik de─şerini null atanabilir olarak bildirmeyi g├Âz ├Ân├╝nde bulundurun. [C:\Users\lunap\OneDrive\Masa├╝st├╝\MyProjects\QuickStart1\QuickStartProject.WebUILayer\QuickStartProject.WebUILayer.csproj]
C:\Users\lunap\OneDrive\Masa├╝st├╝\MyProjects\QuickStart1\QuickStartProject.WebUILayer\DTOs\ServiceDTOs\CreateServiceDTO.cs(5,19): warning CS8618: Null atanamaz ├Âzellik 'Icon', olu┼şturucudan ├ğ─▒k─▒┼ş yaparken null olmayan bir de─şer i├ğermelidir. 'Gerekli' de─şi┼ştiricisini ekleyin veya ├Âzellik de─şerini null atanabilir olarak bildirmeyi g├Âz ├Ân├╝nde bulundurun. [C:\Users\lunap\OneDrive\Masa├╝st├╝\MyProjects\QuickStart1\QuickStartProject.WebUILayer\QuickStartProject.WebUILayer.csproj]
C:\Users\lunap\OneDrive\Masa├╝st├╝\MyProjects\QuickStart1\QuickStartProject.WebUILayer\DTOs\ServiceDTOs\CreateServiceDTO.cs(6,19): warning CS8618: Null atanamaz ├Âzellik 'Title', olu┼şturucudan ├ğ─▒k─▒┼ş yaparken null olmayan bir de─şer i├ğermelidir. 'Gerekli' de─şi┼ştiricisini ekleyin veya ├Âzellik de─şerini null atanabilir olarak bildirmeyi g├Âz ├Ân├╝nde bulundurun. [C:\Users\lunap\OneDrive\Masa├╝st├╝\MyProjects\QuickStart1\QuickStartProject.WebUILayer\QuickStartProject.WebUILayer.csproj]
C:\Users\lunap\OneDrive\Masa├╝st├╝\MyProjects\QuickStart1\QuickStartProject.WebUILayer\DTOs\ServiceDTOs\CreateServiceDTO.cs(7,19): warning CS8618: Null atanamaz ├Âzellik 'Description', olu┼şturucudan ├ğ─▒k─▒┼ş yaparken null olmayan bir de─şer i├ğermelidir. 'Gerekli' de─şi┼ştiricisini ekleyin veya ├Âzellik de─şerini null atanabilir olarak bildirmeyi g├Âz ├Ân├╝nde bulundurun. [C:\Users\lunap\OneDrive\Masa├╝st├╝\MyProjects\QuickStart1\QuickStartProject.WebUILayer\QuickStartProject.WebUILayer.csproj]
C:\Users\lunap\OneDrive\Masa├╝st├╝\MyProjects\QuickStart1\QuickStartProject.WebUILayer\DTOs\FaqDTOs\CreateFaqDTO.cs(5,19): warning CS8618: Null atanamaz ├Âzellik 'Question', olu┼şturucudan ├ğ─▒k─▒┼ş yaparken null olmayan bir de─şer i├ğermelidir. 'Gerekli' de─şi┼ştiricisini ekleyin veya ├Âzellik de─şerini null atanabilir olarak bildirmeyi g├Âz ├Ân├╝nde bulundurun. [C:\Users\lunap\OneDrive\Masa├╝st├╝\MyProjects\QuickStart1\QuickStartProject.WebUILayer\QuickStartProject.WebUILayer.csproj]
C:\Users\lunap\OneDrive\Masa├╝st├╝\MyProjects\QuickStart1\QuickStartProject.WebUILayer\DTOs\FaqDTOs\CreateFaqDTO.cs(6,19): warning CS8618: Null atanamaz ├Âzellik 'Answer', olu┼şturucudan ├ğ─▒k─▒┼ş yaparken null olmayan bir de─şer i├ğermelidir. 'Gerekli' de─şi┼ştiricisini ekleyin veya ├Âzellik de─şerini null atanabilir olarak bildirmeyi g├Âz ├Ân├╝nde bulundurun. [C:\Users\lunap\OneDrive\Masa├╝st├╝\MyProjects\QuickStart1\QuickStartProject.WebUILayer\QuickStartProject.WebUILayer.csproj]
C:\Users\lunap\OneDrive\Masa├╝st├╝\MyProjects\QuickStart1\QuickStartProject.WebUILayer\DTOs\FeaturedServiceDTOs\UpdateFeaturedServiceDTO.cs(6,19): warning CS8618: Null atanamaz ├Âzellik 'Icon', olu┼şturucudan ├ğ─▒k─▒┼ş yaparken null olmayan bir de─şer i├ğermelidir. 'Gerekli' de─şi┼ştiricisini ekleyin veya ├Âzellik de─şerini null atanabilir olarak bildirmeyi g├Âz ├Ân├╝nde bulundurun. [C:\Users\lunap\OneDrive\Masa├╝st├╝\MyProjects\QuickStart1\QuickStartProject.WebUILayer\QuickStartProject.WebUILayer.csproj]
C:\Users\lunap\OneDrive\Masa├╝st├╝\MyProjects\QuickStart1\QuickStartProject.WebUILayer\DTOs\FeaturedServiceDTOs\UpdateFeaturedServiceDTO.cs(7,19): warning CS8618: Null atanamaz ├Âzellik 'Title', olu┼şturucudan ├ğ─▒k─▒┼ş yaparken null olmayan bir de─şer i├ğermelidir. 'Gerekli' de─şi┼ştiricisini ekleyin veya ├Âzellik de─şerini null atanabilir olarak bildirmeyi g├Âz ├Ân├╝nde bulundurun. [C:\Users\lunap\OneDrive\Masa├╝st├╝\MyProjects\QuickStart1\QuickStartProject.WebUILayer\QuickStartProject.WebUILayer.csproj]
C:\Users\lunap\OneDrive\Masa├╝st├╝\MyProjects\QuickStart1\QuickStartProject.WebUILayer\DTOs\FeaturedServiceDTOs\UpdateFeaturedServiceDTO.cs(8,19): warning CS8618: Null atanamaz ├Âzellik 'Description', olu┼şturucudan ├ğ─▒k─▒┼ş yaparken null olmayan bir de─şer i├ğermelidir. 'Gerekli' de─şi┼ştiricisini ekleyin veya ├Âzellik de─şerini null atanabilir olarak bildirmeyi g├Âz ├Ân├╝nde bulundurun. [C:\Users\lunap\OneDrive\Masa├╝st├╝\MyProjects\QuickStart1\QuickStartProject.WebUILayer\QuickStartProject.WebUILayer.csproj]
C:\Users\lunap\OneDrive\Masa├╝st├╝\MyProjects\QuickStart1\QuickStartProject.WebUILayer\DTOs\PricingDTOs\UpdatePricingDTO.cs(6,19): warning CS8618: Null atanamaz ├Âzellik 'Name', olu┼şturucudan ├ğ─▒k─▒┼ş yaparken null olmayan bir de─şer i├ğermelidir. 'Gerekli' de─şi┼ştiricisini ekleyin veya ├Âzellik de─şerini null atanabilir olarak bildirmeyi g├Âz ├Ân├╝nde bulundurun. [C:\Users\lunap\OneDrive\Masa├╝st├╝\MyProjects\QuickStart1\QuickStartProject.WebUILayer\QuickStartProject.WebUILayer.csproj]
C:\Users\lunap\OneDrive\Masa├╝st├╝\MyProjects\QuickStart1\QuickStartProject.WebUILayer\DTOs\PricingDTOs\UpdatePricingDTO.cs(7,19): warning CS8618: Null atanamaz ├Âzellik 'Description', olu┼şturucudan ├ğ─▒k─▒┼ş yaparken null olmayan bir de─şer i├ğermelidir. 'Gerekli' de─şi┼ştiricisini ekleyin veya ├Âzellik de─şerini null atanabilir olarak bildirmeyi g├Âz ├Ân├╝nde bulundurun. [C:\Users\lunap\OneDrive\Masa├╝st├╝\MyProjects\QuickStart1\QuickStartProject.WebUILayer\QuickStartProject.WebUILayer.csproj]
C:\Users\lunap\OneDrive\Masa├╝st├╝\MyProjects\QuickStart1\QuickStartProject.WebUILayer\DTOs\PricingDTOs\UpdatePricingDTO.cs(8,19): warning CS8618: Null atanamaz ├Âzellik 'Price', olu┼şturucudan ├ğ─▒k─▒┼ş yaparken null olmayan bir de─şer i├ğermelidir. 'Gerekli' de─şi┼ştiricisini ekleyin veya ├Âzellik de─şerini null atanabilir olarak bildirmeyi g├Âz ├Ân├╝nde bulundurun. [C:\Users\lunap\OneDrive\Masa├╝st├╝\MyProjects\QuickStart1\QuickStartProject.WebUILayer\QuickStartProject.WebUILayer.csproj]
C:\Users\lunap\OneDrive\Masa├╝st├╝\MyProjects\QuickStart1\QuickStartProject.WebUILayer\DTOs\PricingDTOs\UpdatePricingDTO.cs(9,19): warning CS8618: Null atanamaz ├Âzellik 'Period', olu┼şturucudan ├ğ─▒k─▒┼ş yaparken null olmayan bir de─şer i├ğermelidir. 'Gerekli' de─şi┼ştiricisini ekleyin veya ├Âzellik de─şerini null atanabilir olarak bildirmeyi g├Âz ├Ân├╝nde bulundurun. [C:\Users\lunap\OneDrive\Masa├╝st├╝\MyProjects\QuickStart1\QuickStartProject.WebUILayer\QuickStartProject.WebUILayer.csproj]
C:\Users\lunap\OneDrive\Masa├╝st├╝\MyProjects\QuickStart1\QuickStartProject.WebUILayer\DTOs\PricingDTOs\UpdatePricingDTO.cs(11,25): warning CS8618: Null atanamaz ├Âzellik 'Features', olu┼şturucudan ├ğ─▒k─▒┼ş yaparken null olmayan bir de─şer i├ğermelidir. 'Gerekli' de─şi┼ştiricisini ekleyin veya ├Âzellik de─şerini null atanabilir olarak bildirmeyi g├Âz ├Ân├╝nde bulundurun. [C:\Users\lunap\OneDrive\Masa├╝st├╝\MyProjects\QuickStart1\QuickStartProject.WebUILayer\QuickStartProject.WebUILayer.csproj]
C:\Users\lunap\OneDrive\Masa├╝st├╝\MyProjects\QuickStart1\QuickStartProject.WebUILayer\DTOs\FeaturedServiceDTOs\ResultFeaturedServiceDTO.cs(6,19): warning CS8618: Null atanamaz ├Âzellik 'Icon', olu┼şturucudan ├ğ─▒k─▒┼ş yaparken null olmayan bir de─şer i├ğermelidir. 'Gerekli' de─şi┼ştiricisini ekleyin veya ├Âzellik de─şerini null atanabilir olarak bildirmeyi g├Âz ├Ân├╝nde bulundurun. [C:\Users\lunap\OneDrive\Masa├╝st├╝\MyProjects\QuickStart1\QuickStartProject.WebUILayer\QuickStartProject.WebUILayer.csproj]
C:\Users\lunap\OneDrive\Masa├╝st├╝\MyProjects\QuickStart1\QuickStartProject.WebUILayer\DTOs\FeaturedServiceDTOs\ResultFeaturedServiceDTO.cs(7,19): warning CS8618: Null atanamaz ├Âzellik 'Title', olu┼şturucudan ├ğ─▒k─▒┼ş yaparken null olmayan bir de─şer i├ğermelidir. 'Gerekli' de─şi┼ştiricisini ekleyin veya ├Âzellik de─şerini null atanabilir olarak bildirmeyi g├Âz ├Ân├╝nde bulundurun. [C:\Users\lunap\OneDrive\Masa├╝st├╝\MyProjects\QuickStart1\QuickStartProject.WebUILayer\QuickStartProject.WebUILayer.csproj]
C:\Users\lunap\OneDrive\Masa├╝st├╝\MyProjects\QuickStart1\QuickStartProject.WebUILayer\DTOs\FeaturedServiceDTOs\ResultFeaturedServiceDTO.cs(8,19): warning CS8618: Null atanamaz ├Âzellik 'Description', olu┼şturucudan ├ğ─▒k─▒┼ş yaparken null olmayan bir de─şer i├ğermelidir. 'Gerekli' de─şi┼ştiricisini ekleyin veya ├Âzellik de─şerini null atanabilir olarak bildirmeyi g├Âz ├Ân├╝nde bulundurun. [C:\Users\lunap\OneDrive\Masa├╝st├╝\MyProjects\QuickStart1\QuickStartProject.WebUILayer\QuickStartProject.WebUILayer.csproj]
C:\Users\lunap\OneDrive\Masa├╝st├╝\MyProjects\QuickStart1\QuickStartProject.WebUILayer\DTOs\PricingDTOs\ResultPricingDTO.cs(6,19): warning CS8618: Null atanamaz ├Âzellik 'Name', olu┼şturucudan ├ğ─▒k─▒┼ş yaparken null olmayan bir de─şer i├ğermelidir. 'Gerekli' de─şi┼ştiricisini ekleyin veya ├Âzellik de─şerini null atanabilir olarak bildirmeyi g├Âz ├Ân├╝nde bulundurun. [C:\Users\lunap\OneDrive\Masa├╝st├╝\MyProjects\QuickStart1\QuickStartProject.WebUILayer\QuickStartProject.WebUILayer.csproj]
C:\Users\lunap\OneDrive\Masa├╝st├╝\MyProjects\QuickStart1\QuickStartProject.WebUILayer\DTOs\PricingDTOs\ResultPricingDTO.cs(7,19): warning CS8618: Null atanamaz ├Âzellik 'Description', olu┼şturucudan ├ğ─▒k─▒┼ş yaparken null olmayan bir de─şer i├ğermelidir. 'Gerekli' de─şi┼ştiricisini ekleyin veya ├Âzellik de─şerini null atanabilir olarak bildirmeyi g├Âz ├Ân├╝nde bulundurun. [C:\Users\lunap\OneDrive\Masa├╝st├╝\MyProjects\QuickStart1\QuickStartProject.WebUILayer\QuickStartProject.WebUILayer.csproj]
C:\Users\lunap\OneDrive\Masa├╝st├╝\MyProjects\QuickStart1\QuickStartProject.WebUILayer\DTOs\PricingDTOs\ResultPricingDTO.cs(8,19): warning CS8618: Null atanamaz ├Âzellik 'Price', olu┼şturucudan ├ğ─▒k─▒┼ş yaparken null olmayan bir de─şer i├ğermelidir. 'Gerekli' de─şi┼ştiricisini ekleyin veya ├Âzellik de─şerini null atanabilir olarak bildirmeyi g├Âz ├Ân├╝nde bulundurun. [C:\Users\lunap\OneDrive\Masa├╝st├╝\MyProjects\QuickStart1\QuickStartProject.WebUILayer\QuickStartProject.WebUILayer.csproj]
C:\Users\lunap\OneDrive\Masa├╝st├╝\MyProjects\QuickStart1\QuickStartProject.WebUILayer\DTOs\PricingDTOs\ResultPricingDTO.cs(9,19): warning CS8618: Null atanamaz ├Âzellik 'Period', olu┼şturucudan ├ğ─▒k─▒┼ş yaparken null olmayan bir de─şer i├ğermelidir. 'Gerekli' de─şi┼ştiricisini ekleyin veya ├Âzellik de─şerini null atanabilir olarak bildirmeyi g├Âz ├Ân├╝nde bulundurun. [C:\Users\lunap\OneDrive\Masa├╝st├╝\MyProjects\QuickStart1\QuickStartProject.WebUILayer\QuickStartProject.WebUILayer.csproj]
C:\Users\lunap\OneDrive\Masa├╝st├╝\MyProjects\QuickStart1\QuickStartProject.WebUILayer\DTOs\PricingDTOs\ResultPricingDTO.cs(11,25): warning CS8618: Null atanamaz ├Âzellik 'Features', olu┼şturucudan ├ğ─▒k─▒┼ş yaparken null olmayan bir de─şer i├ğermelidir. 'Gerekli' de─şi┼ştiricisini ekleyin veya ├Âzellik de─şerini null atanabilir olarak bildirmeyi g├Âz ├Ân├╝nde bulundurun. [C:\Users\lunap\OneDrive\Masa├╝st├╝\MyProjects\QuickStart1\QuickStartProject.WebUILayer\QuickStartProject.WebUILayer.csproj]
C:\Users\lunap\OneDrive\Masa├╝st├╝\MyProjects\QuickStart1\QuickStartProject.WebUILayer\DTOs\FeaturedServiceDTOs\CreateFeaturedServiceDTO.cs(5,19): warning CS8618: Null atanamaz ├Âzellik 'Icon', olu┼şturucudan ├ğ─▒k─▒┼ş yaparken null olmayan bir de─şer i├ğermelidir. 'Gerekli' de─şi┼ştiricisini ekleyin veya ├Âzellik de─şerini null atanabilir olarak bildirmeyi g├Âz ├Ân├╝nde bulundurun. [C:\Users\lunap\OneDrive\Masa├╝st├╝\MyProjects\QuickStart1\QuickStartProject.WebUILayer\QuickStartProject.WebUILayer.csproj]
C:\Users\lunap\OneDrive\Masa├╝st├╝\MyProjects\QuickStart1\QuickStartProject.WebUILayer\DTOs\FeaturedServiceDTOs\CreateFeaturedServiceDTO.cs(6,19): warning CS8618: Null atanamaz ├Âzellik 'Title', olu┼şturucudan ├ğ─▒k─▒┼ş yaparken null olmayan bir de─şer i├ğermelidir. 'Gerekli' de─şi┼ştiricisini ekleyin veya ├Âzellik de─şerini null atanabilir olarak bildirmeyi g├Âz ├Ân├╝nde bulundurun. [C:\Users\lunap\OneDrive\Masa├╝st├╝\MyProjects\QuickStart1\QuickStartProject.WebUILayer\QuickStartProject.WebUILayer.csproj]
C:\Users\lunap\OneDrive\Masa├╝st├╝\MyProjects\QuickStart1\QuickStartProject.WebUILayer\DTOs\FeaturedServiceDTOs\CreateFeaturedServiceDTO.cs(7,19): warning CS8618: Null atanamaz ├Âzellik 'Description', olu┼şturucudan ├ğ─▒k─▒┼ş yaparken null olmayan bir de─şer i├ğermelidir. 'Gerekli' de─şi┼ştiricisini ekleyin veya ├Âzellik de─şerini null atanabilir olarak bildirmeyi g├Âz ├Ân├╝nde bulundurun. [C:\Users\lunap\OneDrive\Masa├╝st├╝\MyProjects\QuickStart1\QuickStartProject.WebUILayer\QuickStartProject.WebUILayer.csproj]
C:\Users\lunap\OneDrive\Masa├╝st├╝\MyProjects\QuickStart1\QuickStartProject.WebUILayer\DTOs\FeatureDTOs\CreateFeatureDTO.cs(5,19): warning CS8618: Null atanamaz ├Âzellik 'Icon', olu┼şturucudan ├ğ─▒k─▒┼ş yaparken null olmayan bir de─şer i├ğermelidir. 'Gerekli' de─şi┼ştiricisini ekleyin veya ├Âzellik de─şerini null atanabilir olarak bildirmeyi g├Âz ├Ân├╝nde bulundurun. [C:\Users\lunap\OneDrive\Masa├╝st├╝\MyProjects\QuickStart1\QuickStartProject.WebUILayer\QuickStartProject.WebUILayer.csproj]
C:\Users\lunap\OneDrive\Masa├╝st├╝\MyProjects\QuickStart1\QuickStartProject.WebUILayer\DTOs\FeatureDTOs\CreateFeatureDTO.cs(6,19): warning CS8618: Null atanamaz ├Âzellik 'Title', olu┼şturucudan ├ğ─▒k─▒┼ş yaparken null olmayan bir de─şer i├ğermelidir. 'Gerekli' de─şi┼ştiricisini ekleyin veya ├Âzellik de─şerini null atanabilir olarak bildirmeyi g├Âz ├Ân├╝nde bulundurun. [C:\Users\lunap\OneDrive\Masa├╝st├╝\MyProjects\QuickStart1\QuickStartProject.WebUILayer\QuickStartProject.WebUILayer.csproj]
C:\Users\lunap\OneDrive\Masa├╝st├╝\MyProjects\QuickStart1\QuickStartProject.WebUILayer\DTOs\FeatureDTOs\CreateFeatureDTO.cs(7,19): warning CS8618: Null atanamaz ├Âzellik 'Description', olu┼şturucudan ├ğ─▒k─▒┼ş yaparken null olmayan bir de─şer i├ğermelidir. 'Gerekli' de─şi┼ştiricisini ekleyin veya ├Âzellik de─şerini null atanabilir olarak bildirmeyi g├Âz ├Ân├╝nde bulundurun. [C:\Users\lunap\OneDrive\Masa├╝st├╝\MyProjects\QuickStart1\QuickStartProject.WebUILayer\QuickStartProject.WebUILayer.csproj]
C:\Users\lunap\OneDrive\Masa├╝st├╝\MyProjects\QuickStart1\QuickStartProject.WebUILayer\DTOs\FeatureDTOs\CreateFeatureDTO.cs(8,19): warning CS8618: Null atanamaz ├Âzellik 'ImageUrl', olu┼şturucudan ├ğ─▒k─▒┼ş yaparken null olmayan bir de─şer i├ğermelidir. 'Gerekli' de─şi┼ştiricisini ekleyin veya ├Âzellik de─şerini null atanabilir olarak bildirmeyi g├Âz ├Ân├╝nde bulundurun. [C:\Users\lunap\OneDrive\Masa├╝st├╝\MyProjects\QuickStart1\QuickStartProject.WebUILayer\QuickStartProject.WebUILayer.csproj]
C:\Users\lunap\OneDrive\Masa├╝st├╝\MyProjects\QuickStart1\QuickStartProject.WebUILayer\DTOs\PricingDTOs\CreatePricingDTO.cs(5,19): warning CS8618: Null atanamaz ├Âzellik 'Name', olu┼şturucudan ├ğ─▒k─▒┼ş yaparken null olmayan bir de─şer i├ğermelidir. 'Gerekli' de─şi┼ştiricisini ekleyin veya ├Âzellik de─şerini null atanabilir olarak bildirmeyi g├Âz ├Ân├╝nde bulundurun. [C:\Users\lunap\OneDrive\Masa├╝st├╝\MyProjects\QuickStart1\QuickStartProject.WebUILayer\QuickStartProject.WebUILayer.csproj]
C:\Users\lunap\OneDrive\Masa├╝st├╝\MyProjects\QuickStart1\QuickStartProject.WebUILayer\DTOs\PricingDTOs\CreatePricingDTO.cs(6,19): warning CS8618: Null atanamaz ├Âzellik 'Description', olu┼şturucudan ├ğ─▒k─▒┼ş yaparken null olmayan bir de─şer i├ğermelidir. 'Gerekli' de─şi┼ştiricisini ekleyin veya ├Âzellik de─şerini null atanabilir olarak bildirmeyi g├Âz ├Ân├╝nde bulundurun. [C:\Users\lunap\OneDrive\Masa├╝st├╝\MyProjects\QuickStart1\QuickStartProject.WebUILayer\QuickStartProject.WebUILayer.csproj]
C:\Users\lunap\OneDrive\Masa├╝st├╝\MyProjects\QuickStart1\QuickStartProject.WebUILayer\DTOs\PricingDTOs\CreatePricingDTO.cs(7,19): warning CS8618: Null atanamaz ├Âzellik 'Price', olu┼şturucudan ├ğ─▒k─▒┼ş yaparken null olmayan bir de─şer i├ğermelidir. 'Gerekli' de─şi┼ştiricisini ekleyin veya ├Âzellik de─şerini null atanabilir olarak bildirmeyi g├Âz ├Ân├╝nde bulundurun. [C:\Users\lunap\OneDrive\Masa├╝st├╝\MyProjects\QuickStart1\QuickStartProject.WebUILayer\QuickStartProject.WebUILayer.csproj]
C:\Users\lunap\OneDrive\Masa├╝st├╝\MyProjects\QuickStart1\QuickStartProject.WebUILayer\DTOs\PricingDTOs\CreatePricingDTO.cs(8,19): warning CS8618: Null atanamaz ├Âzellik 'Period', olu┼şturucudan ├ğ─▒k─▒┼ş yaparken null olmayan bir de─şer i├ğermelidir. 'Gerekli' de─şi┼ştiricisini ekleyin veya ├Âzellik de─şerini null atanabilir olarak bildirmeyi g├Âz ├Ân├╝nde bulundurun. [C:\Users\lunap\OneDrive\Masa├╝st├╝\MyProjects\QuickStart1\QuickStartProject.WebUILayer\QuickStartProject.WebUILayer.csproj]
C:\Users\lunap\OneDrive\Masa├╝st├╝\MyProjects\QuickStart1\QuickStartProject.WebUILayer\DTOs\PricingDTOs\CreatePricingDTO.cs(10,25): warning CS8618: Null atanamaz ├Âzellik 'Features', olu┼şturucudan ├ğ─▒k─▒┼ş yaparken null olmayan bir de─şer i├ğermelidir. 'Gerekli' de─şi┼ştiricisini ekleyin veya ├Âzellik de─şerini null atanabilir olarak bildirmeyi g├Âz ├Ân├╝nde bulundurun. [C:\Users\lunap\OneDrive\Masa├╝st├╝\MyProjects\QuickStart1\QuickStartProject.WebUILayer\QuickStartProject.WebUILayer.csproj]
C:\Users\lunap\OneDrive\Masa├╝st├╝\MyProjects\QuickStart1\QuickStartProject.WebUILayer\DTOs\FeatureDTOs\UpdateFeatureDTO.cs(6,19): warning CS8618: Null atanamaz ├Âzellik 'Icon', olu┼şturucudan ├ğ─▒k─▒┼ş yaparken null olmayan bir de─şer i├ğermelidir. 'Gerekli' de─şi┼ştiricisini ekleyin veya ├Âzellik de─şerini null atanabilir olarak bildirmeyi g├Âz ├Ân├╝nde bulundurun. [C:\Users\lunap\OneDrive\Masa├╝st├╝\MyProjects\QuickStart1\QuickStartProject.WebUILayer\QuickStartProject.WebUILayer.csproj]
C:\Users\lunap\OneDrive\Masa├╝st├╝\MyProjects\QuickStart1\QuickStartProject.WebUILayer\DTOs\FeatureDTOs\UpdateFeatureDTO.cs(7,19): warning CS8618: Null atanamaz ├Âzellik 'Title', olu┼şturucudan ├ğ─▒k─▒┼ş yaparken null olmayan bir de─şer i├ğermelidir. 'Gerekli' de─şi┼ştiricisini ekleyin veya ├Âzellik de─şerini null atanabilir olarak bildirmeyi g├Âz ├Ân├╝nde bulundurun. [C:\Users\lunap\OneDrive\Masa├╝st├╝\MyProjects\QuickStart1\QuickStartProject.WebUILayer\QuickStartProject.WebUILayer.csproj]
C:\Users\lunap\OneDrive\Masa├╝st├╝\MyProjects\QuickStart1\QuickStartProject.WebUILayer\DTOs\FeatureDTOs\UpdateFeatureDTO.cs(8,19): warning CS8618: Null atanamaz ├Âzellik 'Description', olu┼şturucudan ├ğ─▒k─▒┼ş yaparken null olmayan bir de─şer i├ğermelidir. 'Gerekli' de─şi┼ştiricisini ekleyin veya ├Âzellik de─şerini null atanabilir olarak bildirmeyi g├Âz ├Ân├╝nde bulundurun. [C:\Users\lunap\OneDrive\Masa├╝st├╝\MyProjects\QuickStart1\QuickStartProject.WebUILayer\QuickStartProject.WebUILayer.csproj]
C:\Users\lunap\OneDrive\Masa├╝st├╝\MyProjects\QuickStart1\QuickStartProject.WebUILayer\DTOs\FeatureDTOs\UpdateFeatureDTO.cs(9,19): warning CS8618: Null atanamaz ├Âzellik 'ImageUrl', olu┼şturucudan ├ğ─▒k─▒┼ş yaparken null olmayan bir de─şer i├ğermelidir. 'Gerekli' de─şi┼ştiricisini ekleyin veya ├Âzellik de─şerini null atanabilir olarak bildirmeyi g├Âz ├Ân├╝nde bulundurun. [C:\Users\lunap\OneDrive\Masa├╝st├╝\MyProjects\QuickStart1\QuickStartProject.WebUILayer\QuickStartProject.WebUILayer.csproj]
C:\Users\lunap\OneDrive\Masa├╝st├╝\MyProjects\QuickStart1\QuickStartProject.WebUILayer\DTOs\LoginDTOs\LoginDTO.cs(5,23): warning CS8618: Null atanamaz ├Âzellik 'Email', olu┼şturucudan ├ğ─▒k─▒┼ş yaparken null olmayan bir de─şer i├ğermelidir. 'Gerekli' de─şi┼ştiricisini ekleyin veya ├Âzellik de─şerini null atanabilir olarak bildirmeyi g├Âz ├Ân├╝nde bulundurun. [C:\Users\lunap\OneDrive\Masa├╝st├╝\MyProjects\QuickStart1\QuickStartProject.WebUILayer\QuickStartProject.WebUILayer.csproj]
C:\Users\lunap\OneDrive\Masa├╝st├╝\MyProjects\QuickStart1\QuickStartProject.WebUILayer\DTOs\LoginDTOs\LoginDTO.cs(6,23): warning CS8618: Null atanamaz ├Âzellik 'Password', olu┼şturucudan ├ğ─▒k─▒┼ş yaparken null olmayan bir de─şer i├ğermelidir. 'Gerekli' de─şi┼ştiricisini ekleyin veya ├Âzellik de─şerini null atanabilir olarak bildirmeyi g├Âz ├Ân├╝nde bulundurun. [C:\Users\lunap\OneDrive\Masa├╝st├╝\MyProjects\QuickStart1\QuickStartProject.WebUILayer\QuickStartProject.WebUILayer.csproj]
C:\Users\lunap\OneDrive\Masa├╝st├╝\MyProjects\QuickStart1\QuickStartProject.WebUILayer\DTOs\NewsletterDTOs\UpdateNewsletterDTO.cs(6,19): warning CS8618: Null atanamaz ├Âzellik 'Email', olu┼şturucudan ├ğ─▒k─▒┼ş yaparken null olmayan bir de─şer i├ğermelidir. 'Gerekli' de─şi┼ştiricisini ekleyin veya ├Âzellik de─şerini null atanabilir olarak bildirmeyi g├Âz ├Ân├╝nde bulundurun. [C:\Users\lunap\OneDrive\Masa├╝st├╝\MyProjects\QuickStart1\QuickStartProject.WebUILayer\QuickStartProject.WebUILayer.csproj]
C:\Users\lunap\OneDrive\Masa├╝st├╝\MyProjects\QuickStart1\QuickStartProject.WebUILayer\DTOs\MessageDTOs\CreateMessageDTO.cs(5,19): warning CS8618: Null atanamaz ├Âzellik 'Name', olu┼şturucudan ├ğ─▒k─▒┼ş yaparken null olmayan bir de─şer i├ğermelidir. 'Gerekli' de─şi┼ştiricisini ekleyin veya ├Âzellik de─şerini null atanabilir olarak bildirmeyi g├Âz ├Ân├╝nde bulundurun. [C:\Users\lunap\OneDrive\Masa├╝st├╝\MyProjects\QuickStart1\QuickStartProject.WebUILayer\QuickStartProject.WebUILayer.csproj]
C:\Users\lunap\OneDrive\Masa├╝st├╝\MyProjects\QuickStart1\QuickStartProject.WebUILayer\DTOs\MessageDTOs\CreateMessageDTO.cs(6,19): warning CS8618: Null atanamaz ├Âzellik 'Email', olu┼şturucudan ├ğ─▒k─▒┼ş yaparken null olmayan bir de─şer i├ğermelidir. 'Gerekli' de─şi┼ştiricisini ekleyin veya ├Âzellik de─şerini null atanabilir olarak bildirmeyi g├Âz ├Ân├╝nde bulundurun. [C:\Users\lunap\OneDrive\Masa├╝st├╝\MyProjects\QuickStart1\QuickStartProject.WebUILayer\QuickStartProject.WebUILayer.csproj]
C:\Users\lunap\OneDrive\Masa├╝st├╝\MyProjects\QuickStart1\QuickStartProject.WebUILayer\DTOs\MessageDTOs\CreateMessageDTO.cs(7,19): warning CS8618: Null atanamaz ├Âzellik 'Subject', olu┼şturucudan ├ğ─▒k─▒┼ş yaparken null olmayan bir de─şer i├ğermelidir. 'Gerekli' de─şi┼ştiricisini ekleyin veya ├Âzellik de─şerini null atanabilir olarak bildirmeyi g├Âz ├Ân├╝nde bulundurun. [C:\Users\lunap\OneDrive\Masa├╝st├╝\MyProjects\QuickStart1\QuickStartProject.WebUILayer\QuickStartProject.WebUILayer.csproj]
C:\Users\lunap\OneDrive\Masa├╝st├╝\MyProjects\QuickStart1\QuickStartProject.WebUILayer\DTOs\MessageDTOs\CreateMessageDTO.cs(8,19): warning CS8618: Null atanamaz ├Âzellik 'Content', olu┼şturucudan ├ğ─▒k─▒┼ş yaparken null olmayan bir de─şer i├ğermelidir. 'Gerekli' de─şi┼ştiricisini ekleyin veya ├Âzellik de─şerini null atanabilir olarak bildirmeyi g├Âz ├Ân├╝nde bulundurun. [C:\Users\lunap\OneDrive\Masa├╝st├╝\MyProjects\QuickStart1\QuickStartProject.WebUILayer\QuickStartProject.WebUILayer.csproj]
C:\Users\lunap\OneDrive\Masa├╝st├╝\MyProjects\QuickStart1\QuickStartProject.WebUILayer\DTOs\NewsletterDTOs\ResultNewsletterDTO.cs(6,19): warning CS8618: Null atanamaz ├Âzellik 'Email', olu┼şturucudan ├ğ─▒k─▒┼ş yaparken null olmayan bir de─şer i├ğermelidir. 'Gerekli' de─şi┼ştiricisini ekleyin veya ├Âzellik de─şerini null atanabilir olarak bildirmeyi g├Âz ├Ân├╝nde bulundurun. [C:\Users\lunap\OneDrive\Masa├╝st├╝\MyProjects\QuickStart1\QuickStartProject.WebUILayer\QuickStartProject.WebUILayer.csproj]
C:\Users\lunap\OneDrive\Masa├╝st├╝\MyProjects\QuickStart1\QuickStartProject.WebUILayer\DTOs\NewsletterDTOs\CreateNewsletterDTO.cs(5,19): warning CS8618: Null atanamaz ├Âzellik 'Email', olu┼şturucudan ├ğ─▒k─▒┼ş yaparken null olmayan bir de─şer i├ğermelidir. 'Gerekli' de─şi┼ştiricisini ekleyin veya ├Âzellik de─şerini null atanabilir olarak bildirmeyi g├Âz ├Ân├╝nde bulundurun. [C:\Users\lunap\OneDrive\Masa├╝st├╝\MyProjects\QuickStart1\QuickStartProject.WebUILayer\QuickStartProject.WebUILayer.csproj]
C:\Users\lunap\OneDrive\Masa├╝st├╝\MyProjects\QuickStart1\QuickStartProject.WebUILayer\DTOs\MessageDTOs\ResultMessageDTO.cs(6,19): warning CS8618: Null atanamaz ├Âzellik 'Name', olu┼şturucudan ├ğ─▒k─▒┼ş yaparken null olmayan bir de─şer i├ğermelidir. 'Gerekli' de─şi┼ştiricisini ekleyin veya ├Âzellik de─şerini null atanabilir olarak bildirmeyi g├Âz ├Ân├╝nde bulundurun. [C:\Users\lunap\OneDrive\Masa├╝st├╝\MyProjects\QuickStart1\QuickStartProject.WebUILayer\QuickStartProject.WebUILayer.csproj]
C:\Users\lunap\OneDrive\Masa├╝st├╝\MyProjects\QuickStart1\QuickStartProject.WebUILayer\DTOs\MessageDTOs\ResultMessageDTO.cs(7,19): warning CS8618: Null atanamaz ├Âzellik 'Email', olu┼şturucudan ├ğ─▒k─▒┼ş yaparken null olmayan bir de─şer i├ğermelidir. 'Gerekli' de─şi┼ştiricisini ekleyin veya ├Âzellik de─şerini null atanabilir olarak bildirmeyi g├Âz ├Ân├╝nde bulundurun. [C:\Users\lunap\OneDrive\Masa├╝st├╝\MyProjects\QuickStart1\QuickStartProject.WebUILayer\QuickStartProject.WebUILayer.csproj]
C:\Users\lunap\OneDrive\Masa├╝st├╝\MyProjects\QuickStart1\QuickStartProject.WebUILayer\DTOs\MessageDTOs\ResultMessageDTO.cs(8,19): warning CS8618: Null atanamaz ├Âzellik 'Subject', olu┼şturucudan ├ğ─▒k─▒┼ş yaparken null olmayan bir de─şer i├ğermelidir. 'Gerekli' de─şi┼ştiricisini ekleyin veya ├Âzellik de─şerini null atanabilir olarak bildirmeyi g├Âz ├Ân├╝nde bulundurun. [C:\Users\lunap\OneDrive\Masa├╝st├╝\MyProjects\QuickStart1\QuickStartProject.WebUILayer\QuickStartProject.WebUILayer.csproj]
C:\Users\lunap\OneDrive\Masa├╝st├╝\MyProjects\QuickStart1\QuickStartProject.WebUILayer\DTOs\MessageDTOs\ResultMessageDTO.cs(9,19): warning CS8618: Null atanamaz ├Âzellik 'Content', olu┼şturucudan ├ğ─▒k─▒┼ş yaparken null olmayan bir de─şer i├ğermelidir. 'Gerekli' de─şi┼ştiricisini ekleyin veya ├Âzellik de─şerini null atanabilir olarak bildirmeyi g├Âz ├Ân├╝nde bulundurun. [C:\Users\lunap\OneDrive\Masa├╝st├╝\MyProjects\QuickStart1\QuickStartProject.WebUILayer\QuickStartProject.WebUILayer.csproj]
C:\Users\lunap\OneDrive\Masa├╝st├╝\MyProjects\QuickStart1\QuickStartProject.WebUILayer\DTOs\FeatureDTOs\ResultFeatureDTO.cs(6,19): warning CS8618: Null atanamaz ├Âzellik 'Icon', olu┼şturucudan ├ğ─▒k─▒┼ş yaparken null olmayan bir de─şer i├ğermelidir. 'Gerekli' de─şi┼ştiricisini ekleyin veya ├Âzellik de─şerini null atanabilir olarak bildirmeyi g├Âz ├Ân├╝nde bulundurun. [C:\Users\lunap\OneDrive\Masa├╝st├╝\MyProjects\QuickStart1\QuickStartProject.WebUILayer\QuickStartProject.WebUILayer.csproj]
C:\Users\lunap\OneDrive\Masa├╝st├╝\MyProjects\QuickStart1\QuickStartProject.WebUILayer\DTOs\FeatureDTOs\ResultFeatureDTO.cs(7,19): warning CS8618: Null atanamaz ├Âzellik 'Title', olu┼şturucudan ├ğ─▒k─▒┼ş yaparken null olmayan bir de─şer i├ğermelidir. 'Gerekli' de─şi┼ştiricisini ekleyin veya ├Âzellik de─şerini null atanabilir olarak bildirmeyi g├Âz ├Ân├╝nde bulundurun. [C:\Users\lunap\OneDrive\Masa├╝st├╝\MyProjects\QuickStart1\QuickStartProject.WebUILayer\QuickStartProject.WebUILayer.csproj]
C:\Users\lunap\OneDrive\Masa├╝st├╝\MyProjects\QuickStart1\QuickStartProject.WebUILayer\DTOs\FeatureDTOs\ResultFeatureDTO.cs(8,19): warning CS8618: Null atanamaz ├Âzellik 'Description', olu┼şturucudan ├ğ─▒k─▒┼ş yaparken null olmayan bir de─şer i├ğermelidir. 'Gerekli' de─şi┼ştiricisini ekleyin veya ├Âzellik de─şerini null atanabilir olarak bildirmeyi g├Âz ├Ân├╝nde bulundurun. [C:\Users\lunap\OneDrive\Masa├╝st├╝\MyProjects\QuickStart1\QuickStartProject.WebUILayer\QuickStartProject.WebUILayer.csproj]
C:\Users\lunap\OneDrive\Masa├╝st├╝\MyProjects\QuickStart1\QuickStartProject.WebUILayer\DTOs\FeatureDTOs\ResultFeatureDTO.cs(9,19): warning CS8618: Null atanamaz ├Âzellik 'ImageUrl', olu┼şturucudan ├ğ─▒k─▒┼ş yaparken null olmayan bir de─şer i├ğermelidir. 'Gerekli' de─şi┼ştiricisini ekleyin veya ├Âzellik de─şerini null atanabilir olarak bildirmeyi g├Âz ├Ân├╝nde bulundurun. [C:\Users\lunap\OneDrive\Masa├╝st├╝\MyProjects\QuickStart1\QuickStartProject.WebUILayer\QuickStartProject.WebUILayer.csproj]
C:\Users\lunap\OneDrive\Masa├╝st├╝\MyProjects\QuickStart1\QuickStartProject.WebUILayer\DTOs\MessageDTOs\UpdateMessageDTO.cs(6,19): warning CS8618: Null atanamaz ├Âzellik 'Name', olu┼şturucudan ├ğ─▒k─▒┼ş yaparken null olmayan bir de─şer i├ğermelidir. 'Gerekli' de─şi┼ştiricisini ekleyin veya ├Âzellik de─şerini null atanabilir olarak bildirmeyi g├Âz ├Ân├╝nde bulundurun. [C:\Users\lunap\OneDrive\Masa├╝st├╝\MyProjects\QuickStart1\QuickStartProject.WebUILayer\QuickStartProject.WebUILayer.csproj]
C:\Users\lunap\OneDrive\Masa├╝st├╝\MyProjects\QuickStart1\QuickStartProject.WebUILayer\DTOs\MessageDTOs\UpdateMessageDTO.cs(7,19): warning CS8618: Null atanamaz ├Âzellik 'Email', olu┼şturucudan ├ğ─▒k─▒┼ş yaparken null olmayan bir de─şer i├ğermelidir. 'Gerekli' de─şi┼ştiricisini ekleyin veya ├Âzellik de─şerini null atanabilir olarak bildirmeyi g├Âz ├Ân├╝nde bulundurun. [C:\Users\lunap\OneDrive\Masa├╝st├╝\MyProjects\QuickStart1\QuickStartProject.WebUILayer\QuickStartProject.WebUILayer.csproj]
C:\Users\lunap\OneDrive\Masa├╝st├╝\MyProjects\QuickStart1\QuickStartProject.WebUILayer\DTOs\MessageDTOs\UpdateMessageDTO.cs(8,19): warning CS8618: Null atanamaz ├Âzellik 'Subject', olu┼şturucudan ├ğ─▒k─▒┼ş yaparken null olmayan bir de─şer i├ğermelidir. 'Gerekli' de─şi┼ştiricisini ekleyin veya ├Âzellik de─şerini null atanabilir olarak bildirmeyi g├Âz ├Ân├╝nde bulundurun. [C:\Users\lunap\OneDrive\Masa├╝st├╝\MyProjects\QuickStart1\QuickStartProject.WebUILayer\QuickStartProject.WebUILayer.csproj]
C:\Users\lunap\OneDrive\Masa├╝st├╝\MyProjects\QuickStart1\QuickStartProject.WebUILayer\DTOs\MessageDTOs\UpdateMessageDTO.cs(9,19): warning CS8618: Null atanamaz ├Âzellik 'Content', olu┼şturucudan ├ğ─▒k─▒┼ş yaparken null olmayan bir de─şer i├ğermelidir. 'Gerekli' de─şi┼ştiricisini ekleyin veya ├Âzellik de─şerini null atanabilir olarak bildirmeyi g├Âz ├Ân├╝nde bulundurun. [C:\Users\lunap\OneDrive\Masa├╝st├╝\MyProjects\QuickStart1\QuickStartProject.WebUILayer\QuickStartProject.WebUILayer.csproj]
C:\Users\lunap\OneDrive\Masa├╝st├╝\MyProjects\QuickStart1\QuickStartProject.WebUILayer\Areas\Admin\Controllers\DashboardController.cs(30,36): warning CS8602: Olas─▒ bir null ba┼şvurunun ba┼şvurma i┼şlemi. [C:\Users\lunap\OneDrive\Masa├╝st├╝\MyProjects\QuickStart1\QuickStartProject.WebUILayer\QuickStartProject.WebUILayer.csproj]
C:\Users\lunap\OneDrive\Masa├╝st├╝\MyProjects\QuickStart1\QuickStartProject.WebUILayer\Areas\Admin\Controllers\DashboardController.cs(39,39): warning CS8602: Olas─▒ bir null ba┼şvurunun ba┼şvurma i┼şlemi. [C:\Users\lunap\OneDrive\Masa├╝st├╝\MyProjects\QuickStart1\QuickStartProject.WebUILayer\QuickStartProject.WebUILayer.csproj]
C:\Users\lunap\OneDrive\Masa├╝st├╝\MyProjects\QuickStart1\QuickStartProject.WebUILayer\Areas\Admin\Controllers\DashboardController.cs(58,29): warning CS8602: Olas─▒ bir null ba┼şvurunun ba┼şvurma i┼şlemi. [C:\Users\lunap\OneDrive\Masa├╝st├╝\MyProjects\QuickStart1\QuickStartProject.WebUILayer\QuickStartProject.WebUILayer.csproj]
C:\Users\lunap\OneDrive\Masa├╝st├╝\MyProjects\QuickStart1\QuickStartProject.WebUILayer\DTOs\ContactDTOs\CreateContactDTO.cs(5,19): warning CS8618: Null atanamaz ├Âzellik 'Title', olu┼şturucudan ├ğ─▒k─▒┼ş yaparken null olmayan bir de─şer i├ğermelidir. 'Gerekli' de─şi┼ştiricisini ekleyin veya ├Âzellik de─şerini null atanabilir olarak bildirmeyi g├Âz ├Ân├╝nde bulundurun. [C:\Users\lunap\OneDrive\Masa├╝st├╝\MyProjects\QuickStart1\QuickStartProject.WebUILayer\QuickStartProject.WebUILayer.csproj]
C:\Users\lunap\OneDrive\Masa├╝st├╝\MyProjects\QuickStart1\QuickStartProject.WebUILayer\DTOs\ContactDTOs\CreateContactDTO.cs(6,19): warning CS8618: Null atanamaz ├Âzellik 'Description', olu┼şturucudan ├ğ─▒k─▒┼ş yaparken null olmayan bir de─şer i├ğermelidir. 'Gerekli' de─şi┼ştiricisini ekleyin veya ├Âzellik de─şerini null atanabilir olarak bildirmeyi g├Âz ├Ân├╝nde bulundurun. [C:\Users\lunap\OneDrive\Masa├╝st├╝\MyProjects\QuickStart1\QuickStartProject.WebUILayer\QuickStartProject.WebUILayer.csproj]
C:\Users\lunap\OneDrive\Masa├╝st├╝\MyProjects\QuickStart1\QuickStartProject.WebUILayer\DTOs\ContactDTOs\CreateContactDTO.cs(7,19): warning CS8618: Null atanamaz ├Âzellik 'Address', olu┼şturucudan ├ğ─▒k─▒┼ş yaparken null olmayan bir de─şer i├ğermelidir. 'Gerekli' de─şi┼ştiricisini ekleyin veya ├Âzellik de─şerini null atanabilir olarak bildirmeyi g├Âz ├Ân├╝nde bulundurun. [C:\Users\lunap\OneDrive\Masa├╝st├╝\MyProjects\QuickStart1\QuickStartProject.WebUILayer\QuickStartProject.WebUILayer.csproj]
C:\Users\lunap\OneDrive\Masa├╝st├╝\MyProjects\QuickStart1\QuickStartProject.WebUILayer\DTOs\ContactDTOs\CreateContactDTO.cs(8,19): warning CS8618: Null atanamaz ├Âzellik 'Phone', olu┼şturucudan ├ğ─▒k─▒┼ş yaparken null olmayan bir de─şer i├ğermelidir. 'Gerekli' de─şi┼ştiricisini ekleyin veya ├Âzellik de─şerini null atanabilir olarak bildirmeyi g├Âz ├Ân├╝nde bulundurun. [C:\Users\lunap\OneDrive\Masa├╝st├╝\MyProjects\QuickStart1\QuickStartProject.WebUILayer\QuickStartProject.WebUILayer.csproj]
C:\Users\lunap\OneDrive\Masa├╝st├╝\MyProjects\QuickStart1\QuickStartProject.WebUILayer\DTOs\ContactDTOs\CreateContactDTO.cs(9,19): warning CS8618: Null atanamaz ├Âzellik 'Email', olu┼şturucudan ├ğ─▒k─▒┼ş yaparken null olmayan bir de─şer i├ğermelidir. 'Gerekli' de─şi┼ştiricisini ekleyin veya ├Âzellik de─şerini null atanabilir olarak bildirmeyi g├Âz ├Ân├╝nde bulundurun. [C:\Users\lunap\OneDrive\Masa├╝st├╝\MyProjects\QuickStart1\QuickStartProject.WebUILayer\QuickStartProject.WebUILayer.csproj]
C:\Users\lunap\OneDrive\Masa├╝st├╝\MyProjects\QuickStart1\QuickStartProject.WebUILayer\Program.cs(32,5): warning ASP0014: Suggest using top level route registrations instead of UseEndpoints (https://aka.ms/aspnet/analyzers) [C:\Users\lunap\OneDrive\Masa├╝st├╝\MyProjects\QuickStart1\QuickStartProject.WebUILayer\QuickStartProject.WebUILayer.csproj]
C:\Program Files\dotnet\sdk\10.0.201\Microsoft.Common.CurrentVersion.targets(5395,5): warning MSB3026: "C:\Users\lunap\OneDrive\Masa├╝st├╝\MyProjects\QuickStart1\QuickStart.WebApiLayer\obj\Debug\net9.0\apphost.exe", "bin\Debug\net9.0\QuickStart.WebApiLayer.exe" ├╝zerine kopyalanamad─▒. 2 numaral─▒ yeniden denemeye 1000 ms i├ğinde ba┼şlanacak. The process cannot access the file 'C:\Users\lunap\OneDrive\Masa├╝st├╝\MyProjects\QuickStart1\QuickStart.WebApiLayer\bin\Debug\net9.0\QuickStart.WebApiLayer.exe' because it is being used by another process. Dosya ┼şunun taraf─▒ndan kilitlendi: "QuickStart.WebApiLayer (33384)" [C:\Users\lunap\OneDrive\Masa├╝st├╝\MyProjects\QuickStart1\QuickStart.WebApiLayer\QuickStart.WebApiLayer.csproj]
C:\Program Files\dotnet\sdk\10.0.201\Microsoft.Common.CurrentVersion.targets(5395,5): warning MSB3026: "C:\Users\lunap\OneDrive\Masa├╝st├╝\MyProjects\QuickStart1\QuickStart.WebApiLayer\obj\Debug\net9.0\apphost.exe", "bin\Debug\net9.0\QuickStart.WebApiLayer.exe" ├╝zerine kopyalanamad─▒. 3 numaral─▒ yeniden denemeye 1000 ms i├ğinde ba┼şlanacak. The process cannot access the file 'C:\Users\lunap\OneDrive\Masa├╝st├╝\MyProjects\QuickStart1\QuickStart.WebApiLayer\bin\Debug\net9.0\QuickStart.WebApiLayer.exe' because it is being used by another process. Dosya ┼şunun taraf─▒ndan kilitlendi: "QuickStart.WebApiLayer (33384)" [C:\Users\lunap\OneDrive\Masa├╝st├╝\MyProjects\QuickStart1\QuickStart.WebApiLayer\QuickStart.WebApiLayer.csproj]
C:\Program Files\dotnet\sdk\10.0.201\Microsoft.Common.CurrentVersion.targets(5395,5): warning MSB3026: "C:\Users\lunap\OneDrive\Masa├╝st├╝\MyProjects\QuickStart1\QuickStartProject.WebUILayer\obj\Debug\net9.0\apphost.exe", "bin\Debug\net9.0\QuickStartProject.WebUILayer.exe" ├╝zerine kopyalanamad─▒. 1 numaral─▒ yeniden denemeye 1000 ms i├ğinde ba┼şlanacak. The process cannot access the file 'C:\Users\lunap\OneDrive\Masa├╝st├╝\MyProjects\QuickStart1\QuickStartProject.WebUILayer\bin\Debug\net9.0\QuickStartProject.WebUILayer.exe' because it is being used by another process. Dosya ┼şunun taraf─▒ndan kilitlendi: "QuickStartProject.WebUILayer (28880)" [C:\Users\lunap\OneDrive\Masa├╝st├╝\MyProjects\QuickStart1\QuickStartProject.WebUILayer\QuickStartProject.WebUILayer.csproj]
C:\Program Files\dotnet\sdk\10.0.201\Microsoft.Common.CurrentVersion.targets(5395,5): warning MSB3026: "C:\Users\lunap\OneDrive\Masa├╝st├╝\MyProjects\QuickStart1\QuickStartProject.WebUILayer\obj\Debug\net9.0\apphost.exe", "bin\Debug\net9.0\QuickStartProject.WebUILayer.exe" ├╝zerine kopyalanamad─▒. 2 numaral─▒ yeniden denemeye 1000 ms i├ğinde ba┼şlanacak. The process cannot access the file 'C:\Users\lunap\OneDrive\Masa├╝st├╝\MyProjects\QuickStart1\QuickStartProject.WebUILayer\bin\Debug\net9.0\QuickStartProject.WebUILayer.exe' because it is being used by another process. Dosya ┼şunun taraf─▒ndan kilitlendi: "QuickStartProject.WebUILayer (28880)" [C:\Users\lunap\OneDrive\Masa├╝st├╝\MyProjects\QuickStart1\QuickStartProject.WebUILayer\QuickStartProject.WebUILayer.csproj]
C:\Program Files\dotnet\sdk\10.0.201\Microsoft.Common.CurrentVersion.targets(5395,5): warning MSB3026: "C:\Users\lunap\OneDrive\Masa├╝st├╝\MyProjects\QuickStart1\QuickStart.WebApiLayer\obj\Debug\net9.0\apphost.exe", "bin\Debug\net9.0\QuickStart.WebApiLayer.exe" ├╝zerine kopyalanamad─▒. 4 numaral─▒ yeniden denemeye 1000 ms i├ğinde ba┼şlanacak. The process cannot access the file 'C:\Users\lunap\OneDrive\Masa├╝st├╝\MyProjects\QuickStart1\QuickStart.WebApiLayer\bin\Debug\net9.0\QuickStart.WebApiLayer.exe' because it is being used by another process. Dosya ┼şunun taraf─▒ndan kilitlendi: "QuickStart.WebApiLayer (33384)" [C:\Users\lunap\OneDrive\Masa├╝st├╝\MyProjects\QuickStart1\QuickStart.WebApiLayer\QuickStart.WebApiLayer.csproj]
C:\Program Files\dotnet\sdk\10.0.201\Microsoft.Common.CurrentVersion.targets(5395,5): warning MSB3026: "C:\Users\lunap\OneDrive\Masa├╝st├╝\MyProjects\QuickStart1\QuickStartProject.WebUILayer\obj\Debug\net9.0\apphost.exe", "bin\Debug\net9.0\QuickStartProject.WebUILayer.exe" ├╝zerine kopyalanamad─▒. 3 numaral─▒ yeniden denemeye 1000 ms i├ğinde ba┼şlanacak. The process cannot access the file 'C:\Users\lunap\OneDrive\Masa├╝st├╝\MyProjects\QuickStart1\QuickStartProject.WebUILayer\bin\Debug\net9.0\QuickStartProject.WebUILayer.exe' because it is being used by another process. Dosya ┼şunun taraf─▒ndan kilitlendi: "QuickStartProject.WebUILayer (28880)" [C:\Users\lunap\OneDrive\Masa├╝st├╝\MyProjects\QuickStart1\QuickStartProject.WebUILayer\QuickStartProject.WebUILayer.csproj]
C:\Program Files\dotnet\sdk\10.0.201\Microsoft.Common.CurrentVersion.targets(5395,5): warning MSB3026: "C:\Users\lunap\OneDrive\Masa├╝st├╝\MyProjects\QuickStart1\QuickStart.WebApiLayer\obj\Debug\net9.0\apphost.exe", "bin\Debug\net9.0\QuickStart.WebApiLayer.exe" ├╝zerine kopyalanamad─▒. 5 numaral─▒ yeniden denemeye 1000 ms i├ğinde ba┼şlanacak. The process cannot access the file 'C:\Users\lunap\OneDrive\Masa├╝st├╝\MyProjects\QuickStart1\QuickStart.WebApiLayer\bin\Debug\net9.0\QuickStart.WebApiLayer.exe' because it is being used by another process. Dosya ┼şunun taraf─▒ndan kilitlendi: "QuickStart.WebApiLayer (33384)" [C:\Users\lunap\OneDrive\Masa├╝st├╝\MyProjects\QuickStart1\QuickStart.WebApiLayer\QuickStart.WebApiLayer.csproj]
C:\Program Files\dotnet\sdk\10.0.201\Microsoft.Common.CurrentVersion.targets(5395,5): warning MSB3026: "C:\Users\lunap\OneDrive\Masa├╝st├╝\MyProjects\QuickStart1\QuickStartProject.WebUILayer\obj\Debug\net9.0\apphost.exe", "bin\Debug\net9.0\QuickStartProject.WebUILayer.exe" ├╝zerine kopyalanamad─▒. 4 numaral─▒ yeniden denemeye 1000 ms i├ğinde ba┼şlanacak. The process cannot access the file 'C:\Users\lunap\OneDrive\Masa├╝st├╝\MyProjects\QuickStart1\QuickStartProject.WebUILayer\bin\Debug\net9.0\QuickStartProject.WebUILayer.exe' because it is being used by another process. Dosya ┼şunun taraf─▒ndan kilitlendi: "QuickStartProject.WebUILayer (28880)" [C:\Users\lunap\OneDrive\Masa├╝st├╝\MyProjects\QuickStart1\QuickStartProject.WebUILayer\QuickStartProject.WebUILayer.csproj]
C:\Program Files\dotnet\sdk\10.0.201\Microsoft.Common.CurrentVersion.targets(5395,5): warning MSB3026: "C:\Users\lunap\OneDrive\Masa├╝st├╝\MyProjects\QuickStart1\QuickStart.WebApiLayer\obj\Debug\net9.0\apphost.exe", "bin\Debug\net9.0\QuickStart.WebApiLayer.exe" ├╝zerine kopyalanamad─▒. 6 numaral─▒ yeniden denemeye 1000 ms i├ğinde ba┼şlanacak. The process cannot access the file 'C:\Users\lunap\OneDrive\Masa├╝st├╝\MyProjects\QuickStart1\QuickStart.WebApiLayer\bin\Debug\net9.0\QuickStart.WebApiLayer.exe' because it is being used by another process. Dosya ┼şunun taraf─▒ndan kilitlendi: "QuickStart.WebApiLayer (33384)" [C:\Users\lunap\OneDrive\Masa├╝st├╝\MyProjects\QuickStart1\QuickStart.WebApiLayer\QuickStart.WebApiLayer.csproj]
C:\Program Files\dotnet\sdk\10.0.201\Microsoft.Common.CurrentVersion.targets(5395,5): warning MSB3026: "C:\Users\lunap\OneDrive\Masa├╝st├╝\MyProjects\QuickStart1\QuickStartProject.WebUILayer\obj\Debug\net9.0\apphost.exe", "bin\Debug\net9.0\QuickStartProject.WebUILayer.exe" ├╝zerine kopyalanamad─▒. 5 numaral─▒ yeniden denemeye 1000 ms i├ğinde ba┼şlanacak. The process cannot access the file 'C:\Users\lunap\OneDrive\Masa├╝st├╝\MyProjects\QuickStart1\QuickStartProject.WebUILayer\bin\Debug\net9.0\QuickStartProject.WebUILayer.exe' because it is being used by another process. Dosya ┼şunun taraf─▒ndan kilitlendi: "QuickStartProject.WebUILayer (28880)" [C:\Users\lunap\OneDrive\Masa├╝st├╝\MyProjects\QuickStart1\QuickStartProject.WebUILayer\QuickStartProject.WebUILayer.csproj]
C:\Program Files\dotnet\sdk\10.0.201\Microsoft.Common.CurrentVersion.targets(5395,5): warning MSB3026: "C:\Users\lunap\OneDrive\Masa├╝st├╝\MyProjects\QuickStart1\QuickStart.WebApiLayer\obj\Debug\net9.0\apphost.exe", "bin\Debug\net9.0\QuickStart.WebApiLayer.exe" ├╝zerine kopyalanamad─▒. 7 numaral─▒ yeniden denemeye 1000 ms i├ğinde ba┼şlanacak. The process cannot access the file 'C:\Users\lunap\OneDrive\Masa├╝st├╝\MyProjects\QuickStart1\QuickStart.WebApiLayer\bin\Debug\net9.0\QuickStart.WebApiLayer.exe' because it is being used by another process. Dosya ┼şunun taraf─▒ndan kilitlendi: "QuickStart.WebApiLayer (33384)" [C:\Users\lunap\OneDrive\Masa├╝st├╝\MyProjects\QuickStart1\QuickStart.WebApiLayer\QuickStart.WebApiLayer.csproj]
C:\Program Files\dotnet\sdk\10.0.201\Microsoft.Common.CurrentVersion.targets(5395,5): warning MSB3026: "C:\Users\lunap\OneDrive\Masa├╝st├╝\MyProjects\QuickStart1\QuickStartProject.WebUILayer\obj\Debug\net9.0\apphost.exe", "bin\Debug\net9.0\QuickStartProject.WebUILayer.exe" ├╝zerine kopyalanamad─▒. 6 numaral─▒ yeniden denemeye 1000 ms i├ğinde ba┼şlanacak. The process cannot access the file 'C:\Users\lunap\OneDrive\Masa├╝st├╝\MyProjects\QuickStart1\QuickStartProject.WebUILayer\bin\Debug\net9.0\QuickStartProject.WebUILayer.exe' because it is being used by another process. Dosya ┼şunun taraf─▒ndan kilitlendi: "QuickStartProject.WebUILayer (28880)" [C:\Users\lunap\OneDrive\Masa├╝st├╝\MyProjects\QuickStart1\QuickStartProject.WebUILayer\QuickStartProject.WebUILayer.csproj]
C:\Program Files\dotnet\sdk\10.0.201\Microsoft.Common.CurrentVersion.targets(5395,5): warning MSB3026: "C:\Users\lunap\OneDrive\Masa├╝st├╝\MyProjects\QuickStart1\QuickStart.WebApiLayer\obj\Debug\net9.0\apphost.exe", "bin\Debug\net9.0\QuickStart.WebApiLayer.exe" ├╝zerine kopyalanamad─▒. 8 numaral─▒ yeniden denemeye 1000 ms i├ğinde ba┼şlanacak. The process cannot access the file 'C:\Users\lunap\OneDrive\Masa├╝st├╝\MyProjects\QuickStart1\QuickStart.WebApiLayer\bin\Debug\net9.0\QuickStart.WebApiLayer.exe' because it is being used by another process. Dosya ┼şunun taraf─▒ndan kilitlendi: "QuickStart.WebApiLayer (33384)" [C:\Users\lunap\OneDrive\Masa├╝st├╝\MyProjects\QuickStart1\QuickStart.WebApiLayer\QuickStart.WebApiLayer.csproj]
C:\Program Files\dotnet\sdk\10.0.201\Microsoft.Common.CurrentVersion.targets(5395,5): warning MSB3026: "C:\Users\lunap\OneDrive\Masa├╝st├╝\MyProjects\QuickStart1\QuickStartProject.WebUILayer\obj\Debug\net9.0\apphost.exe", "bin\Debug\net9.0\QuickStartProject.WebUILayer.exe" ├╝zerine kopyalanamad─▒. 7 numaral─▒ yeniden denemeye 1000 ms i├ğinde ba┼şlanacak. The process cannot access the file 'C:\Users\lunap\OneDrive\Masa├╝st├╝\MyProjects\QuickStart1\QuickStartProject.WebUILayer\bin\Debug\net9.0\QuickStartProject.WebUILayer.exe' because it is being used by another process. Dosya ┼şunun taraf─▒ndan kilitlendi: "QuickStartProject.WebUILayer (28880)" [C:\Users\lunap\OneDrive\Masa├╝st├╝\MyProjects\QuickStart1\QuickStartProject.WebUILayer\QuickStartProject.WebUILayer.csproj]
C:\Program Files\dotnet\sdk\10.0.201\Microsoft.Common.CurrentVersion.targets(5395,5): warning MSB3026: "C:\Users\lunap\OneDrive\Masa├╝st├╝\MyProjects\QuickStart1\QuickStart.WebApiLayer\obj\Debug\net9.0\apphost.exe", "bin\Debug\net9.0\QuickStart.WebApiLayer.exe" ├╝zerine kopyalanamad─▒. 9 numaral─▒ yeniden denemeye 1000 ms i├ğinde ba┼şlanacak. The process cannot access the file 'C:\Users\lunap\OneDrive\Masa├╝st├╝\MyProjects\QuickStart1\QuickStart.WebApiLayer\bin\Debug\net9.0\QuickStart.WebApiLayer.exe' because it is being used by another process. Dosya ┼şunun taraf─▒ndan kilitlendi: "QuickStart.WebApiLayer (33384)" [C:\Users\lunap\OneDrive\Masa├╝st├╝\MyProjects\QuickStart1\QuickStart.WebApiLayer\QuickStart.WebApiLayer.csproj]
C:\Program Files\dotnet\sdk\10.0.201\Microsoft.Common.CurrentVersion.targets(5395,5): warning MSB3026: "C:\Users\lunap\OneDrive\Masa├╝st├╝\MyProjects\QuickStart1\QuickStartProject.WebUILayer\obj\Debug\net9.0\apphost.exe", "bin\Debug\net9.0\QuickStartProject.WebUILayer.exe" ├╝zerine kopyalanamad─▒. 8 numaral─▒ yeniden denemeye 1000 ms i├ğinde ba┼şlanacak. The process cannot access the file 'C:\Users\lunap\OneDrive\Masa├╝st├╝\MyProjects\QuickStart1\QuickStartProject.WebUILayer\bin\Debug\net9.0\QuickStartProject.WebUILayer.exe' because it is being used by another process. Dosya ┼şunun taraf─▒ndan kilitlendi: "QuickStartProject.WebUILayer (28880)" [C:\Users\lunap\OneDrive\Masa├╝st├╝\MyProjects\QuickStart1\QuickStartProject.WebUILayer\QuickStartProject.WebUILayer.csproj]
C:\Program Files\dotnet\sdk\10.0.201\Microsoft.Common.CurrentVersion.targets(5395,5): warning MSB3026: "C:\Users\lunap\OneDrive\Masa├╝st├╝\MyProjects\QuickStart1\QuickStart.WebApiLayer\obj\Debug\net9.0\apphost.exe", "bin\Debug\net9.0\QuickStart.WebApiLayer.exe" ├╝zerine kopyalanamad─▒. 10 numaral─▒ yeniden denemeye 1000 ms i├ğinde ba┼şlanacak. The process cannot access the file 'C:\Users\lunap\OneDrive\Masa├╝st├╝\MyProjects\QuickStart1\QuickStart.WebApiLayer\bin\Debug\net9.0\QuickStart.WebApiLayer.exe' because it is being used by another process. Dosya ┼şunun taraf─▒ndan kilitlendi: "QuickStart.WebApiLayer (33384)" [C:\Users\lunap\OneDrive\Masa├╝st├╝\MyProjects\QuickStart1\QuickStart.WebApiLayer\QuickStart.WebApiLayer.csproj]
C:\Program Files\dotnet\sdk\10.0.201\Microsoft.Common.CurrentVersion.targets(5395,5): warning MSB3026: "C:\Users\lunap\OneDrive\Masa├╝st├╝\MyProjects\QuickStart1\QuickStartProject.WebUILayer\obj\Debug\net9.0\apphost.exe", "bin\Debug\net9.0\QuickStartProject.WebUILayer.exe" ├╝zerine kopyalanamad─▒. 9 numaral─▒ yeniden denemeye 1000 ms i├ğinde ba┼şlanacak. The process cannot access the file 'C:\Users\lunap\OneDrive\Masa├╝st├╝\MyProjects\QuickStart1\QuickStartProject.WebUILayer\bin\Debug\net9.0\QuickStartProject.WebUILayer.exe' because it is being used by another process. Dosya ┼şunun taraf─▒ndan kilitlendi: "QuickStartProject.WebUILayer (28880)" [C:\Users\lunap\OneDrive\Masa├╝st├╝\MyProjects\QuickStart1\QuickStartProject.WebUILayer\QuickStartProject.WebUILayer.csproj]
C:\Program Files\dotnet\sdk\10.0.201\Microsoft.Common.CurrentVersion.targets(5395,5): warning MSB3026: "C:\Users\lunap\OneDrive\Masa├╝st├╝\MyProjects\QuickStart1\QuickStartProject.WebUILayer\obj\Debug\net9.0\apphost.exe", "bin\Debug\net9.0\QuickStartProject.WebUILayer.exe" ├╝zerine kopyalanamad─▒. 10 numaral─▒ yeniden denemeye 1000 ms i├ğinde ba┼şlanacak. The process cannot access the file 'C:\Users\lunap\OneDrive\Masa├╝st├╝\MyProjects\QuickStart1\QuickStartProject.WebUILayer\bin\Debug\net9.0\QuickStartProject.WebUILayer.exe' because it is being used by another process. Dosya ┼şunun taraf─▒ndan kilitlendi: "QuickStartProject.WebUILayer (28880)" [C:\Users\lunap\OneDrive\Masa├╝st├╝\MyProjects\QuickStart1\QuickStartProject.WebUILayer\QuickStartProject.WebUILayer.csproj]
C:\Program Files\dotnet\sdk\10.0.201\Microsoft.Common.CurrentVersion.targets(5395,5): error MSB3027: "C:\Users\lunap\OneDrive\Masa├╝st├╝\MyProjects\QuickStart1\QuickStart.WebApiLayer\obj\Debug\net9.0\apphost.exe", "bin\Debug\net9.0\QuickStart.WebApiLayer.exe" ├╝zerine kopyalanamad─▒. 10 yeniden deneme say─▒s─▒ a┼ş─▒ld─▒. Ba┼şar─▒s─▒z oldu. Dosya ┼şunun taraf─▒ndan kilitlendi: "QuickStart.WebApiLayer (33384)" [C:\Users\lunap\OneDrive\Masa├╝st├╝\MyProjects\QuickStart1\QuickStart.WebApiLayer\QuickStart.WebApiLayer.csproj]
C:\Program Files\dotnet\sdk\10.0.201\Microsoft.Common.CurrentVersion.targets(5395,5): error MSB3021: "C:\Users\lunap\OneDrive\Masa├╝st├╝\MyProjects\QuickStart1\QuickStart.WebApiLayer\obj\Debug\net9.0\apphost.exe" dosyas─▒ "bin\Debug\net9.0\QuickStart.WebApiLayer.exe" ├╝zerine kopyalanam─▒yor. The process cannot access the file 'C:\Users\lunap\OneDrive\Masa├╝st├╝\MyProjects\QuickStart1\QuickStart.WebApiLayer\bin\Debug\net9.0\QuickStart.WebApiLayer.exe' because it is being used by another process. [C:\Users\lunap\OneDrive\Masa├╝st├╝\MyProjects\QuickStart1\QuickStart.WebApiLayer\QuickStart.WebApiLayer.csproj]
C:\Program Files\dotnet\sdk\10.0.201\Microsoft.Common.CurrentVersion.targets(5395,5): error MSB3027: "C:\Users\lunap\OneDrive\Masa├╝st├╝\MyProjects\QuickStart1\QuickStartProject.WebUILayer\obj\Debug\net9.0\apphost.exe", "bin\Debug\net9.0\QuickStartProject.WebUILayer.exe" ├╝zerine kopyalanamad─▒. 10 yeniden deneme say─▒s─▒ a┼ş─▒ld─▒. Ba┼şar─▒s─▒z oldu. Dosya ┼şunun taraf─▒ndan kilitlendi: "QuickStartProject.WebUILayer (28880)" [C:\Users\lunap\OneDrive\Masa├╝st├╝\MyProjects\QuickStart1\QuickStartProject.WebUILayer\QuickStartProject.WebUILayer.csproj]
C:\Program Files\dotnet\sdk\10.0.201\Microsoft.Common.CurrentVersion.targets(5395,5): error MSB3021: "C:\Users\lunap\OneDrive\Masa├╝st├╝\MyProjects\QuickStart1\QuickStartProject.WebUILayer\obj\Debug\net9.0\apphost.exe" dosyas─▒ "bin\Debug\net9.0\QuickStartProject.WebUILayer.exe" ├╝zerine kopyalanam─▒yor. The process cannot access the file 'C:\Users\lunap\OneDrive\Masa├╝st├╝\MyProjects\QuickStart1\QuickStartProject.WebUILayer\bin\Debug\net9.0\QuickStartProject.WebUILayer.exe' because it is being used by another process. [C:\Users\lunap\OneDrive\Masa├╝st├╝\MyProjects\QuickStart1\QuickStartProject.WebUILayer\QuickStartProject.WebUILayer.csproj]
    315 Uyar─▒
    4 Hata

Ge├ğen S├╝re 00:00:15.67
